hi how
iam from anantapur

<pre>[root@localhost ~]# ifconfig
ens33: flags=4163&lt;UP,BROADCAST,RUNNING,MULTICAST&gt;  mtu 1500
        inet 192.168.117.129  netmask 255.255.255.0  broadcast 192.168.117.255
        inet6 fe80::f189:e19b:ad8:5b23  prefixlen 64  scopeid 0x20&lt;link&gt;
        ether 00:0c:29:1a:02:28  txqueuelen 1000  (Ethernet)
        RX packets 111  bytes 13944 (13.6 KiB)
        RX errors 0  dropped 0  overruns 0  frame 0
        TX packets 155  bytes 14039 (13.7 KiB)
        TX errors 0  dropped 0 overruns 0  carrier 0  collisions 0

lo: flags=73&lt;UP,LOOPBACK,RUNNING&gt;  mtu 65536
        inet 127.0.0.1  netmask 255.0.0.0
        inet6 ::1  prefixlen 128  scopeid 0x10&lt;host&gt;
        loop  txqueuelen 1000  (Local Loopback)
        RX packets 48  bytes 4080 (3.9 KiB)
        RX errors 0  dropped 0  overruns 0  frame 0
        TX packets 48  bytes 4080 (3.9 KiB)
        TX errors 0  dropped 0 overruns 0  carrier 0  collisions 0

virbr0: flags=4099&lt;UP,BROADCAST,MULTICAST&gt;  mtu 1500
        inet 192.168.122.1  netmask 255.255.255.0  broadcast 192.168.122.255
        ether 52:54:00:48:6a:7a  txqueuelen 1000  (Ethernet)
        RX packets 0  bytes 0 (0.0 B)
        RX errors 0  dropped 0  overruns 0  frame 0
        TX packets 0  bytes 0 (0.0 B)
        TX errors 0  dropped 0 overruns 0  carrier 0  collisions 0

[root@localhost ~]# ll
total 8
-rw-------. 1 root root 2084 Aug 29 21:24 anaconda-ks.cfg
drwxr-xr-x. 4 root root  168 Feb 10 10:42 <font color="#005FFF">Desktop</font>
drwxr-xr-x. 2 root root    6 Aug 29 21:27 <font color="#005FFF">Documents</font>
drwxr-xr-x. 2 root root    6 Aug 29 21:27 <font color="#005FFF">Downloads</font>
-rw-r--r--. 1 root root 2132 Aug 29 21:27 initial-setup-ks.cfg
drwxr-xr-x. 2 root root    6 Aug 29 21:27 <font color="#005FFF">Music</font>
drwxr-xr-x. 2 root root    6 Aug 29 21:27 <font color="#005FFF">Pictures</font>
drwxr-xr-x. 2 root root    6 Aug 29 21:27 <font color="#005FFF">Public</font>
drwxr-xr-x. 2 root root    6 Aug 29 21:27 <font color="#005FFF">Templates</font>
drwxr-xr-x. 2 root root    6 Aug 29 21:27 <font color="#005FFF">Videos</font>
[root@localhost ~]# cd Desktop
[root@localhost Desktop]# ll
total 359488
-rw-r--r--. 1 root root   9506321 Dec 12 10:44 <font color="#EF2929">apache-maven-3.6.3-bin.tar.gz</font>
-rw-r--r--. 1 root root   9722154 Aug 29 20:38 <font color="#EF2929">apache-tomcat-8.5.45.tar.gz</font>
drwxr-xr-x. 3 root root       169 Feb  6 11:41 <font color="#005FFF">javaproject1</font>
-rw-r--r--. 1 root root 194151339 Nov 27 10:24 <font color="#EF2929">jdk-8u231-linux-x64.tar.gz</font>
-rw-r--r--. 1 root root  63433755 Dec 26 13:22 <font color="#EF2929">jenkins.war</font>
drwxr-xr-x. 3 root root        18 Feb  6 11:47 <font color="#005FFF">testtoday</font>
[root@localhost Desktop]# cp apache-maven-3.6.3-bin.tar.gz apache-tomcat-8.5.45.tar.gz /opt/
[root@localhost Desktop]# cd opt
bash: cd: opt: No such file or directory
[root@localhost Desktop]# cd /opt
[root@localhost opt]# ll
total 18780
-rw-r--r--. 1 root root 9506321 Feb 10 10:45 <font color="#EF2929">apache-maven-3.6.3-bin.tar.gz</font>
-rw-r--r--. 1 root root 9722154 Feb 10 10:45 <font color="#EF2929">apache-tomcat-8.5.45.tar.gz</font>
drwxr-xr-x. 2 root root       6 Oct 31  2018 <font color="#005FFF">rh</font>
[root@localhost opt]# cp /root/Desktop/j
javaproject1/               jdk-8u231-linux-x64.tar.gz  jenkins.war                 
[root@localhost opt]# cp /root/Desktop/jdk-8u231-linux-x64.tar.gz /opt
[root@localhost opt]# ll
total 208384
-rw-r--r--. 1 root root   9506321 Feb 10 10:45 <font color="#EF2929">apache-maven-3.6.3-bin.tar.gz</font>
-rw-r--r--. 1 root root   9722154 Feb 10 10:45 <font color="#EF2929">apache-tomcat-8.5.45.tar.gz</font>
-rw-r--r--. 1 root root 194151339 Feb 10 10:51 <font color="#EF2929">jdk-8u231-linux-x64.tar.gz</font>
drwxr-xr-x. 2 root root         6 Oct 31  2018 <font color="#005FFF">rh</font>
[root@localhost opt]# tar -xvf apache-maven-3.6.3-bin.tar.gz 
apache-maven-3.6.3/README.txt
apache-maven-3.6.3/LICENSE
apache-maven-3.6.3/NOTICE
apache-maven-3.6.3/lib/
apache-maven-3.6.3/lib/cdi-api.license
apache-maven-3.6.3/lib/commons-cli.license
apache-maven-3.6.3/lib/commons-io.license
apache-maven-3.6.3/lib/commons-lang3.license
apache-maven-3.6.3/lib/guava.license
apache-maven-3.6.3/lib/guice.license
apache-maven-3.6.3/lib/jansi.license
apache-maven-3.6.3/lib/javax.inject.license
apache-maven-3.6.3/lib/jcl-over-slf4j.license
apache-maven-3.6.3/lib/jsoup.license
apache-maven-3.6.3/lib/jsr250-api.license
apache-maven-3.6.3/lib/org.eclipse.sisu.inject.license
apache-maven-3.6.3/lib/org.eclipse.sisu.plexus.license
apache-maven-3.6.3/lib/plexus-cipher.license
apache-maven-3.6.3/lib/plexus-component-annotations.license
apache-maven-3.6.3/lib/plexus-interpolation.license
apache-maven-3.6.3/lib/plexus-sec-dispatcher.license
apache-maven-3.6.3/lib/plexus-utils.license
apache-maven-3.6.3/lib/slf4j-api.license
apache-maven-3.6.3/boot/
apache-maven-3.6.3/boot/plexus-classworlds.license
apache-maven-3.6.3/lib/jansi-native/
apache-maven-3.6.3/lib/jansi-native/freebsd32/
apache-maven-3.6.3/lib/jansi-native/freebsd64/
apache-maven-3.6.3/lib/jansi-native/linux32/
apache-maven-3.6.3/lib/jansi-native/linux64/
apache-maven-3.6.3/lib/jansi-native/osx/
apache-maven-3.6.3/lib/jansi-native/windows32/
apache-maven-3.6.3/lib/jansi-native/windows64/
apache-maven-3.6.3/lib/jansi-native/freebsd32/libjansi.so
apache-maven-3.6.3/lib/jansi-native/freebsd64/libjansi.so
apache-maven-3.6.3/lib/jansi-native/linux32/libjansi.so
apache-maven-3.6.3/lib/jansi-native/linux64/libjansi.so
apache-maven-3.6.3/lib/jansi-native/osx/libjansi.jnilib
apache-maven-3.6.3/lib/jansi-native/windows32/jansi.dll
apache-maven-3.6.3/lib/jansi-native/windows64/jansi.dll
apache-maven-3.6.3/bin/m2.conf
apache-maven-3.6.3/bin/mvn.cmd
apache-maven-3.6.3/bin/mvnDebug.cmd
apache-maven-3.6.3/bin/mvn
apache-maven-3.6.3/bin/mvnDebug
apache-maven-3.6.3/bin/mvnyjp
apache-maven-3.6.3/conf/
apache-maven-3.6.3/conf/logging/
apache-maven-3.6.3/conf/logging/simplelogger.properties
apache-maven-3.6.3/conf/settings.xml
apache-maven-3.6.3/conf/toolchains.xml
apache-maven-3.6.3/lib/ext/
apache-maven-3.6.3/lib/jansi-native/
apache-maven-3.6.3/lib/ext/README.txt
apache-maven-3.6.3/lib/jansi-native/README.txt
apache-maven-3.6.3/boot/plexus-classworlds-2.6.0.jar
apache-maven-3.6.3/lib/maven-embedder-3.6.3.jar
apache-maven-3.6.3/lib/maven-settings-3.6.3.jar
apache-maven-3.6.3/lib/maven-settings-builder-3.6.3.jar
apache-maven-3.6.3/lib/maven-plugin-api-3.6.3.jar
apache-maven-3.6.3/lib/maven-model-3.6.3.jar
apache-maven-3.6.3/lib/maven-model-builder-3.6.3.jar
apache-maven-3.6.3/lib/maven-builder-support-3.6.3.jar
apache-maven-3.6.3/lib/maven-resolver-api-1.4.1.jar
apache-maven-3.6.3/lib/maven-resolver-util-1.4.1.jar
apache-maven-3.6.3/lib/maven-shared-utils-3.2.1.jar
apache-maven-3.6.3/lib/commons-io-2.5.jar
apache-maven-3.6.3/lib/guice-4.2.1-no_aop.jar
apache-maven-3.6.3/lib/guava-25.1-android.jar
apache-maven-3.6.3/lib/javax.inject-1.jar
apache-maven-3.6.3/lib/jsr250-api-1.0.jar
apache-maven-3.6.3/lib/plexus-utils-3.2.1.jar
apache-maven-3.6.3/lib/plexus-sec-dispatcher-1.4.jar
apache-maven-3.6.3/lib/plexus-cipher-1.7.jar
apache-maven-3.6.3/lib/slf4j-api-1.7.29.jar
apache-maven-3.6.3/lib/commons-lang3-3.8.1.jar
apache-maven-3.6.3/lib/maven-core-3.6.3.jar
apache-maven-3.6.3/lib/maven-repository-metadata-3.6.3.jar
apache-maven-3.6.3/lib/maven-artifact-3.6.3.jar
apache-maven-3.6.3/lib/maven-resolver-provider-3.6.3.jar
apache-maven-3.6.3/lib/maven-resolver-impl-1.4.1.jar
apache-maven-3.6.3/lib/maven-resolver-spi-1.4.1.jar
apache-maven-3.6.3/lib/org.eclipse.sisu.inject-0.3.4.jar
apache-maven-3.6.3/lib/plexus-component-annotations-2.1.0.jar
apache-maven-3.6.3/lib/maven-compat-3.6.3.jar
apache-maven-3.6.3/lib/plexus-interpolation-1.25.jar
apache-maven-3.6.3/lib/wagon-provider-api-3.3.4.jar
apache-maven-3.6.3/lib/org.eclipse.sisu.plexus-0.3.4.jar
apache-maven-3.6.3/lib/cdi-api-1.0.jar
apache-maven-3.6.3/lib/commons-cli-1.4.jar
apache-maven-3.6.3/lib/wagon-http-3.3.4-shaded.jar
apache-maven-3.6.3/lib/jsoup-1.12.1.jar
apache-maven-3.6.3/lib/jcl-over-slf4j-1.7.29.jar
apache-maven-3.6.3/lib/wagon-file-3.3.4.jar
apache-maven-3.6.3/lib/maven-resolver-connector-basic-1.4.1.jar
apache-maven-3.6.3/lib/maven-resolver-transport-wagon-1.4.1.jar
apache-maven-3.6.3/lib/maven-slf4j-provider-3.6.3.jar
apache-maven-3.6.3/lib/jansi-1.17.1.jar
[root@localhost opt]# ll
total 208384
drwxr-xr-x. 6 root root        99 Feb 10 10:54 <font color="#005FFF">apache-maven-3.6.3</font>
-rw-r--r--. 1 root root   9506321 Feb 10 10:45 <font color="#EF2929">apache-maven-3.6.3-bin.tar.gz</font>
-rw-r--r--. 1 root root   9722154 Feb 10 10:45 <font color="#EF2929">apache-tomcat-8.5.45.tar.gz</font>
-rw-r--r--. 1 root root 194151339 Feb 10 10:51 <font color="#EF2929">jdk-8u231-linux-x64.tar.gz</font>
drwxr-xr-x. 2 root root         6 Oct 31  2018 <font color="#005FFF">rh</font>
[root@localhost opt]# mv apache-maven-3.6.3 Maven
[root@localhost opt]# ll
total 208384
-rw-r--r--. 1 root root   9506321 Feb 10 10:45 <font color="#EF2929">apache-maven-3.6.3-bin.tar.gz</font>
-rw-r--r--. 1 root root   9722154 Feb 10 10:45 <font color="#EF2929">apache-tomcat-8.5.45.tar.gz</font>
-rw-r--r--. 1 root root 194151339 Feb 10 10:51 <font color="#EF2929">jdk-8u231-linux-x64.tar.gz</font>
drwxr-xr-x. 6 root root        99 Feb 10 10:54 <font color="#005FFF">Maven</font>
drwxr-xr-x. 2 root root         6 Oct 31  2018 <font color="#005FFF">rh</font>
[root@localhost opt]# tar -xvf apache-tomcat-8.5.45.tar.gz 
apache-tomcat-8.5.45/conf/
apache-tomcat-8.5.45/conf/catalina.policy
apache-tomcat-8.5.45/conf/catalina.properties
apache-tomcat-8.5.45/conf/context.xml
apache-tomcat-8.5.45/conf/jaspic-providers.xml
apache-tomcat-8.5.45/conf/jaspic-providers.xsd
apache-tomcat-8.5.45/conf/logging.properties
apache-tomcat-8.5.45/conf/server.xml
apache-tomcat-8.5.45/conf/tomcat-users.xml
apache-tomcat-8.5.45/conf/tomcat-users.xsd
apache-tomcat-8.5.45/conf/web.xml
apache-tomcat-8.5.45/bin/
apache-tomcat-8.5.45/lib/
apache-tomcat-8.5.45/logs/
apache-tomcat-8.5.45/temp/
apache-tomcat-8.5.45/webapps/
apache-tomcat-8.5.45/webapps/ROOT/
apache-tomcat-8.5.45/webapps/ROOT/WEB-INF/
apache-tomcat-8.5.45/webapps/docs/
apache-tomcat-8.5.45/webapps/docs/WEB-INF/
apache-tomcat-8.5.45/webapps/docs/api/
apache-tomcat-8.5.45/webapps/docs/appdev/
apache-tomcat-8.5.45/webapps/docs/appdev/sample/
apache-tomcat-8.5.45/webapps/docs/appdev/sample/docs/
apache-tomcat-8.5.45/webapps/docs/appdev/sample/src/
apache-tomcat-8.5.45/webapps/docs/appdev/sample/src/mypackage/
apache-tomcat-8.5.45/webapps/docs/appdev/sample/web/
apache-tomcat-8.5.45/webapps/docs/appdev/sample/web/WEB-INF/
apache-tomcat-8.5.45/webapps/docs/appdev/sample/web/images/
apache-tomcat-8.5.45/webapps/docs/architecture/
apache-tomcat-8.5.45/webapps/docs/architecture/requestProcess/
apache-tomcat-8.5.45/webapps/docs/architecture/startup/
apache-tomcat-8.5.45/webapps/docs/config/
apache-tomcat-8.5.45/webapps/docs/elapi/
apache-tomcat-8.5.45/webapps/docs/funcspecs/
apache-tomcat-8.5.45/webapps/docs/images/
apache-tomcat-8.5.45/webapps/docs/images/fonts/
apache-tomcat-8.5.45/webapps/docs/jspapi/
apache-tomcat-8.5.45/webapps/docs/servletapi/
apache-tomcat-8.5.45/webapps/docs/tribes/
apache-tomcat-8.5.45/webapps/docs/websocketapi/
apache-tomcat-8.5.45/webapps/examples/
apache-tomcat-8.5.45/webapps/examples/WEB-INF/
apache-tomcat-8.5.45/webapps/examples/WEB-INF/classes/
apache-tomcat-8.5.45/webapps/examples/WEB-INF/classes/async/
apache-tomcat-8.5.45/webapps/examples/WEB-INF/classes/cal/
apache-tomcat-8.5.45/webapps/examples/WEB-INF/classes/checkbox/
apache-tomcat-8.5.45/webapps/examples/WEB-INF/classes/colors/
apache-tomcat-8.5.45/webapps/examples/WEB-INF/classes/compressionFilters/
apache-tomcat-8.5.45/webapps/examples/WEB-INF/classes/dates/
apache-tomcat-8.5.45/webapps/examples/WEB-INF/classes/error/
apache-tomcat-8.5.45/webapps/examples/WEB-INF/classes/examples/
apache-tomcat-8.5.45/webapps/examples/WEB-INF/classes/filters/
apache-tomcat-8.5.45/webapps/examples/WEB-INF/classes/jsp2/
apache-tomcat-8.5.45/webapps/examples/WEB-INF/classes/jsp2/examples/
apache-tomcat-8.5.45/webapps/examples/WEB-INF/classes/jsp2/examples/el/
apache-tomcat-8.5.45/webapps/examples/WEB-INF/classes/jsp2/examples/simpletag/
apache-tomcat-8.5.45/webapps/examples/WEB-INF/classes/listeners/
apache-tomcat-8.5.45/webapps/examples/WEB-INF/classes/nonblocking/
apache-tomcat-8.5.45/webapps/examples/WEB-INF/classes/num/
apache-tomcat-8.5.45/webapps/examples/WEB-INF/classes/sessions/
apache-tomcat-8.5.45/webapps/examples/WEB-INF/classes/util/
apache-tomcat-8.5.45/webapps/examples/WEB-INF/classes/validators/
apache-tomcat-8.5.45/webapps/examples/WEB-INF/classes/websocket/
apache-tomcat-8.5.45/webapps/examples/WEB-INF/classes/websocket/chat/
apache-tomcat-8.5.45/webapps/examples/WEB-INF/classes/websocket/drawboard/
apache-tomcat-8.5.45/webapps/examples/WEB-INF/classes/websocket/drawboard/wsmessages/
apache-tomcat-8.5.45/webapps/examples/WEB-INF/classes/websocket/echo/
apache-tomcat-8.5.45/webapps/examples/WEB-INF/classes/websocket/snake/
apache-tomcat-8.5.45/webapps/examples/WEB-INF/jsp/
apache-tomcat-8.5.45/webapps/examples/WEB-INF/jsp2/
apache-tomcat-8.5.45/webapps/examples/WEB-INF/jsp/applet/
apache-tomcat-8.5.45/webapps/examples/WEB-INF/lib/
apache-tomcat-8.5.45/webapps/examples/WEB-INF/tags/
apache-tomcat-8.5.45/webapps/examples/jsp/
apache-tomcat-8.5.45/webapps/examples/jsp/async/
apache-tomcat-8.5.45/webapps/examples/jsp/cal/
apache-tomcat-8.5.45/webapps/examples/jsp/checkbox/
apache-tomcat-8.5.45/webapps/examples/jsp/colors/
apache-tomcat-8.5.45/webapps/examples/jsp/dates/
apache-tomcat-8.5.45/webapps/examples/jsp/error/
apache-tomcat-8.5.45/webapps/examples/jsp/forward/
apache-tomcat-8.5.45/webapps/examples/jsp/images/
apache-tomcat-8.5.45/webapps/examples/jsp/include/
apache-tomcat-8.5.45/webapps/examples/jsp/jsp2/
apache-tomcat-8.5.45/webapps/examples/jsp/jsp2/el/
apache-tomcat-8.5.45/webapps/examples/jsp/jsp2/jspattribute/
apache-tomcat-8.5.45/webapps/examples/jsp/jsp2/jspx/
apache-tomcat-8.5.45/webapps/examples/jsp/jsp2/misc/
apache-tomcat-8.5.45/webapps/examples/jsp/jsp2/simpletag/
apache-tomcat-8.5.45/webapps/examples/jsp/jsp2/tagfiles/
apache-tomcat-8.5.45/webapps/examples/jsp/jsptoserv/
apache-tomcat-8.5.45/webapps/examples/jsp/num/
apache-tomcat-8.5.45/webapps/examples/jsp/plugin/
apache-tomcat-8.5.45/webapps/examples/jsp/plugin/applet/
apache-tomcat-8.5.45/webapps/examples/jsp/security/
apache-tomcat-8.5.45/webapps/examples/jsp/security/protected/
apache-tomcat-8.5.45/webapps/examples/jsp/sessions/
apache-tomcat-8.5.45/webapps/examples/jsp/simpletag/
apache-tomcat-8.5.45/webapps/examples/jsp/snp/
apache-tomcat-8.5.45/webapps/examples/jsp/tagplugin/
apache-tomcat-8.5.45/webapps/examples/jsp/xml/
apache-tomcat-8.5.45/webapps/examples/servlets/
apache-tomcat-8.5.45/webapps/examples/servlets/images/
apache-tomcat-8.5.45/webapps/examples/servlets/nonblocking/
apache-tomcat-8.5.45/webapps/examples/websocket/
apache-tomcat-8.5.45/webapps/host-manager/
apache-tomcat-8.5.45/webapps/host-manager/META-INF/
apache-tomcat-8.5.45/webapps/host-manager/WEB-INF/
apache-tomcat-8.5.45/webapps/host-manager/WEB-INF/jsp/
apache-tomcat-8.5.45/webapps/host-manager/images/
apache-tomcat-8.5.45/webapps/manager/
apache-tomcat-8.5.45/webapps/manager/META-INF/
apache-tomcat-8.5.45/webapps/manager/WEB-INF/
apache-tomcat-8.5.45/webapps/manager/WEB-INF/jsp/
apache-tomcat-8.5.45/webapps/manager/images/
apache-tomcat-8.5.45/work/
apache-tomcat-8.5.45/BUILDING.txt
apache-tomcat-8.5.45/CONTRIBUTING.md
apache-tomcat-8.5.45/LICENSE
apache-tomcat-8.5.45/NOTICE
apache-tomcat-8.5.45/README.md
apache-tomcat-8.5.45/RELEASE-NOTES
apache-tomcat-8.5.45/RUNNING.txt
apache-tomcat-8.5.45/bin/bootstrap.jar
apache-tomcat-8.5.45/bin/catalina-tasks.xml
apache-tomcat-8.5.45/bin/catalina.bat
apache-tomcat-8.5.45/bin/ciphers.bat
apache-tomcat-8.5.45/bin/commons-daemon-native.tar.gz
apache-tomcat-8.5.45/bin/commons-daemon.jar
apache-tomcat-8.5.45/bin/configtest.bat
apache-tomcat-8.5.45/bin/digest.bat
apache-tomcat-8.5.45/bin/setclasspath.bat
apache-tomcat-8.5.45/bin/shutdown.bat
apache-tomcat-8.5.45/bin/startup.bat
apache-tomcat-8.5.45/bin/tomcat-juli.jar
apache-tomcat-8.5.45/bin/tomcat-native.tar.gz
apache-tomcat-8.5.45/bin/tool-wrapper.bat
apache-tomcat-8.5.45/bin/version.bat
apache-tomcat-8.5.45/lib/annotations-api.jar
apache-tomcat-8.5.45/lib/catalina-ant.jar
apache-tomcat-8.5.45/lib/catalina-ha.jar
apache-tomcat-8.5.45/lib/catalina-storeconfig.jar
apache-tomcat-8.5.45/lib/catalina-tribes.jar
apache-tomcat-8.5.45/lib/catalina.jar
apache-tomcat-8.5.45/lib/ecj-4.6.3.jar
apache-tomcat-8.5.45/lib/el-api.jar
apache-tomcat-8.5.45/lib/jasper-el.jar
apache-tomcat-8.5.45/lib/jasper.jar
apache-tomcat-8.5.45/lib/jaspic-api.jar
apache-tomcat-8.5.45/lib/jsp-api.jar
apache-tomcat-8.5.45/lib/servlet-api.jar
apache-tomcat-8.5.45/lib/tomcat-api.jar
apache-tomcat-8.5.45/lib/tomcat-coyote.jar
apache-tomcat-8.5.45/lib/tomcat-dbcp.jar
apache-tomcat-8.5.45/lib/tomcat-i18n-es.jar
apache-tomcat-8.5.45/lib/tomcat-i18n-fr.jar
apache-tomcat-8.5.45/lib/tomcat-i18n-ja.jar
apache-tomcat-8.5.45/lib/tomcat-i18n-ru.jar
apache-tomcat-8.5.45/lib/tomcat-jdbc.jar
apache-tomcat-8.5.45/lib/tomcat-jni.jar
apache-tomcat-8.5.45/lib/tomcat-util-scan.jar
apache-tomcat-8.5.45/lib/tomcat-util.jar
apache-tomcat-8.5.45/lib/tomcat-websocket.jar
apache-tomcat-8.5.45/lib/websocket-api.jar
apache-tomcat-8.5.45/temp/safeToDelete.tmp
apache-tomcat-8.5.45/webapps/ROOT/RELEASE-NOTES.txt
apache-tomcat-8.5.45/webapps/ROOT/WEB-INF/web.xml
apache-tomcat-8.5.45/webapps/ROOT/asf-logo-wide.svg
apache-tomcat-8.5.45/webapps/ROOT/bg-button.png
apache-tomcat-8.5.45/webapps/ROOT/bg-middle.png
apache-tomcat-8.5.45/webapps/ROOT/bg-nav.png
apache-tomcat-8.5.45/webapps/ROOT/bg-upper.png
apache-tomcat-8.5.45/webapps/ROOT/favicon.ico
apache-tomcat-8.5.45/webapps/ROOT/index.jsp
apache-tomcat-8.5.45/webapps/ROOT/tomcat-power.gif
apache-tomcat-8.5.45/webapps/ROOT/tomcat.css
apache-tomcat-8.5.45/webapps/ROOT/tomcat.gif
apache-tomcat-8.5.45/webapps/ROOT/tomcat.png
apache-tomcat-8.5.45/webapps/ROOT/tomcat.svg
apache-tomcat-8.5.45/webapps/docs/BUILDING.txt
apache-tomcat-8.5.45/webapps/docs/RELEASE-NOTES.txt
apache-tomcat-8.5.45/webapps/docs/RUNNING.txt
apache-tomcat-8.5.45/webapps/docs/WEB-INF/web.xml
apache-tomcat-8.5.45/webapps/docs/aio.html
apache-tomcat-8.5.45/webapps/docs/api/index.html
apache-tomcat-8.5.45/webapps/docs/appdev/build.xml.txt
apache-tomcat-8.5.45/webapps/docs/appdev/deployment.html
apache-tomcat-8.5.45/webapps/docs/appdev/index.html
apache-tomcat-8.5.45/webapps/docs/appdev/installation.html
apache-tomcat-8.5.45/webapps/docs/appdev/introduction.html
apache-tomcat-8.5.45/webapps/docs/appdev/processes.html
apache-tomcat-8.5.45/webapps/docs/appdev/sample/build.xml
apache-tomcat-8.5.45/webapps/docs/appdev/sample/docs/README.txt
apache-tomcat-8.5.45/webapps/docs/appdev/sample/index.html
apache-tomcat-8.5.45/webapps/docs/appdev/sample/sample.war
apache-tomcat-8.5.45/webapps/docs/appdev/sample/src/mypackage/Hello.java
apache-tomcat-8.5.45/webapps/docs/appdev/sample/web/WEB-INF/web.xml
apache-tomcat-8.5.45/webapps/docs/appdev/sample/web/hello.jsp
apache-tomcat-8.5.45/webapps/docs/appdev/sample/web/images/tomcat.gif
apache-tomcat-8.5.45/webapps/docs/appdev/sample/web/index.html
apache-tomcat-8.5.45/webapps/docs/appdev/source.html
apache-tomcat-8.5.45/webapps/docs/appdev/web.xml.txt
apache-tomcat-8.5.45/webapps/docs/apr.html
apache-tomcat-8.5.45/webapps/docs/architecture/index.html
apache-tomcat-8.5.45/webapps/docs/architecture/overview.html
apache-tomcat-8.5.45/webapps/docs/architecture/requestProcess.html
apache-tomcat-8.5.45/webapps/docs/architecture/requestProcess/authentication-process.png
apache-tomcat-8.5.45/webapps/docs/architecture/requestProcess/request-process.png
apache-tomcat-8.5.45/webapps/docs/architecture/startup.html
apache-tomcat-8.5.45/webapps/docs/architecture/startup/serverStartup.pdf
apache-tomcat-8.5.45/webapps/docs/architecture/startup/serverStartup.txt
apache-tomcat-8.5.45/webapps/docs/balancer-howto.html
apache-tomcat-8.5.45/webapps/docs/building.html
apache-tomcat-8.5.45/webapps/docs/cgi-howto.html
apache-tomcat-8.5.45/webapps/docs/changelog.html
apache-tomcat-8.5.45/webapps/docs/class-loader-howto.html
apache-tomcat-8.5.45/webapps/docs/cluster-howto.html
apache-tomcat-8.5.45/webapps/docs/comments.html
apache-tomcat-8.5.45/webapps/docs/config/ajp.html
apache-tomcat-8.5.45/webapps/docs/config/automatic-deployment.html
apache-tomcat-8.5.45/webapps/docs/config/cluster-channel.html
apache-tomcat-8.5.45/webapps/docs/config/cluster-deployer.html
apache-tomcat-8.5.45/webapps/docs/config/cluster-interceptor.html
apache-tomcat-8.5.45/webapps/docs/config/cluster-listener.html
apache-tomcat-8.5.45/webapps/docs/config/cluster-manager.html
apache-tomcat-8.5.45/webapps/docs/config/cluster-membership.html
apache-tomcat-8.5.45/webapps/docs/config/cluster-receiver.html
apache-tomcat-8.5.45/webapps/docs/config/cluster-sender.html
apache-tomcat-8.5.45/webapps/docs/config/cluster-valve.html
apache-tomcat-8.5.45/webapps/docs/config/cluster.html
apache-tomcat-8.5.45/webapps/docs/config/context.html
apache-tomcat-8.5.45/webapps/docs/config/cookie-processor.html
apache-tomcat-8.5.45/webapps/docs/config/credentialhandler.html
apache-tomcat-8.5.45/webapps/docs/config/engine.html
apache-tomcat-8.5.45/webapps/docs/config/executor.html
apache-tomcat-8.5.45/webapps/docs/config/filter.html
apache-tomcat-8.5.45/webapps/docs/config/globalresources.html
apache-tomcat-8.5.45/webapps/docs/config/host.html
apache-tomcat-8.5.45/webapps/docs/config/http.html
apache-tomcat-8.5.45/webapps/docs/config/http2.html
apache-tomcat-8.5.45/webapps/docs/config/index.html
apache-tomcat-8.5.45/webapps/docs/config/jar-scan-filter.html
apache-tomcat-8.5.45/webapps/docs/config/jar-scanner.html
apache-tomcat-8.5.45/webapps/docs/config/jaspic.html
apache-tomcat-8.5.45/webapps/docs/config/listeners.html
apache-tomcat-8.5.45/webapps/docs/config/loader.html
apache-tomcat-8.5.45/webapps/docs/config/manager.html
apache-tomcat-8.5.45/webapps/docs/config/realm.html
apache-tomcat-8.5.45/webapps/docs/config/resources.html
apache-tomcat-8.5.45/webapps/docs/config/server.html
apache-tomcat-8.5.45/webapps/docs/config/service.html
apache-tomcat-8.5.45/webapps/docs/config/sessionidgenerator.html
apache-tomcat-8.5.45/webapps/docs/config/systemprops.html
apache-tomcat-8.5.45/webapps/docs/config/valve.html
apache-tomcat-8.5.45/webapps/docs/connectors.html
apache-tomcat-8.5.45/webapps/docs/default-servlet.html
apache-tomcat-8.5.45/webapps/docs/deployer-howto.html
apache-tomcat-8.5.45/webapps/docs/developers.html
apache-tomcat-8.5.45/webapps/docs/elapi/index.html
apache-tomcat-8.5.45/webapps/docs/extras.html
apache-tomcat-8.5.45/webapps/docs/funcspecs/fs-admin-apps.html
apache-tomcat-8.5.45/webapps/docs/funcspecs/fs-admin-objects.html
apache-tomcat-8.5.45/webapps/docs/funcspecs/fs-admin-opers.html
apache-tomcat-8.5.45/webapps/docs/funcspecs/fs-default.html
apache-tomcat-8.5.45/webapps/docs/funcspecs/fs-jdbc-realm.html
apache-tomcat-8.5.45/webapps/docs/funcspecs/fs-jndi-realm.html
apache-tomcat-8.5.45/webapps/docs/funcspecs/fs-memory-realm.html
apache-tomcat-8.5.45/webapps/docs/funcspecs/index.html
apache-tomcat-8.5.45/webapps/docs/funcspecs/mbean-names.html
apache-tomcat-8.5.45/webapps/docs/host-manager-howto.html
apache-tomcat-8.5.45/webapps/docs/html-host-manager-howto.html
apache-tomcat-8.5.45/webapps/docs/html-manager-howto.html
apache-tomcat-8.5.45/webapps/docs/images/add.gif
apache-tomcat-8.5.45/webapps/docs/images/asf-logo.svg
apache-tomcat-8.5.45/webapps/docs/images/code.gif
apache-tomcat-8.5.45/webapps/docs/images/cors-flowchart.png
apache-tomcat-8.5.45/webapps/docs/images/design.gif
apache-tomcat-8.5.45/webapps/docs/images/docs-stylesheet.css
apache-tomcat-8.5.45/webapps/docs/images/docs.gif
apache-tomcat-8.5.45/webapps/docs/images/fix.gif
apache-tomcat-8.5.45/webapps/docs/images/fonts/OpenSans400.woff
apache-tomcat-8.5.45/webapps/docs/images/fonts/OpenSans400italic.woff
apache-tomcat-8.5.45/webapps/docs/images/fonts/OpenSans600.woff
apache-tomcat-8.5.45/webapps/docs/images/fonts/OpenSans600italic.woff
apache-tomcat-8.5.45/webapps/docs/images/fonts/OpenSans700.woff
apache-tomcat-8.5.45/webapps/docs/images/fonts/OpenSans700italic.woff
apache-tomcat-8.5.45/webapps/docs/images/fonts/fonts.css
apache-tomcat-8.5.45/webapps/docs/images/tomcat.gif
apache-tomcat-8.5.45/webapps/docs/images/tomcat.png
apache-tomcat-8.5.45/webapps/docs/images/update.gif
apache-tomcat-8.5.45/webapps/docs/images/void.gif
apache-tomcat-8.5.45/webapps/docs/index.html
apache-tomcat-8.5.45/webapps/docs/introduction.html
apache-tomcat-8.5.45/webapps/docs/jasper-howto.html
apache-tomcat-8.5.45/webapps/docs/jdbc-pool.html
apache-tomcat-8.5.45/webapps/docs/jndi-datasource-examples-howto.html
apache-tomcat-8.5.45/webapps/docs/jndi-resources-howto.html
apache-tomcat-8.5.45/webapps/docs/jspapi/index.html
apache-tomcat-8.5.45/webapps/docs/logging.html
apache-tomcat-8.5.45/webapps/docs/manager-howto.html
apache-tomcat-8.5.45/webapps/docs/maven-jars.html
apache-tomcat-8.5.45/webapps/docs/mbeans-descriptors-howto.html
apache-tomcat-8.5.45/webapps/docs/mbeans-descriptors.dtd
apache-tomcat-8.5.45/webapps/docs/monitoring.html
apache-tomcat-8.5.45/webapps/docs/proxy-howto.html
apache-tomcat-8.5.45/webapps/docs/realm-howto.html
apache-tomcat-8.5.45/webapps/docs/rewrite.html
apache-tomcat-8.5.45/webapps/docs/security-howto.html
apache-tomcat-8.5.45/webapps/docs/security-manager-howto.html
apache-tomcat-8.5.45/webapps/docs/servletapi/index.html
apache-tomcat-8.5.45/webapps/docs/setup.html
apache-tomcat-8.5.45/webapps/docs/ssi-howto.html
apache-tomcat-8.5.45/webapps/docs/ssl-howto.html
apache-tomcat-8.5.45/webapps/docs/tribes/developers.html
apache-tomcat-8.5.45/webapps/docs/tribes/faq.html
apache-tomcat-8.5.45/webapps/docs/tribes/interceptors.html
apache-tomcat-8.5.45/webapps/docs/tribes/introduction.html
apache-tomcat-8.5.45/webapps/docs/tribes/membership.html
apache-tomcat-8.5.45/webapps/docs/tribes/setup.html
apache-tomcat-8.5.45/webapps/docs/tribes/status.html
apache-tomcat-8.5.45/webapps/docs/tribes/transport.html
apache-tomcat-8.5.45/webapps/docs/virtual-hosting-howto.html
apache-tomcat-8.5.45/webapps/docs/web-socket-howto.html
apache-tomcat-8.5.45/webapps/docs/websocketapi/index.html
apache-tomcat-8.5.45/webapps/docs/windows-auth-howto.html
apache-tomcat-8.5.45/webapps/docs/windows-service-howto.html
apache-tomcat-8.5.45/webapps/examples/WEB-INF/classes/CookieExample.class
apache-tomcat-8.5.45/webapps/examples/WEB-INF/classes/CookieExample.java
apache-tomcat-8.5.45/webapps/examples/WEB-INF/classes/HelloWorldExample.class
apache-tomcat-8.5.45/webapps/examples/WEB-INF/classes/HelloWorldExample.java
apache-tomcat-8.5.45/webapps/examples/WEB-INF/classes/LocalStrings.properties
apache-tomcat-8.5.45/webapps/examples/WEB-INF/classes/LocalStrings_es.properties
apache-tomcat-8.5.45/webapps/examples/WEB-INF/classes/LocalStrings_fr.properties
apache-tomcat-8.5.45/webapps/examples/WEB-INF/classes/LocalStrings_pt.properties
apache-tomcat-8.5.45/webapps/examples/WEB-INF/classes/RequestHeaderExample.class
apache-tomcat-8.5.45/webapps/examples/WEB-INF/classes/RequestHeaderExample.java
apache-tomcat-8.5.45/webapps/examples/WEB-INF/classes/RequestInfoExample.class
apache-tomcat-8.5.45/webapps/examples/WEB-INF/classes/RequestInfoExample.java
apache-tomcat-8.5.45/webapps/examples/WEB-INF/classes/RequestParamExample.class
apache-tomcat-8.5.45/webapps/examples/WEB-INF/classes/RequestParamExample.java
apache-tomcat-8.5.45/webapps/examples/WEB-INF/classes/ServletToJsp.class
apache-tomcat-8.5.45/webapps/examples/WEB-INF/classes/ServletToJsp.java
apache-tomcat-8.5.45/webapps/examples/WEB-INF/classes/SessionExample.class
apache-tomcat-8.5.45/webapps/examples/WEB-INF/classes/SessionExample.java
apache-tomcat-8.5.45/webapps/examples/WEB-INF/classes/async/Async0$1.class
apache-tomcat-8.5.45/webapps/examples/WEB-INF/classes/async/Async0.class
apache-tomcat-8.5.45/webapps/examples/WEB-INF/classes/async/Async0.java
apache-tomcat-8.5.45/webapps/examples/WEB-INF/classes/async/Async1$1.class
apache-tomcat-8.5.45/webapps/examples/WEB-INF/classes/async/Async1.class
apache-tomcat-8.5.45/webapps/examples/WEB-INF/classes/async/Async1.java
apache-tomcat-8.5.45/webapps/examples/WEB-INF/classes/async/Async2$1.class
apache-tomcat-8.5.45/webapps/examples/WEB-INF/classes/async/Async2.class
apache-tomcat-8.5.45/webapps/examples/WEB-INF/classes/async/Async2.java
apache-tomcat-8.5.45/webapps/examples/WEB-INF/classes/async/Async3.class
apache-tomcat-8.5.45/webapps/examples/WEB-INF/classes/async/Async3.java
apache-tomcat-8.5.45/webapps/examples/WEB-INF/classes/async/AsyncStockContextListener.class
apache-tomcat-8.5.45/webapps/examples/WEB-INF/classes/async/AsyncStockContextListener.java
apache-tomcat-8.5.45/webapps/examples/WEB-INF/classes/async/AsyncStockServlet.class
apache-tomcat-8.5.45/webapps/examples/WEB-INF/classes/async/AsyncStockServlet.java
apache-tomcat-8.5.45/webapps/examples/WEB-INF/classes/async/Stockticker$Stock.class
apache-tomcat-8.5.45/webapps/examples/WEB-INF/classes/async/Stockticker$TickListener.class
apache-tomcat-8.5.45/webapps/examples/WEB-INF/classes/async/Stockticker.class
apache-tomcat-8.5.45/webapps/examples/WEB-INF/classes/async/Stockticker.java
apache-tomcat-8.5.45/webapps/examples/WEB-INF/classes/cal/Entries.class
apache-tomcat-8.5.45/webapps/examples/WEB-INF/classes/cal/Entries.java
apache-tomcat-8.5.45/webapps/examples/WEB-INF/classes/cal/Entry.class
apache-tomcat-8.5.45/webapps/examples/WEB-INF/classes/cal/Entry.java
apache-tomcat-8.5.45/webapps/examples/WEB-INF/classes/cal/JspCalendar.class
apache-tomcat-8.5.45/webapps/examples/WEB-INF/classes/cal/JspCalendar.java
apache-tomcat-8.5.45/webapps/examples/WEB-INF/classes/cal/TableBean.class
apache-tomcat-8.5.45/webapps/examples/WEB-INF/classes/cal/TableBean.java
apache-tomcat-8.5.45/webapps/examples/WEB-INF/classes/checkbox/CheckTest.class
apache-tomcat-8.5.45/webapps/examples/WEB-INF/classes/checkbox/CheckTest.java
apache-tomcat-8.5.45/webapps/examples/WEB-INF/classes/colors/ColorGameBean.class
apache-tomcat-8.5.45/webapps/examples/WEB-INF/classes/colors/ColorGameBean.java
apache-tomcat-8.5.45/webapps/examples/WEB-INF/classes/compressionFilters/CompressionFilter.class
apache-tomcat-8.5.45/webapps/examples/WEB-INF/classes/compressionFilters/CompressionFilter.java
apache-tomcat-8.5.45/webapps/examples/WEB-INF/classes/compressionFilters/CompressionFilterTestServlet.class
apache-tomcat-8.5.45/webapps/examples/WEB-INF/classes/compressionFilters/CompressionFilterTestServlet.java
apache-tomcat-8.5.45/webapps/examples/WEB-INF/classes/compressionFilters/CompressionResponseStream.class
apache-tomcat-8.5.45/webapps/examples/WEB-INF/classes/compressionFilters/CompressionResponseStream.java
apache-tomcat-8.5.45/webapps/examples/WEB-INF/classes/compressionFilters/CompressionServletResponseWrapper.class
apache-tomcat-8.5.45/webapps/examples/WEB-INF/classes/compressionFilters/CompressionServletResponseWrapper.java
apache-tomcat-8.5.45/webapps/examples/WEB-INF/classes/dates/JspCalendar.class
apache-tomcat-8.5.45/webapps/examples/WEB-INF/classes/dates/JspCalendar.java
apache-tomcat-8.5.45/webapps/examples/WEB-INF/classes/error/Smart.class
apache-tomcat-8.5.45/webapps/examples/WEB-INF/classes/error/Smart.java
apache-tomcat-8.5.45/webapps/examples/WEB-INF/classes/examples/ExampleTagBase.class
apache-tomcat-8.5.45/webapps/examples/WEB-INF/classes/examples/ExampleTagBase.java
apache-tomcat-8.5.45/webapps/examples/WEB-INF/classes/examples/FooTag.class
apache-tomcat-8.5.45/webapps/examples/WEB-INF/classes/examples/FooTag.java
apache-tomcat-8.5.45/webapps/examples/WEB-INF/classes/examples/FooTagExtraInfo.class
apache-tomcat-8.5.45/webapps/examples/WEB-INF/classes/examples/FooTagExtraInfo.java
apache-tomcat-8.5.45/webapps/examples/WEB-INF/classes/examples/LogTag.class
apache-tomcat-8.5.45/webapps/examples/WEB-INF/classes/examples/LogTag.java
apache-tomcat-8.5.45/webapps/examples/WEB-INF/classes/examples/ValuesTag.class
apache-tomcat-8.5.45/webapps/examples/WEB-INF/classes/examples/ValuesTag.java
apache-tomcat-8.5.45/webapps/examples/WEB-INF/classes/filters/ExampleFilter.class
apache-tomcat-8.5.45/webapps/examples/WEB-INF/classes/filters/ExampleFilter.java
apache-tomcat-8.5.45/webapps/examples/WEB-INF/classes/jsp2/examples/BookBean.class
apache-tomcat-8.5.45/webapps/examples/WEB-INF/classes/jsp2/examples/BookBean.java
apache-tomcat-8.5.45/webapps/examples/WEB-INF/classes/jsp2/examples/FooBean.class
apache-tomcat-8.5.45/webapps/examples/WEB-INF/classes/jsp2/examples/FooBean.java
apache-tomcat-8.5.45/webapps/examples/WEB-INF/classes/jsp2/examples/ValuesBean.class
apache-tomcat-8.5.45/webapps/examples/WEB-INF/classes/jsp2/examples/ValuesBean.java
apache-tomcat-8.5.45/webapps/examples/WEB-INF/classes/jsp2/examples/el/Functions.class
apache-tomcat-8.5.45/webapps/examples/WEB-INF/classes/jsp2/examples/el/Functions.java
apache-tomcat-8.5.45/webapps/examples/WEB-INF/classes/jsp2/examples/simpletag/EchoAttributesTag.class
apache-tomcat-8.5.45/webapps/examples/WEB-INF/classes/jsp2/examples/simpletag/EchoAttributesTag.java
apache-tomcat-8.5.45/webapps/examples/WEB-INF/classes/jsp2/examples/simpletag/FindBookSimpleTag.class
apache-tomcat-8.5.45/webapps/examples/WEB-INF/classes/jsp2/examples/simpletag/FindBookSimpleTag.java
apache-tomcat-8.5.45/webapps/examples/WEB-INF/classes/jsp2/examples/simpletag/HelloWorldSimpleTag.class
apache-tomcat-8.5.45/webapps/examples/WEB-INF/classes/jsp2/examples/simpletag/HelloWorldSimpleTag.java
apache-tomcat-8.5.45/webapps/examples/WEB-INF/classes/jsp2/examples/simpletag/RepeatSimpleTag.class
apache-tomcat-8.5.45/webapps/examples/WEB-INF/classes/jsp2/examples/simpletag/RepeatSimpleTag.java
apache-tomcat-8.5.45/webapps/examples/WEB-INF/classes/jsp2/examples/simpletag/ShuffleSimpleTag.class
apache-tomcat-8.5.45/webapps/examples/WEB-INF/classes/jsp2/examples/simpletag/ShuffleSimpleTag.java
apache-tomcat-8.5.45/webapps/examples/WEB-INF/classes/jsp2/examples/simpletag/TileSimpleTag.class
apache-tomcat-8.5.45/webapps/examples/WEB-INF/classes/jsp2/examples/simpletag/TileSimpleTag.java
apache-tomcat-8.5.45/webapps/examples/WEB-INF/classes/listeners/ContextListener.class
apache-tomcat-8.5.45/webapps/examples/WEB-INF/classes/listeners/ContextListener.java
apache-tomcat-8.5.45/webapps/examples/WEB-INF/classes/listeners/SessionListener.class
apache-tomcat-8.5.45/webapps/examples/WEB-INF/classes/listeners/SessionListener.java
apache-tomcat-8.5.45/webapps/examples/WEB-INF/classes/nonblocking/ByteCounter$1.class
apache-tomcat-8.5.45/webapps/examples/WEB-INF/classes/nonblocking/ByteCounter$CounterListener.class
apache-tomcat-8.5.45/webapps/examples/WEB-INF/classes/nonblocking/ByteCounter.class
apache-tomcat-8.5.45/webapps/examples/WEB-INF/classes/nonblocking/ByteCounter.java
apache-tomcat-8.5.45/webapps/examples/WEB-INF/classes/nonblocking/NumberWriter$1.class
apache-tomcat-8.5.45/webapps/examples/WEB-INF/classes/nonblocking/NumberWriter$NumberWriterListener.class
apache-tomcat-8.5.45/webapps/examples/WEB-INF/classes/nonblocking/NumberWriter.class
apache-tomcat-8.5.45/webapps/examples/WEB-INF/classes/nonblocking/NumberWriter.java
apache-tomcat-8.5.45/webapps/examples/WEB-INF/classes/num/NumberGuessBean.class
apache-tomcat-8.5.45/webapps/examples/WEB-INF/classes/num/NumberGuessBean.java
apache-tomcat-8.5.45/webapps/examples/WEB-INF/classes/sessions/DummyCart.class
apache-tomcat-8.5.45/webapps/examples/WEB-INF/classes/sessions/DummyCart.java
apache-tomcat-8.5.45/webapps/examples/WEB-INF/classes/util/CookieFilter.class
apache-tomcat-8.5.45/webapps/examples/WEB-INF/classes/util/CookieFilter.java
apache-tomcat-8.5.45/webapps/examples/WEB-INF/classes/util/HTMLFilter.class
apache-tomcat-8.5.45/webapps/examples/WEB-INF/classes/util/HTMLFilter.java
apache-tomcat-8.5.45/webapps/examples/WEB-INF/classes/validators/DebugValidator.class
apache-tomcat-8.5.45/webapps/examples/WEB-INF/classes/validators/DebugValidator.java
apache-tomcat-8.5.45/webapps/examples/WEB-INF/classes/websocket/ExamplesConfig.class
apache-tomcat-8.5.45/webapps/examples/WEB-INF/classes/websocket/ExamplesConfig.java
apache-tomcat-8.5.45/webapps/examples/WEB-INF/classes/websocket/chat/ChatAnnotation.class
apache-tomcat-8.5.45/webapps/examples/WEB-INF/classes/websocket/chat/ChatAnnotation.java
apache-tomcat-8.5.45/webapps/examples/WEB-INF/classes/websocket/drawboard/Client$1.class
apache-tomcat-8.5.45/webapps/examples/WEB-INF/classes/websocket/drawboard/Client.class
apache-tomcat-8.5.45/webapps/examples/WEB-INF/classes/websocket/drawboard/Client.java
apache-tomcat-8.5.45/webapps/examples/WEB-INF/classes/websocket/drawboard/DrawMessage$ParseException.class
apache-tomcat-8.5.45/webapps/examples/WEB-INF/classes/websocket/drawboard/DrawMessage.class
apache-tomcat-8.5.45/webapps/examples/WEB-INF/classes/websocket/drawboard/DrawMessage.java
apache-tomcat-8.5.45/webapps/examples/WEB-INF/classes/websocket/drawboard/DrawboardContextListener.class
apache-tomcat-8.5.45/webapps/examples/WEB-INF/classes/websocket/drawboard/DrawboardContextListener.java
apache-tomcat-8.5.45/webapps/examples/WEB-INF/classes/websocket/drawboard/DrawboardEndpoint$1.class
apache-tomcat-8.5.45/webapps/examples/WEB-INF/classes/websocket/drawboard/DrawboardEndpoint$2.class
apache-tomcat-8.5.45/webapps/examples/WEB-INF/classes/websocket/drawboard/DrawboardEndpoint$3$1.class
apache-tomcat-8.5.45/webapps/examples/WEB-INF/classes/websocket/drawboard/DrawboardEndpoint$3.class
apache-tomcat-8.5.45/webapps/examples/WEB-INF/classes/websocket/drawboard/DrawboardEndpoint.class
apache-tomcat-8.5.45/webapps/examples/WEB-INF/classes/websocket/drawboard/DrawboardEndpoint.java
apache-tomcat-8.5.45/webapps/examples/WEB-INF/classes/websocket/drawboard/Room$1$1.class
apache-tomcat-8.5.45/webapps/examples/WEB-INF/classes/websocket/drawboard/Room$1.class
apache-tomcat-8.5.45/webapps/examples/WEB-INF/classes/websocket/drawboard/Room$2.class
apache-tomcat-8.5.45/webapps/examples/WEB-INF/classes/websocket/drawboard/Room$MessageType.class
apache-tomcat-8.5.45/webapps/examples/WEB-INF/classes/websocket/drawboard/Room$Player.class
apache-tomcat-8.5.45/webapps/examples/WEB-INF/classes/websocket/drawboard/Room.class
apache-tomcat-8.5.45/webapps/examples/WEB-INF/classes/websocket/drawboard/Room.java
apache-tomcat-8.5.45/webapps/examples/WEB-INF/classes/websocket/drawboard/wsmessages/AbstractWebsocketMessage.class
apache-tomcat-8.5.45/webapps/examples/WEB-INF/classes/websocket/drawboard/wsmessages/AbstractWebsocketMessage.java
apache-tomcat-8.5.45/webapps/examples/WEB-INF/classes/websocket/drawboard/wsmessages/BinaryWebsocketMessage.class
apache-tomcat-8.5.45/webapps/examples/WEB-INF/classes/websocket/drawboard/wsmessages/BinaryWebsocketMessage.java
apache-tomcat-8.5.45/webapps/examples/WEB-INF/classes/websocket/drawboard/wsmessages/CloseWebsocketMessage.class
apache-tomcat-8.5.45/webapps/examples/WEB-INF/classes/websocket/drawboard/wsmessages/CloseWebsocketMessage.java
apache-tomcat-8.5.45/webapps/examples/WEB-INF/classes/websocket/drawboard/wsmessages/StringWebsocketMessage.class
apache-tomcat-8.5.45/webapps/examples/WEB-INF/classes/websocket/drawboard/wsmessages/StringWebsocketMessage.java
apache-tomcat-8.5.45/webapps/examples/WEB-INF/classes/websocket/echo/EchoAnnotation.class
apache-tomcat-8.5.45/webapps/examples/WEB-INF/classes/websocket/echo/EchoAnnotation.java
apache-tomcat-8.5.45/webapps/examples/WEB-INF/classes/websocket/echo/EchoAsyncAnnotation$1.class
apache-tomcat-8.5.45/webapps/examples/WEB-INF/classes/websocket/echo/EchoAsyncAnnotation$CompletedFuture.class
apache-tomcat-8.5.45/webapps/examples/WEB-INF/classes/websocket/echo/EchoAsyncAnnotation.class
apache-tomcat-8.5.45/webapps/examples/WEB-INF/classes/websocket/echo/EchoAsyncAnnotation.java
apache-tomcat-8.5.45/webapps/examples/WEB-INF/classes/websocket/echo/EchoEndpoint$1.class
apache-tomcat-8.5.45/webapps/examples/WEB-INF/classes/websocket/echo/EchoEndpoint$EchoMessageHandlerBinary.class
apache-tomcat-8.5.45/webapps/examples/WEB-INF/classes/websocket/echo/EchoEndpoint$EchoMessageHandlerText.class
apache-tomcat-8.5.45/webapps/examples/WEB-INF/classes/websocket/echo/EchoEndpoint.class
apache-tomcat-8.5.45/webapps/examples/WEB-INF/classes/websocket/echo/EchoEndpoint.java
apache-tomcat-8.5.45/webapps/examples/WEB-INF/classes/websocket/echo/EchoStreamAnnotation.class
apache-tomcat-8.5.45/webapps/examples/WEB-INF/classes/websocket/echo/EchoStreamAnnotation.java
apache-tomcat-8.5.45/webapps/examples/WEB-INF/classes/websocket/echo/servers.json
apache-tomcat-8.5.45/webapps/examples/WEB-INF/classes/websocket/snake/Direction.class
apache-tomcat-8.5.45/webapps/examples/WEB-INF/classes/websocket/snake/Direction.java
apache-tomcat-8.5.45/webapps/examples/WEB-INF/classes/websocket/snake/Location$1.class
apache-tomcat-8.5.45/webapps/examples/WEB-INF/classes/websocket/snake/Location.class
apache-tomcat-8.5.45/webapps/examples/WEB-INF/classes/websocket/snake/Location.java
apache-tomcat-8.5.45/webapps/examples/WEB-INF/classes/websocket/snake/Snake.class
apache-tomcat-8.5.45/webapps/examples/WEB-INF/classes/websocket/snake/Snake.java
apache-tomcat-8.5.45/webapps/examples/WEB-INF/classes/websocket/snake/SnakeAnnotation.class
apache-tomcat-8.5.45/webapps/examples/WEB-INF/classes/websocket/snake/SnakeAnnotation.java
apache-tomcat-8.5.45/webapps/examples/WEB-INF/classes/websocket/snake/SnakeTimer$1.class
apache-tomcat-8.5.45/webapps/examples/WEB-INF/classes/websocket/snake/SnakeTimer.class
apache-tomcat-8.5.45/webapps/examples/WEB-INF/classes/websocket/snake/SnakeTimer.java
apache-tomcat-8.5.45/webapps/examples/WEB-INF/jsp2/jsp2-example-taglib.tld
apache-tomcat-8.5.45/webapps/examples/WEB-INF/jsp/applet/Clock2.java
apache-tomcat-8.5.45/webapps/examples/WEB-INF/jsp/debug-taglib.tld
apache-tomcat-8.5.45/webapps/examples/WEB-INF/jsp/example-taglib.tld
apache-tomcat-8.5.45/webapps/examples/WEB-INF/lib/taglibs-standard-impl-1.2.5.jar
apache-tomcat-8.5.45/webapps/examples/WEB-INF/lib/taglibs-standard-spec-1.2.5.jar
apache-tomcat-8.5.45/webapps/examples/WEB-INF/tags/displayProducts.tag
apache-tomcat-8.5.45/webapps/examples/WEB-INF/tags/helloWorld.tag
apache-tomcat-8.5.45/webapps/examples/WEB-INF/tags/panel.tag
apache-tomcat-8.5.45/webapps/examples/WEB-INF/web.xml
apache-tomcat-8.5.45/webapps/examples/index.html
apache-tomcat-8.5.45/webapps/examples/jsp/async/async1.jsp
apache-tomcat-8.5.45/webapps/examples/jsp/async/async1.jsp.html
apache-tomcat-8.5.45/webapps/examples/jsp/async/async3.jsp
apache-tomcat-8.5.45/webapps/examples/jsp/async/async3.jsp.html
apache-tomcat-8.5.45/webapps/examples/jsp/async/index.jsp
apache-tomcat-8.5.45/webapps/examples/jsp/async/index.jsp.html
apache-tomcat-8.5.45/webapps/examples/jsp/cal/Entries.java.html
apache-tomcat-8.5.45/webapps/examples/jsp/cal/Entry.java.html
apache-tomcat-8.5.45/webapps/examples/jsp/cal/JspCalendar.java.html
apache-tomcat-8.5.45/webapps/examples/jsp/cal/TableBean.java.html
apache-tomcat-8.5.45/webapps/examples/jsp/cal/cal1.jsp
apache-tomcat-8.5.45/webapps/examples/jsp/cal/cal1.jsp.html
apache-tomcat-8.5.45/webapps/examples/jsp/cal/cal2.jsp
apache-tomcat-8.5.45/webapps/examples/jsp/cal/cal2.jsp.html
apache-tomcat-8.5.45/webapps/examples/jsp/cal/calendar.html
apache-tomcat-8.5.45/webapps/examples/jsp/cal/login.html
apache-tomcat-8.5.45/webapps/examples/jsp/checkbox/CheckTest.html
apache-tomcat-8.5.45/webapps/examples/jsp/checkbox/check.html
apache-tomcat-8.5.45/webapps/examples/jsp/checkbox/checkresult.jsp
apache-tomcat-8.5.45/webapps/examples/jsp/checkbox/checkresult.jsp.html
apache-tomcat-8.5.45/webapps/examples/jsp/checkbox/cresult.html
apache-tomcat-8.5.45/webapps/examples/jsp/colors/ColorGameBean.html
apache-tomcat-8.5.45/webapps/examples/jsp/colors/clr.html
apache-tomcat-8.5.45/webapps/examples/jsp/colors/colors.html
apache-tomcat-8.5.45/webapps/examples/jsp/colors/colrs.jsp
apache-tomcat-8.5.45/webapps/examples/jsp/colors/colrs.jsp.html
apache-tomcat-8.5.45/webapps/examples/jsp/dates/date.html
apache-tomcat-8.5.45/webapps/examples/jsp/dates/date.jsp
apache-tomcat-8.5.45/webapps/examples/jsp/dates/date.jsp.html
apache-tomcat-8.5.45/webapps/examples/jsp/error/er.html
apache-tomcat-8.5.45/webapps/examples/jsp/error/err.jsp
apache-tomcat-8.5.45/webapps/examples/jsp/error/err.jsp.html
apache-tomcat-8.5.45/webapps/examples/jsp/error/error.html
apache-tomcat-8.5.45/webapps/examples/jsp/error/errorpge.jsp
apache-tomcat-8.5.45/webapps/examples/jsp/error/errorpge.jsp.html
apache-tomcat-8.5.45/webapps/examples/jsp/forward/forward.jsp
apache-tomcat-8.5.45/webapps/examples/jsp/forward/forward.jsp.html
apache-tomcat-8.5.45/webapps/examples/jsp/forward/fwd.html
apache-tomcat-8.5.45/webapps/examples/jsp/forward/one.jsp
apache-tomcat-8.5.45/webapps/examples/jsp/forward/one.jsp.html
apache-tomcat-8.5.45/webapps/examples/jsp/forward/two.html
apache-tomcat-8.5.45/webapps/examples/jsp/images/code.gif
apache-tomcat-8.5.45/webapps/examples/jsp/images/execute.gif
apache-tomcat-8.5.45/webapps/examples/jsp/images/return.gif
apache-tomcat-8.5.45/webapps/examples/jsp/include/foo.html
apache-tomcat-8.5.45/webapps/examples/jsp/include/foo.jsp
apache-tomcat-8.5.45/webapps/examples/jsp/include/foo.jsp.html
apache-tomcat-8.5.45/webapps/examples/jsp/include/inc.html
apache-tomcat-8.5.45/webapps/examples/jsp/include/include.jsp
apache-tomcat-8.5.45/webapps/examples/jsp/include/include.jsp.html
apache-tomcat-8.5.45/webapps/examples/jsp/index.html
apache-tomcat-8.5.45/webapps/examples/jsp/jsp2/el/Functions.java.html
apache-tomcat-8.5.45/webapps/examples/jsp/jsp2/el/ValuesBean.java.html
apache-tomcat-8.5.45/webapps/examples/jsp/jsp2/el/ValuesTag.java.html
apache-tomcat-8.5.45/webapps/examples/jsp/jsp2/el/basic-arithmetic.html
apache-tomcat-8.5.45/webapps/examples/jsp/jsp2/el/basic-arithmetic.jsp
apache-tomcat-8.5.45/webapps/examples/jsp/jsp2/el/basic-arithmetic.jsp.html
apache-tomcat-8.5.45/webapps/examples/jsp/jsp2/el/basic-comparisons.html
apache-tomcat-8.5.45/webapps/examples/jsp/jsp2/el/basic-comparisons.jsp
apache-tomcat-8.5.45/webapps/examples/jsp/jsp2/el/basic-comparisons.jsp.html
apache-tomcat-8.5.45/webapps/examples/jsp/jsp2/el/composite.html
apache-tomcat-8.5.45/webapps/examples/jsp/jsp2/el/composite.jsp
apache-tomcat-8.5.45/webapps/examples/jsp/jsp2/el/composite.jsp.html
apache-tomcat-8.5.45/webapps/examples/jsp/jsp2/el/functions.html
apache-tomcat-8.5.45/webapps/examples/jsp/jsp2/el/functions.jsp
apache-tomcat-8.5.45/webapps/examples/jsp/jsp2/el/functions.jsp.html
apache-tomcat-8.5.45/webapps/examples/jsp/jsp2/el/implicit-objects.html
apache-tomcat-8.5.45/webapps/examples/jsp/jsp2/el/implicit-objects.jsp
apache-tomcat-8.5.45/webapps/examples/jsp/jsp2/el/implicit-objects.jsp.html
apache-tomcat-8.5.45/webapps/examples/jsp/jsp2/jspattribute/FooBean.java.html
apache-tomcat-8.5.45/webapps/examples/jsp/jsp2/jspattribute/HelloWorldSimpleTag.java.html
apache-tomcat-8.5.45/webapps/examples/jsp/jsp2/jspattribute/ShuffleSimpleTag.java.html
apache-tomcat-8.5.45/webapps/examples/jsp/jsp2/jspattribute/TileSimpleTag.java.html
apache-tomcat-8.5.45/webapps/examples/jsp/jsp2/jspattribute/jspattribute.html
apache-tomcat-8.5.45/webapps/examples/jsp/jsp2/jspattribute/jspattribute.jsp
apache-tomcat-8.5.45/webapps/examples/jsp/jsp2/jspattribute/jspattribute.jsp.html
apache-tomcat-8.5.45/webapps/examples/jsp/jsp2/jspattribute/shuffle.html
apache-tomcat-8.5.45/webapps/examples/jsp/jsp2/jspattribute/shuffle.jsp
apache-tomcat-8.5.45/webapps/examples/jsp/jsp2/jspattribute/shuffle.jsp.html
apache-tomcat-8.5.45/webapps/examples/jsp/jsp2/jspx/basic.html
apache-tomcat-8.5.45/webapps/examples/jsp/jsp2/jspx/basic.jspx
apache-tomcat-8.5.45/webapps/examples/jsp/jsp2/jspx/basic.jspx.html
apache-tomcat-8.5.45/webapps/examples/jsp/jsp2/jspx/svgexample.html
apache-tomcat-8.5.45/webapps/examples/jsp/jsp2/jspx/textRotate.html
apache-tomcat-8.5.45/webapps/examples/jsp/jsp2/jspx/textRotate.jpg
apache-tomcat-8.5.45/webapps/examples/jsp/jsp2/jspx/textRotate.jspx
apache-tomcat-8.5.45/webapps/examples/jsp/jsp2/jspx/textRotate.jspx.html
apache-tomcat-8.5.45/webapps/examples/jsp/jsp2/misc/EchoAttributesTag.java.html
apache-tomcat-8.5.45/webapps/examples/jsp/jsp2/misc/coda.jspf
apache-tomcat-8.5.45/webapps/examples/jsp/jsp2/misc/coda.jspf.html
apache-tomcat-8.5.45/webapps/examples/jsp/jsp2/misc/config.html
apache-tomcat-8.5.45/webapps/examples/jsp/jsp2/misc/config.jsp
apache-tomcat-8.5.45/webapps/examples/jsp/jsp2/misc/config.jsp.html
apache-tomcat-8.5.45/webapps/examples/jsp/jsp2/misc/dynamicattrs.html
apache-tomcat-8.5.45/webapps/examples/jsp/jsp2/misc/dynamicattrs.jsp
apache-tomcat-8.5.45/webapps/examples/jsp/jsp2/misc/dynamicattrs.jsp.html
apache-tomcat-8.5.45/webapps/examples/jsp/jsp2/misc/prelude.jspf
apache-tomcat-8.5.45/webapps/examples/jsp/jsp2/misc/prelude.jspf.html
apache-tomcat-8.5.45/webapps/examples/jsp/jsp2/simpletag/BookBean.java.html
apache-tomcat-8.5.45/webapps/examples/jsp/jsp2/simpletag/FindBookSimpleTag.java.html
apache-tomcat-8.5.45/webapps/examples/jsp/jsp2/simpletag/Functions.java.html
apache-tomcat-8.5.45/webapps/examples/jsp/jsp2/simpletag/HelloWorldSimpleTag.java.html
apache-tomcat-8.5.45/webapps/examples/jsp/jsp2/simpletag/RepeatSimpleTag.java.html
apache-tomcat-8.5.45/webapps/examples/jsp/jsp2/simpletag/book.html
apache-tomcat-8.5.45/webapps/examples/jsp/jsp2/simpletag/book.jsp
apache-tomcat-8.5.45/webapps/examples/jsp/jsp2/simpletag/book.jsp.html
apache-tomcat-8.5.45/webapps/examples/jsp/jsp2/simpletag/hello.html
apache-tomcat-8.5.45/webapps/examples/jsp/jsp2/simpletag/hello.jsp
apache-tomcat-8.5.45/webapps/examples/jsp/jsp2/simpletag/hello.jsp.html
apache-tomcat-8.5.45/webapps/examples/jsp/jsp2/simpletag/repeat.html
apache-tomcat-8.5.45/webapps/examples/jsp/jsp2/simpletag/repeat.jsp
apache-tomcat-8.5.45/webapps/examples/jsp/jsp2/simpletag/repeat.jsp.html
apache-tomcat-8.5.45/webapps/examples/jsp/jsp2/tagfiles/displayProducts.tag.html
apache-tomcat-8.5.45/webapps/examples/jsp/jsp2/tagfiles/hello.html
apache-tomcat-8.5.45/webapps/examples/jsp/jsp2/tagfiles/hello.jsp
apache-tomcat-8.5.45/webapps/examples/jsp/jsp2/tagfiles/hello.jsp.html
apache-tomcat-8.5.45/webapps/examples/jsp/jsp2/tagfiles/helloWorld.tag.html
apache-tomcat-8.5.45/webapps/examples/jsp/jsp2/tagfiles/panel.html
apache-tomcat-8.5.45/webapps/examples/jsp/jsp2/tagfiles/panel.jsp
apache-tomcat-8.5.45/webapps/examples/jsp/jsp2/tagfiles/panel.jsp.html
apache-tomcat-8.5.45/webapps/examples/jsp/jsp2/tagfiles/panel.tag.html
apache-tomcat-8.5.45/webapps/examples/jsp/jsp2/tagfiles/products.html
apache-tomcat-8.5.45/webapps/examples/jsp/jsp2/tagfiles/products.jsp
apache-tomcat-8.5.45/webapps/examples/jsp/jsp2/tagfiles/products.jsp.html
apache-tomcat-8.5.45/webapps/examples/jsp/jsptoserv/ServletToJsp.java.html
apache-tomcat-8.5.45/webapps/examples/jsp/jsptoserv/hello.jsp
apache-tomcat-8.5.45/webapps/examples/jsp/jsptoserv/hello.jsp.html
apache-tomcat-8.5.45/webapps/examples/jsp/jsptoserv/jsptoservlet.jsp
apache-tomcat-8.5.45/webapps/examples/jsp/jsptoserv/jsptoservlet.jsp.html
apache-tomcat-8.5.45/webapps/examples/jsp/jsptoserv/jts.html
apache-tomcat-8.5.45/webapps/examples/jsp/num/numguess.html
apache-tomcat-8.5.45/webapps/examples/jsp/num/numguess.jsp
apache-tomcat-8.5.45/webapps/examples/jsp/num/numguess.jsp.html
apache-tomcat-8.5.45/webapps/examples/jsp/plugin/applet/Clock2.class
apache-tomcat-8.5.45/webapps/examples/jsp/plugin/applet/Clock2.java
apache-tomcat-8.5.45/webapps/examples/jsp/plugin/plugin.html
apache-tomcat-8.5.45/webapps/examples/jsp/plugin/plugin.jsp
apache-tomcat-8.5.45/webapps/examples/jsp/plugin/plugin.jsp.html
apache-tomcat-8.5.45/webapps/examples/jsp/security/protected/error.jsp
apache-tomcat-8.5.45/webapps/examples/jsp/security/protected/error.jsp.html
apache-tomcat-8.5.45/webapps/examples/jsp/security/protected/index.jsp
apache-tomcat-8.5.45/webapps/examples/jsp/security/protected/index.jsp.html
apache-tomcat-8.5.45/webapps/examples/jsp/security/protected/login.jsp
apache-tomcat-8.5.45/webapps/examples/jsp/security/protected/login.jsp.html
apache-tomcat-8.5.45/webapps/examples/jsp/sessions/DummyCart.html
apache-tomcat-8.5.45/webapps/examples/jsp/sessions/carts.html
apache-tomcat-8.5.45/webapps/examples/jsp/sessions/carts.jsp
apache-tomcat-8.5.45/webapps/examples/jsp/sessions/carts.jsp.html
apache-tomcat-8.5.45/webapps/examples/jsp/sessions/crt.html
apache-tomcat-8.5.45/webapps/examples/jsp/simpletag/foo.html
apache-tomcat-8.5.45/webapps/examples/jsp/simpletag/foo.jsp
apache-tomcat-8.5.45/webapps/examples/jsp/simpletag/foo.jsp.html
apache-tomcat-8.5.45/webapps/examples/jsp/snp/snoop.html
apache-tomcat-8.5.45/webapps/examples/jsp/snp/snoop.jsp
apache-tomcat-8.5.45/webapps/examples/jsp/snp/snoop.jsp.html
apache-tomcat-8.5.45/webapps/examples/jsp/tagplugin/choose.html
apache-tomcat-8.5.45/webapps/examples/jsp/tagplugin/choose.jsp
apache-tomcat-8.5.45/webapps/examples/jsp/tagplugin/choose.jsp.html
apache-tomcat-8.5.45/webapps/examples/jsp/tagplugin/foreach.html
apache-tomcat-8.5.45/webapps/examples/jsp/tagplugin/foreach.jsp
apache-tomcat-8.5.45/webapps/examples/jsp/tagplugin/foreach.jsp.html
apache-tomcat-8.5.45/webapps/examples/jsp/tagplugin/howto.html
apache-tomcat-8.5.45/webapps/examples/jsp/tagplugin/if.html
apache-tomcat-8.5.45/webapps/examples/jsp/tagplugin/if.jsp
apache-tomcat-8.5.45/webapps/examples/jsp/tagplugin/if.jsp.html
apache-tomcat-8.5.45/webapps/examples/jsp/tagplugin/notes.html
apache-tomcat-8.5.45/webapps/examples/jsp/xml/xml.html
apache-tomcat-8.5.45/webapps/examples/jsp/xml/xml.jsp
apache-tomcat-8.5.45/webapps/examples/jsp/xml/xml.jsp.html
apache-tomcat-8.5.45/webapps/examples/servlets/cookies.html
apache-tomcat-8.5.45/webapps/examples/servlets/helloworld.html
apache-tomcat-8.5.45/webapps/examples/servlets/images/code.gif
apache-tomcat-8.5.45/webapps/examples/servlets/images/execute.gif
apache-tomcat-8.5.45/webapps/examples/servlets/images/return.gif
apache-tomcat-8.5.45/webapps/examples/servlets/index.html
apache-tomcat-8.5.45/webapps/examples/servlets/nonblocking/bytecounter.html
apache-tomcat-8.5.45/webapps/examples/servlets/reqheaders.html
apache-tomcat-8.5.45/webapps/examples/servlets/reqinfo.html
apache-tomcat-8.5.45/webapps/examples/servlets/reqparams.html
apache-tomcat-8.5.45/webapps/examples/servlets/sessions.html
apache-tomcat-8.5.45/webapps/examples/websocket/chat.xhtml
apache-tomcat-8.5.45/webapps/examples/websocket/drawboard.xhtml
apache-tomcat-8.5.45/webapps/examples/websocket/echo.xhtml
apache-tomcat-8.5.45/webapps/examples/websocket/index.xhtml
apache-tomcat-8.5.45/webapps/examples/websocket/snake.xhtml
apache-tomcat-8.5.45/webapps/host-manager/META-INF/context.xml
apache-tomcat-8.5.45/webapps/host-manager/WEB-INF/jsp/401.jsp
apache-tomcat-8.5.45/webapps/host-manager/WEB-INF/jsp/403.jsp
apache-tomcat-8.5.45/webapps/host-manager/WEB-INF/jsp/404.jsp
apache-tomcat-8.5.45/webapps/host-manager/WEB-INF/web.xml
apache-tomcat-8.5.45/webapps/host-manager/images/asf-logo.svg
apache-tomcat-8.5.45/webapps/host-manager/images/tomcat.gif
apache-tomcat-8.5.45/webapps/host-manager/index.jsp
apache-tomcat-8.5.45/webapps/host-manager/manager.xml
apache-tomcat-8.5.45/webapps/manager/META-INF/context.xml
apache-tomcat-8.5.45/webapps/manager/WEB-INF/jsp/401.jsp
apache-tomcat-8.5.45/webapps/manager/WEB-INF/jsp/403.jsp
apache-tomcat-8.5.45/webapps/manager/WEB-INF/jsp/404.jsp
apache-tomcat-8.5.45/webapps/manager/WEB-INF/jsp/connectorCerts.jsp
apache-tomcat-8.5.45/webapps/manager/WEB-INF/jsp/connectorCiphers.jsp
apache-tomcat-8.5.45/webapps/manager/WEB-INF/jsp/connectorTrustedCerts.jsp
apache-tomcat-8.5.45/webapps/manager/WEB-INF/jsp/sessionDetail.jsp
apache-tomcat-8.5.45/webapps/manager/WEB-INF/jsp/sessionsList.jsp
apache-tomcat-8.5.45/webapps/manager/WEB-INF/web.xml
apache-tomcat-8.5.45/webapps/manager/images/asf-logo.svg
apache-tomcat-8.5.45/webapps/manager/images/tomcat.gif
apache-tomcat-8.5.45/webapps/manager/index.jsp
apache-tomcat-8.5.45/webapps/manager/status.xsd
apache-tomcat-8.5.45/webapps/manager/xform.xsl
apache-tomcat-8.5.45/bin/catalina.sh
apache-tomcat-8.5.45/bin/ciphers.sh
apache-tomcat-8.5.45/bin/configtest.sh
apache-tomcat-8.5.45/bin/daemon.sh
apache-tomcat-8.5.45/bin/digest.sh
apache-tomcat-8.5.45/bin/setclasspath.sh
apache-tomcat-8.5.45/bin/shutdown.sh
apache-tomcat-8.5.45/bin/startup.sh
apache-tomcat-8.5.45/bin/tool-wrapper.sh
apache-tomcat-8.5.45/bin/version.sh
[root@localhost opt]# ll
total 208384
-rw-r--r--. 1 root root   9506321 Feb 10 10:45 <font color="#EF2929">apache-maven-3.6.3-bin.tar.gz</font>
drwxr-xr-x. 9 root root       220 Feb 10 10:55 <font color="#005FFF">apache-tomcat-8.5.45</font>
-rw-r--r--. 1 root root   9722154 Feb 10 10:45 <font color="#EF2929">apache-tomcat-8.5.45.tar.gz</font>
-rw-r--r--. 1 root root 194151339 Feb 10 10:51 <font color="#EF2929">jdk-8u231-linux-x64.tar.gz</font>
drwxr-xr-x. 6 root root        99 Feb 10 10:54 <font color="#005FFF">Maven</font>
drwxr-xr-x. 2 root root         6 Oct 31  2018 <font color="#005FFF">rh</font>
[root@localhost opt]# mv apache-tomcat-8.5.45 Tomcat
[root@localhost opt]# ll
total 208384
-rw-r--r--. 1 root root   9506321 Feb 10 10:45 <font color="#EF2929">apache-maven-3.6.3-bin.tar.gz</font>
-rw-r--r--. 1 root root   9722154 Feb 10 10:45 <font color="#EF2929">apache-tomcat-8.5.45.tar.gz</font>
-rw-r--r--. 1 root root 194151339 Feb 10 10:51 <font color="#EF2929">jdk-8u231-linux-x64.tar.gz</font>
drwxr-xr-x. 6 root root        99 Feb 10 10:54 <font color="#005FFF">Maven</font>
drwxr-xr-x. 2 root root         6 Oct 31  2018 <font color="#005FFF">rh</font>
drwxr-xr-x. 9 root root       220 Feb 10 10:55 <font color="#005FFF">Tomcat</font>
[root@localhost opt]# tar -xvf jdk-8u231-linux-x64.tar.gz 
jdk1.8.0_231/
jdk1.8.0_231/lib/
jdk1.8.0_231/lib/visualvm/
jdk1.8.0_231/lib/visualvm/visualvm/
jdk1.8.0_231/lib/visualvm/visualvm/.lastModified
jdk1.8.0_231/lib/visualvm/visualvm/modules/
jdk1.8.0_231/lib/visualvm/visualvm/modules/com-sun-tools-visualvm-uisupport.jar
jdk1.8.0_231/lib/visualvm/visualvm/modules/com-sun-tools-visualvm-application-views.jar
jdk1.8.0_231/lib/visualvm/visualvm/modules/com-sun-tools-visualvm-tools.jar
jdk1.8.0_231/lib/visualvm/visualvm/modules/com-sun-tools-visualvm-profiler.jar
jdk1.8.0_231/lib/visualvm/visualvm/modules/com-sun-tools-visualvm-jvmstat.jar
jdk1.8.0_231/lib/visualvm/visualvm/modules/com-sun-tools-visualvm-jmx.jar
jdk1.8.0_231/lib/visualvm/visualvm/modules/com-sun-tools-visualvm-core.jar
jdk1.8.0_231/lib/visualvm/visualvm/modules/com-sun-tools-visualvm-host-views.jar
jdk1.8.0_231/lib/visualvm/visualvm/modules/com-sun-tools-visualvm-heapdump.jar
jdk1.8.0_231/lib/visualvm/visualvm/modules/com-sun-tools-visualvm-attach.jar
jdk1.8.0_231/lib/visualvm/visualvm/modules/com-sun-tools-visualvm-application.jar
jdk1.8.0_231/lib/visualvm/visualvm/modules/com-sun-tools-visualvm-modules-appui.jar
jdk1.8.0_231/lib/visualvm/visualvm/modules/com-sun-tools-visualvm-charts.jar
jdk1.8.0_231/lib/visualvm/visualvm/modules/com-sun-tools-visualvm-coredump.jar
jdk1.8.0_231/lib/visualvm/visualvm/modules/locale/
jdk1.8.0_231/lib/visualvm/visualvm/modules/locale/com-sun-tools-visualvm-core_ja.jar
jdk1.8.0_231/lib/visualvm/visualvm/modules/locale/com-sun-tools-visualvm-host-views_ja.jar
jdk1.8.0_231/lib/visualvm/visualvm/modules/locale/com-sun-tools-visualvm-host_ja.jar
jdk1.8.0_231/lib/visualvm/visualvm/modules/locale/com-sun-tools-visualvm-application_ja.jar
jdk1.8.0_231/lib/visualvm/visualvm/modules/locale/com-sun-tools-visualvm-coredump_zh_CN.jar
jdk1.8.0_231/lib/visualvm/visualvm/modules/locale/com-sun-tools-visualvm-threaddump_zh_CN.jar
jdk1.8.0_231/lib/visualvm/visualvm/modules/locale/com-sun-tools-visualvm-host-remote_zh_CN.jar
jdk1.8.0_231/lib/visualvm/visualvm/modules/locale/com-sun-tools-visualvm-profiler_zh_CN.jar
jdk1.8.0_231/lib/visualvm/visualvm/modules/locale/com-sun-tools-visualvm-jmx_zh_CN.jar
jdk1.8.0_231/lib/visualvm/visualvm/modules/locale/com-sun-tools-visualvm-jvm_ja.jar
jdk1.8.0_231/lib/visualvm/visualvm/modules/locale/com-sun-tools-visualvm-profiling_zh_CN.jar
jdk1.8.0_231/lib/visualvm/visualvm/modules/locale/com-sun-tools-visualvm-host-views_zh_CN.jar
jdk1.8.0_231/lib/visualvm/visualvm/modules/locale/com-sun-tools-visualvm-attach_ja.jar
jdk1.8.0_231/lib/visualvm/visualvm/modules/locale/com-sun-tools-visualvm-jmx_ja.jar
jdk1.8.0_231/lib/visualvm/visualvm/modules/locale/com-sun-tools-visualvm-profiling_ja.jar
jdk1.8.0_231/lib/visualvm/visualvm/modules/locale/com-sun-tools-visualvm-host_zh_CN.jar
jdk1.8.0_231/lib/visualvm/visualvm/modules/locale/com-sun-tools-visualvm-profiler_ja.jar
jdk1.8.0_231/lib/visualvm/visualvm/modules/locale/com-sun-tools-visualvm-heapdump_zh_CN.jar
jdk1.8.0_231/lib/visualvm/visualvm/modules/locale/org-netbeans-core-windows_visualvm.jar
jdk1.8.0_231/lib/visualvm/visualvm/modules/locale/com-sun-tools-visualvm-jvm_zh_CN.jar
jdk1.8.0_231/lib/visualvm/visualvm/modules/locale/org-netbeans-modules-profiler_visualvm.jar
jdk1.8.0_231/lib/visualvm/visualvm/modules/locale/com-sun-tools-visualvm-charts_zh_CN.jar
jdk1.8.0_231/lib/visualvm/visualvm/modules/locale/com-sun-tools-visualvm-application_zh_CN.jar
jdk1.8.0_231/lib/visualvm/visualvm/modules/locale/com-sun-tools-visualvm-uisupport_ja.jar
jdk1.8.0_231/lib/visualvm/visualvm/modules/locale/com-sun-tools-visualvm-host-remote_ja.jar
jdk1.8.0_231/lib/visualvm/visualvm/modules/locale/com-sun-tools-visualvm-charts_ja.jar
jdk1.8.0_231/lib/visualvm/visualvm/modules/locale/org-netbeans-core_visualvm.jar
jdk1.8.0_231/lib/visualvm/visualvm/modules/locale/com-sun-tools-visualvm-attach_zh_CN.jar
jdk1.8.0_231/lib/visualvm/visualvm/modules/locale/com-sun-tools-visualvm-sa_zh_CN.jar
jdk1.8.0_231/lib/visualvm/visualvm/modules/locale/com-sun-tools-visualvm-heapdump_ja.jar
jdk1.8.0_231/lib/visualvm/visualvm/modules/locale/com-sun-tools-visualvm-modules-appui_ja.jar
jdk1.8.0_231/lib/visualvm/visualvm/modules/locale/com-sun-tools-visualvm-sampler_zh_CN.jar
jdk1.8.0_231/lib/visualvm/visualvm/modules/locale/com-sun-tools-visualvm-api-caching_ja.jar
jdk1.8.0_231/lib/visualvm/visualvm/modules/locale/com-sun-tools-visualvm-tools_zh_CN.jar
jdk1.8.0_231/lib/visualvm/visualvm/modules/locale/com-sun-tools-visualvm-application-views_ja.jar
jdk1.8.0_231/lib/visualvm/visualvm/modules/locale/com-sun-tools-visualvm-uisupport_zh_CN.jar
jdk1.8.0_231/lib/visualvm/visualvm/modules/locale/com-sun-tools-visualvm-sampler_ja.jar
jdk1.8.0_231/lib/visualvm/visualvm/modules/locale/com-sun-tools-visualvm-jvmstat_zh_CN.jar
jdk1.8.0_231/lib/visualvm/visualvm/modules/locale/com-sun-tools-visualvm-core_zh_CN.jar
jdk1.8.0_231/lib/visualvm/visualvm/modules/locale/com-sun-tools-visualvm-threaddump_ja.jar
jdk1.8.0_231/lib/visualvm/visualvm/modules/locale/com-sun-tools-visualvm-coredump_ja.jar
jdk1.8.0_231/lib/visualvm/visualvm/modules/locale/com-sun-tools-visualvm-tools_ja.jar
jdk1.8.0_231/lib/visualvm/visualvm/modules/locale/com-sun-tools-visualvm-sa_ja.jar
jdk1.8.0_231/lib/visualvm/visualvm/modules/locale/com-sun-tools-visualvm-application-views_zh_CN.jar
jdk1.8.0_231/lib/visualvm/visualvm/modules/locale/com-sun-tools-visualvm-api-caching_zh_CN.jar
jdk1.8.0_231/lib/visualvm/visualvm/modules/locale/com-sun-tools-visualvm-jvmstat_ja.jar
jdk1.8.0_231/lib/visualvm/visualvm/modules/locale/com-sun-tools-visualvm-modules-appui_zh_CN.jar
jdk1.8.0_231/lib/visualvm/visualvm/modules/com-sun-tools-visualvm-jvm.jar
jdk1.8.0_231/lib/visualvm/visualvm/modules/com-sun-tools-visualvm-sampler.jar
jdk1.8.0_231/lib/visualvm/visualvm/modules/com-sun-tools-visualvm-host.jar
jdk1.8.0_231/lib/visualvm/visualvm/modules/com-sun-tools-visualvm-profiling.jar
jdk1.8.0_231/lib/visualvm/visualvm/modules/com-sun-tools-visualvm-api-caching.jar
jdk1.8.0_231/lib/visualvm/visualvm/modules/com-sun-tools-visualvm-threaddump.jar
jdk1.8.0_231/lib/visualvm/visualvm/modules/com-sun-tools-visualvm-host-remote.jar
jdk1.8.0_231/lib/visualvm/visualvm/modules/com-sun-tools-visualvm-sa.jar
jdk1.8.0_231/lib/visualvm/visualvm/config/
jdk1.8.0_231/lib/visualvm/visualvm/config/Modules/
jdk1.8.0_231/lib/visualvm/visualvm/config/Modules/org-netbeans-api-visual.xml_hidden
jdk1.8.0_231/lib/visualvm/visualvm/config/Modules/com-sun-tools-visualvm-sampler.xml
jdk1.8.0_231/lib/visualvm/visualvm/config/Modules/org-netbeans-modules-favorites.xml_hidden
jdk1.8.0_231/lib/visualvm/visualvm/config/Modules/com-sun-tools-visualvm-core.xml
jdk1.8.0_231/lib/visualvm/visualvm/config/Modules/com-sun-tools-visualvm-profiling.xml
jdk1.8.0_231/lib/visualvm/visualvm/config/Modules/com-sun-tools-visualvm-profiler.xml
jdk1.8.0_231/lib/visualvm/visualvm/config/Modules/org-openide-options.xml_hidden
jdk1.8.0_231/lib/visualvm/visualvm/config/Modules/org-netbeans-core-io-ui.xml_hidden
jdk1.8.0_231/lib/visualvm/visualvm/config/Modules/org-openide-execution.xml_hidden
jdk1.8.0_231/lib/visualvm/visualvm/config/Modules/org-netbeans-modules-options-keymap.xml_hidden
jdk1.8.0_231/lib/visualvm/visualvm/config/Modules/org-netbeans-core-execution.xml_hidden
jdk1.8.0_231/lib/visualvm/visualvm/config/Modules/com-sun-tools-visualvm-host-views.xml
jdk1.8.0_231/lib/visualvm/visualvm/config/Modules/com-sun-tools-visualvm-charts.xml
jdk1.8.0_231/lib/visualvm/visualvm/config/Modules/com-sun-tools-visualvm-host-remote.xml
jdk1.8.0_231/lib/visualvm/visualvm/config/Modules/com-sun-tools-visualvm-host.xml
jdk1.8.0_231/lib/visualvm/visualvm/config/Modules/org-openide-util-enumerations.xml_hidden
jdk1.8.0_231/lib/visualvm/visualvm/config/Modules/com-sun-tools-visualvm-uisupport.xml
jdk1.8.0_231/lib/visualvm/visualvm/config/Modules/com-sun-tools-visualvm-api-caching.xml
jdk1.8.0_231/lib/visualvm/visualvm/config/Modules/com-sun-tools-visualvm-jmx.xml
jdk1.8.0_231/lib/visualvm/visualvm/config/Modules/org-netbeans-lib-uihandler.xml_hidden
jdk1.8.0_231/lib/visualvm/visualvm/config/Modules/com-sun-tools-visualvm-attach.xml
jdk1.8.0_231/lib/visualvm/visualvm/config/Modules/org-netbeans-modules-uihandler.xml_hidden
jdk1.8.0_231/lib/visualvm/visualvm/config/Modules/com-sun-tools-visualvm-modules-appui.xml
jdk1.8.0_231/lib/visualvm/visualvm/config/Modules/org-netbeans-modules-templates.xml_hidden
jdk1.8.0_231/lib/visualvm/visualvm/config/Modules/org-netbeans-modules-print.xml_hidden
jdk1.8.0_231/lib/visualvm/visualvm/config/Modules/org-openide-compat.xml_hidden
jdk1.8.0_231/lib/visualvm/visualvm/config/Modules/com-sun-tools-visualvm-tools.xml
jdk1.8.0_231/lib/visualvm/visualvm/config/Modules/org-netbeans-modules-spi-actions.xml_hidden
jdk1.8.0_231/lib/visualvm/visualvm/config/Modules/com-sun-tools-visualvm-application-views.xml
jdk1.8.0_231/lib/visualvm/visualvm/config/Modules/org-netbeans-core-output2.xml_hidden
jdk1.8.0_231/lib/visualvm/visualvm/config/Modules/com-sun-tools-visualvm-application.xml
jdk1.8.0_231/lib/visualvm/visualvm/config/Modules/org-netbeans-modules-core-kit.xml_hidden
jdk1.8.0_231/lib/visualvm/visualvm/config/Modules/com-sun-tools-visualvm-jvmstat.xml
jdk1.8.0_231/lib/visualvm/visualvm/config/Modules/com-sun-tools-visualvm-sa.xml
jdk1.8.0_231/lib/visualvm/visualvm/config/Modules/com-sun-tools-visualvm-heapdump.xml
jdk1.8.0_231/lib/visualvm/visualvm/config/Modules/com-sun-tools-visualvm-coredump.xml
jdk1.8.0_231/lib/visualvm/visualvm/config/Modules/com-sun-tools-visualvm-jvm.xml
jdk1.8.0_231/lib/visualvm/visualvm/config/Modules/com-sun-tools-visualvm-threaddump.xml
jdk1.8.0_231/lib/visualvm/visualvm/core/
jdk1.8.0_231/lib/visualvm/visualvm/core/com-sun-tools-visualvm-modules-startup.jar
jdk1.8.0_231/lib/visualvm/visualvm/core/locale/
jdk1.8.0_231/lib/visualvm/visualvm/core/locale/core_visualvm.jar
jdk1.8.0_231/lib/visualvm/visualvm/core/locale/com-sun-tools-visualvm-modules-startup_zh_CN.jar
jdk1.8.0_231/lib/visualvm/visualvm/core/locale/com-sun-tools-visualvm-modules-startup_ja.jar
jdk1.8.0_231/lib/visualvm/visualvm/update_tracking/
jdk1.8.0_231/lib/visualvm/visualvm/update_tracking/com-sun-tools-visualvm-sampler.xml
jdk1.8.0_231/lib/visualvm/visualvm/update_tracking/com-sun-tools-visualvm-core.xml
jdk1.8.0_231/lib/visualvm/visualvm/update_tracking/com-sun-tools-visualvm-profiling.xml
jdk1.8.0_231/lib/visualvm/visualvm/update_tracking/com-sun-tools-visualvm-profiler.xml
jdk1.8.0_231/lib/visualvm/visualvm/update_tracking/com-sun-tools-visualvm-host-views.xml
jdk1.8.0_231/lib/visualvm/visualvm/update_tracking/com-sun-tools-visualvm-charts.xml
jdk1.8.0_231/lib/visualvm/visualvm/update_tracking/com-sun-tools-visualvm-host-remote.xml
jdk1.8.0_231/lib/visualvm/visualvm/update_tracking/com-sun-tools-visualvm-host.xml
jdk1.8.0_231/lib/visualvm/visualvm/update_tracking/com-sun-tools-visualvm-uisupport.xml
jdk1.8.0_231/lib/visualvm/visualvm/update_tracking/com-sun-tools-visualvm-api-caching.xml
jdk1.8.0_231/lib/visualvm/visualvm/update_tracking/com-sun-tools-visualvm-jmx.xml
jdk1.8.0_231/lib/visualvm/visualvm/update_tracking/com-sun-tools-visualvm-modules-startup.xml
jdk1.8.0_231/lib/visualvm/visualvm/update_tracking/com-sun-tools-visualvm-attach.xml
jdk1.8.0_231/lib/visualvm/visualvm/update_tracking/com-sun-tools-visualvm-modules-appui.xml
jdk1.8.0_231/lib/visualvm/visualvm/update_tracking/com-sun-tools-visualvm-tools.xml
jdk1.8.0_231/lib/visualvm/visualvm/update_tracking/com-sun-tools-visualvm-application-views.xml
jdk1.8.0_231/lib/visualvm/visualvm/update_tracking/com-sun-tools-visualvm-application.xml
jdk1.8.0_231/lib/visualvm/visualvm/update_tracking/com-sun-tools-visualvm-jvmstat.xml
jdk1.8.0_231/lib/visualvm/visualvm/update_tracking/com-sun-tools-visualvm-sa.xml
jdk1.8.0_231/lib/visualvm/visualvm/update_tracking/com-sun-tools-visualvm-heapdump.xml
jdk1.8.0_231/lib/visualvm/visualvm/update_tracking/com-sun-tools-visualvm-coredump.xml
jdk1.8.0_231/lib/visualvm/visualvm/update_tracking/com-sun-tools-visualvm-jvm.xml
jdk1.8.0_231/lib/visualvm/visualvm/update_tracking/com-sun-tools-visualvm-threaddump.xml
jdk1.8.0_231/lib/visualvm/profiler/
jdk1.8.0_231/lib/visualvm/profiler/lib/
jdk1.8.0_231/lib/visualvm/profiler/lib/locale/
jdk1.8.0_231/lib/visualvm/profiler/lib/locale/jfluid-server_zh_CN.jar
jdk1.8.0_231/lib/visualvm/profiler/lib/locale/jfluid-server_ja.jar
jdk1.8.0_231/lib/visualvm/profiler/lib/deployed/
jdk1.8.0_231/lib/visualvm/profiler/lib/deployed/jdk16/
jdk1.8.0_231/lib/visualvm/profiler/lib/deployed/jdk16/linux-amd64/
jdk1.8.0_231/lib/visualvm/profiler/lib/deployed/jdk16/linux-amd64/libprofilerinterface.so
jdk1.8.0_231/lib/visualvm/profiler/lib/deployed/jdk15/
jdk1.8.0_231/lib/visualvm/profiler/lib/deployed/jdk15/linux-amd64/
jdk1.8.0_231/lib/visualvm/profiler/lib/deployed/jdk15/linux-amd64/libprofilerinterface.so
jdk1.8.0_231/lib/visualvm/profiler/lib/jfluid-server-15.jar
jdk1.8.0_231/lib/visualvm/profiler/lib/jfluid-server.jar
jdk1.8.0_231/lib/visualvm/profiler/VERSION.txt
jdk1.8.0_231/lib/visualvm/profiler/.lastModified
jdk1.8.0_231/lib/visualvm/profiler/modules/
jdk1.8.0_231/lib/visualvm/profiler/modules/org-netbeans-modules-profiler-utilities.jar
jdk1.8.0_231/lib/visualvm/profiler/modules/org-netbeans-lib-profiler-ui.jar
jdk1.8.0_231/lib/visualvm/profiler/modules/org-netbeans-modules-profiler-selector-ui.jar
jdk1.8.0_231/lib/visualvm/profiler/modules/org-netbeans-lib-profiler-charts.jar
jdk1.8.0_231/lib/visualvm/profiler/modules/org-netbeans-lib-profiler.jar
jdk1.8.0_231/lib/visualvm/profiler/modules/org-netbeans-modules-profiler-snaptracer.jar
jdk1.8.0_231/lib/visualvm/profiler/modules/locale/
jdk1.8.0_231/lib/visualvm/profiler/modules/locale/org-netbeans-modules-profiler-selector-api_zh_CN.jar
jdk1.8.0_231/lib/visualvm/profiler/modules/locale/org-netbeans-modules-profiler-api_ja.jar
jdk1.8.0_231/lib/visualvm/profiler/modules/locale/org-netbeans-modules-profiler-snaptracer_zh_CN.jar
jdk1.8.0_231/lib/visualvm/profiler/modules/locale/org-netbeans-modules-profiler-selector-api_ja.jar
jdk1.8.0_231/lib/visualvm/profiler/modules/locale/org-netbeans-modules-profiler-attach_zh_CN.jar
jdk1.8.0_231/lib/visualvm/profiler/modules/locale/org-netbeans-modules-profiler-utilities_ja.jar
jdk1.8.0_231/lib/visualvm/profiler/modules/locale/org-netbeans-modules-profiler-oql_ja.jar
jdk1.8.0_231/lib/visualvm/profiler/modules/locale/org-netbeans-modules-profiler-selector-ui_zh_CN.jar
jdk1.8.0_231/lib/visualvm/profiler/modules/locale/org-netbeans-modules-profiler-attach_ja.jar
jdk1.8.0_231/lib/visualvm/profiler/modules/locale/org-netbeans-modules-profiler-api_zh_CN.jar
jdk1.8.0_231/lib/visualvm/profiler/modules/locale/org-netbeans-lib-profiler_zh_CN.jar
jdk1.8.0_231/lib/visualvm/profiler/modules/locale/org-netbeans-modules-profiler-oql_zh_CN.jar
jdk1.8.0_231/lib/visualvm/profiler/modules/locale/org-netbeans-modules-profiler-heapwalker_ja.jar
jdk1.8.0_231/lib/visualvm/profiler/modules/locale/org-netbeans-lib-profiler-charts_ja.jar
jdk1.8.0_231/lib/visualvm/profiler/modules/locale/org-netbeans-modules-profiler-snaptracer_ja.jar
jdk1.8.0_231/lib/visualvm/profiler/modules/locale/org-netbeans-lib-profiler-common_zh_CN.jar
jdk1.8.0_231/lib/visualvm/profiler/modules/locale/org-netbeans-lib-profiler-ui_ja.jar
jdk1.8.0_231/lib/visualvm/profiler/modules/locale/org-netbeans-lib-profiler-common_ja.jar
jdk1.8.0_231/lib/visualvm/profiler/modules/locale/org-netbeans-modules-profiler-heapwalker_zh_CN.jar
jdk1.8.0_231/lib/visualvm/profiler/modules/locale/org-netbeans-modules-profiler_ja.jar
jdk1.8.0_231/lib/visualvm/profiler/modules/locale/org-netbeans-modules-profiler-selector-ui_ja.jar
jdk1.8.0_231/lib/visualvm/profiler/modules/locale/org-netbeans-modules-profiler_zh_CN.jar
jdk1.8.0_231/lib/visualvm/profiler/modules/locale/org-netbeans-lib-profiler-charts_zh_CN.jar
jdk1.8.0_231/lib/visualvm/profiler/modules/locale/org-netbeans-modules-profiler-utilities_zh_CN.jar
jdk1.8.0_231/lib/visualvm/profiler/modules/locale/org-netbeans-lib-profiler_ja.jar
jdk1.8.0_231/lib/visualvm/profiler/modules/locale/org-netbeans-lib-profiler-ui_zh_CN.jar
jdk1.8.0_231/lib/visualvm/profiler/modules/org-netbeans-modules-profiler.jar
jdk1.8.0_231/lib/visualvm/profiler/modules/org-netbeans-lib-profiler-common.jar
jdk1.8.0_231/lib/visualvm/profiler/modules/org-netbeans-modules-profiler-heapwalker.jar
jdk1.8.0_231/lib/visualvm/profiler/modules/org-netbeans-modules-profiler-oql.jar
jdk1.8.0_231/lib/visualvm/profiler/modules/org-netbeans-modules-profiler-attach.jar
jdk1.8.0_231/lib/visualvm/profiler/modules/org-netbeans-modules-profiler-selector-api.jar
jdk1.8.0_231/lib/visualvm/profiler/modules/org-netbeans-modules-profiler-api.jar
jdk1.8.0_231/lib/visualvm/profiler/config/
jdk1.8.0_231/lib/visualvm/profiler/config/Modules/
jdk1.8.0_231/lib/visualvm/profiler/config/Modules/org-netbeans-modules-profiler-heapwalker.xml
jdk1.8.0_231/lib/visualvm/profiler/config/Modules/org-netbeans-lib-profiler-ui.xml
jdk1.8.0_231/lib/visualvm/profiler/config/Modules/org-netbeans-modules-profiler-selector-api.xml
jdk1.8.0_231/lib/visualvm/profiler/config/Modules/org-netbeans-lib-profiler-common.xml
jdk1.8.0_231/lib/visualvm/profiler/config/Modules/org-netbeans-modules-profiler-attach.xml
jdk1.8.0_231/lib/visualvm/profiler/config/Modules/org-netbeans-lib-profiler.xml
jdk1.8.0_231/lib/visualvm/profiler/config/Modules/org-netbeans-modules-profiler.xml
jdk1.8.0_231/lib/visualvm/profiler/config/Modules/org-netbeans-modules-profiler-selector-ui.xml
jdk1.8.0_231/lib/visualvm/profiler/config/Modules/org-netbeans-lib-profiler-charts.xml
jdk1.8.0_231/lib/visualvm/profiler/config/Modules/org-netbeans-modules-profiler-api.xml
jdk1.8.0_231/lib/visualvm/profiler/config/Modules/org-netbeans-modules-profiler-utilities.xml
jdk1.8.0_231/lib/visualvm/profiler/config/Modules/org-netbeans-modules-profiler-oql.xml
jdk1.8.0_231/lib/visualvm/profiler/config/Modules/org-netbeans-modules-profiler-snaptracer.xml
jdk1.8.0_231/lib/visualvm/profiler/update_tracking/
jdk1.8.0_231/lib/visualvm/profiler/update_tracking/org-netbeans-modules-profiler-heapwalker.xml
jdk1.8.0_231/lib/visualvm/profiler/update_tracking/org-netbeans-lib-profiler-ui.xml
jdk1.8.0_231/lib/visualvm/profiler/update_tracking/org-netbeans-modules-profiler-selector-api.xml
jdk1.8.0_231/lib/visualvm/profiler/update_tracking/org-netbeans-lib-profiler-common.xml
jdk1.8.0_231/lib/visualvm/profiler/update_tracking/org-netbeans-modules-profiler-attach.xml
jdk1.8.0_231/lib/visualvm/profiler/update_tracking/org-netbeans-lib-profiler.xml
jdk1.8.0_231/lib/visualvm/profiler/update_tracking/org-netbeans-modules-profiler.xml
jdk1.8.0_231/lib/visualvm/profiler/update_tracking/org-netbeans-modules-profiler-selector-ui.xml
jdk1.8.0_231/lib/visualvm/profiler/update_tracking/org-netbeans-lib-profiler-charts.xml
jdk1.8.0_231/lib/visualvm/profiler/update_tracking/org-netbeans-modules-profiler-api.xml
jdk1.8.0_231/lib/visualvm/profiler/update_tracking/org-netbeans-modules-profiler-utilities.xml
jdk1.8.0_231/lib/visualvm/profiler/update_tracking/org-netbeans-modules-profiler-oql.xml
jdk1.8.0_231/lib/visualvm/profiler/update_tracking/org-netbeans-modules-profiler-snaptracer.xml
jdk1.8.0_231/lib/visualvm/platform/
jdk1.8.0_231/lib/visualvm/platform/lib/
jdk1.8.0_231/lib/visualvm/platform/lib/org-openide-util.jar
jdk1.8.0_231/lib/visualvm/platform/lib/org-openide-modules.jar
jdk1.8.0_231/lib/visualvm/platform/lib/locale/
jdk1.8.0_231/lib/visualvm/platform/lib/locale/org-openide-util_ja.jar
jdk1.8.0_231/lib/visualvm/platform/lib/locale/org-openide-util_zh_CN.jar
jdk1.8.0_231/lib/visualvm/platform/lib/locale/org-openide-util-lookup_zh_CN.jar
jdk1.8.0_231/lib/visualvm/platform/lib/locale/org-openide-modules_zh_CN.jar
jdk1.8.0_231/lib/visualvm/platform/lib/locale/boot_zh_CN.jar
jdk1.8.0_231/lib/visualvm/platform/lib/locale/boot_ja.jar
jdk1.8.0_231/lib/visualvm/platform/lib/locale/org-openide-util-lookup_ja.jar
jdk1.8.0_231/lib/visualvm/platform/lib/locale/org-openide-modules_ja.jar
jdk1.8.0_231/lib/visualvm/platform/lib/org-openide-util-lookup.jar
jdk1.8.0_231/lib/visualvm/platform/lib/nbexec
jdk1.8.0_231/lib/visualvm/platform/lib/boot.jar
jdk1.8.0_231/lib/visualvm/platform/VERSION.txt
jdk1.8.0_231/lib/visualvm/platform/.lastModified
jdk1.8.0_231/lib/visualvm/platform/modules/
jdk1.8.0_231/lib/visualvm/platform/modules/org-netbeans-modules-sampler.jar
jdk1.8.0_231/lib/visualvm/platform/modules/org-netbeans-core-output2.jar
jdk1.8.0_231/lib/visualvm/platform/modules/org-netbeans-core-multiview.jar
jdk1.8.0_231/lib/visualvm/platform/modules/org-netbeans-core-windows.jar
jdk1.8.0_231/lib/visualvm/platform/modules/org-netbeans-lib-uihandler.jar
jdk1.8.0_231/lib/visualvm/platform/modules/org-openide-dialogs.jar
jdk1.8.0_231/lib/visualvm/platform/modules/org-netbeans-modules-autoupdate-ui.jar
jdk1.8.0_231/lib/visualvm/platform/modules/org-netbeans-modules-keyring-fallback.jar
jdk1.8.0_231/lib/visualvm/platform/modules/org-netbeans-modules-print.jar
jdk1.8.0_231/lib/visualvm/platform/modules/org-openide-util-enumerations.jar
jdk1.8.0_231/lib/visualvm/platform/modules/org-netbeans-spi-quicksearch.jar
jdk1.8.0_231/lib/visualvm/platform/modules/org-netbeans-api-search.jar
jdk1.8.0_231/lib/visualvm/platform/modules/org-openide-compat.jar
jdk1.8.0_231/lib/visualvm/platform/modules/org-netbeans-modules-autoupdate-services.jar
jdk1.8.0_231/lib/visualvm/platform/modules/org-openide-options.jar
jdk1.8.0_231/lib/visualvm/platform/modules/org-netbeans-modules-uihandler.jar
jdk1.8.0_231/lib/visualvm/platform/modules/org-netbeans-modules-sendopts.jar
jdk1.8.0_231/lib/visualvm/platform/modules/org-netbeans-core-execution.jar
jdk1.8.0_231/lib/visualvm/platform/modules/org-netbeans-modules-favorites.jar
jdk1.8.0_231/lib/visualvm/platform/modules/org-netbeans-modules-queries.jar
jdk1.8.0_231/lib/visualvm/platform/modules/org-netbeans-core.jar
jdk1.8.0_231/lib/visualvm/platform/modules/org-netbeans-modules-core-kit.jar
jdk1.8.0_231/lib/visualvm/platform/modules/org-netbeans-modules-editor-mimelookup.jar
jdk1.8.0_231/lib/visualvm/platform/modules/org-netbeans-core-io-ui.jar
jdk1.8.0_231/lib/visualvm/platform/modules/org-netbeans-swing-plaf.jar
jdk1.8.0_231/lib/visualvm/platform/modules/org-netbeans-modules-progress-ui.jar
jdk1.8.0_231/lib/visualvm/platform/modules/org-netbeans-modules-templates.jar
jdk1.8.0_231/lib/visualvm/platform/modules/locale/
jdk1.8.0_231/lib/visualvm/platform/modules/locale/org-netbeans-api-progress_ja.jar
jdk1.8.0_231/lib/visualvm/platform/modules/locale/org-netbeans-spi-quicksearch_zh_CN.jar
jdk1.8.0_231/lib/visualvm/platform/modules/locale/org-netbeans-modules-autoupdate-cli_ja.jar
jdk1.8.0_231/lib/visualvm/platform/modules/locale/org-netbeans-modules-applemenu_zh_CN.jar
jdk1.8.0_231/lib/visualvm/platform/modules/locale/org-netbeans-core-io-ui_ja.jar
jdk1.8.0_231/lib/visualvm/platform/modules/locale/org-netbeans-modules-editor-mimelookup-impl_zh_CN.jar
jdk1.8.0_231/lib/visualvm/platform/modules/locale/org-netbeans-modules-keyring-fallback_ja.jar
jdk1.8.0_231/lib/visualvm/platform/modules/locale/org-openide-actions_zh_CN.jar
jdk1.8.0_231/lib/visualvm/platform/modules/locale/org-netbeans-core-ui_ja.jar
jdk1.8.0_231/lib/visualvm/platform/modules/locale/org-openide-awt_zh_CN.jar
jdk1.8.0_231/lib/visualvm/platform/modules/locale/org-openide-loaders_zh_CN.jar
jdk1.8.0_231/lib/visualvm/platform/modules/locale/org-netbeans-core-ui_zh_CN.jar
jdk1.8.0_231/lib/visualvm/platform/modules/locale/org-netbeans-core-windows_ja.jar
jdk1.8.0_231/lib/visualvm/platform/modules/locale/org-netbeans-core-multiview_ja.jar
jdk1.8.0_231/lib/visualvm/platform/modules/locale/org-netbeans-modules-editor-mimelookup-impl_ja.jar
jdk1.8.0_231/lib/visualvm/platform/modules/locale/org-netbeans-modules-options-api_ja.jar
jdk1.8.0_231/lib/visualvm/platform/modules/locale/org-netbeans-modules-sendopts_zh_CN.jar
jdk1.8.0_231/lib/visualvm/platform/modules/locale/org-netbeans-spi-quicksearch_ja.jar
jdk1.8.0_231/lib/visualvm/platform/modules/locale/org-netbeans-modules-templates_zh_CN.jar
jdk1.8.0_231/lib/visualvm/platform/modules/locale/org-netbeans-api-visual_ja.jar
jdk1.8.0_231/lib/visualvm/platform/modules/locale/org-openide-options_zh_CN.jar
jdk1.8.0_231/lib/visualvm/platform/modules/locale/org-netbeans-modules-autoupdate-services_zh_CN.jar
jdk1.8.0_231/lib/visualvm/platform/modules/locale/org-netbeans-modules-templates_ja.jar
jdk1.8.0_231/lib/visualvm/platform/modules/locale/org-netbeans-modules-queries_zh_CN.jar
jdk1.8.0_231/lib/visualvm/platform/modules/locale/org-netbeans-swing-outline_ja.jar
jdk1.8.0_231/lib/visualvm/platform/modules/locale/org-netbeans-swing-plaf_ja.jar
jdk1.8.0_231/lib/visualvm/platform/modules/locale/org-netbeans-api-search_ja.jar
jdk1.8.0_231/lib/visualvm/platform/modules/locale/org-netbeans-modules-sendopts_ja.jar
jdk1.8.0_231/lib/visualvm/platform/modules/locale/org-netbeans-modules-keyring-impl_zh_CN.jar
jdk1.8.0_231/lib/visualvm/platform/modules/locale/org-openide-actions_ja.jar
jdk1.8.0_231/lib/visualvm/platform/modules/locale/org-netbeans-modules-applemenu_ja.jar
jdk1.8.0_231/lib/visualvm/platform/modules/locale/org-netbeans-modules-spi-actions_zh_CN.jar
jdk1.8.0_231/lib/visualvm/platform/modules/locale/org-netbeans-core_zh_CN.jar
jdk1.8.0_231/lib/visualvm/platform/modules/locale/org-netbeans-core-output2_ja.jar
jdk1.8.0_231/lib/visualvm/platform/modules/locale/org-openide-dialogs_ja.jar
jdk1.8.0_231/lib/visualvm/platform/modules/locale/org-netbeans-modules-editor-mimelookup_zh_CN.jar
jdk1.8.0_231/lib/visualvm/platform/modules/locale/org-netbeans-core-windows_zh_CN.jar
jdk1.8.0_231/lib/visualvm/platform/modules/locale/org-netbeans-swing-plaf_zh_CN.jar
jdk1.8.0_231/lib/visualvm/platform/modules/locale/org-netbeans-modules-autoupdate-ui_ja.jar
jdk1.8.0_231/lib/visualvm/platform/modules/locale/org-netbeans-swing-tabcontrol_zh_CN.jar
jdk1.8.0_231/lib/visualvm/platform/modules/locale/org-openide-io_zh_CN.jar
jdk1.8.0_231/lib/visualvm/platform/modules/locale/org-openide-compat_ja.jar
jdk1.8.0_231/lib/visualvm/platform/modules/locale/org-netbeans-core-execution_ja.jar
jdk1.8.0_231/lib/visualvm/platform/modules/locale/org-netbeans-modules-progress-ui_zh_CN.jar
jdk1.8.0_231/lib/visualvm/platform/modules/locale/org-netbeans-modules-masterfs-nio2_zh_CN.jar
jdk1.8.0_231/lib/visualvm/platform/modules/locale/org-openide-util-enumerations_ja.jar
jdk1.8.0_231/lib/visualvm/platform/modules/locale/org-openide-text_zh_CN.jar
jdk1.8.0_231/lib/visualvm/platform/modules/locale/org-netbeans-core-multitabs_ja.jar
jdk1.8.0_231/lib/visualvm/platform/modules/locale/org-netbeans-modules-print_ja.jar
jdk1.8.0_231/lib/visualvm/platform/modules/locale/org-openide-awt_ja.jar
jdk1.8.0_231/lib/visualvm/platform/modules/locale/org-netbeans-modules-settings_ja.jar
jdk1.8.0_231/lib/visualvm/platform/modules/locale/org-netbeans-modules-javahelp_ja.jar
jdk1.8.0_231/lib/visualvm/platform/modules/locale/org-openide-execution_zh_CN.jar
jdk1.8.0_231/lib/visualvm/platform/modules/locale/org-netbeans-modules-uihandler_ja.jar
jdk1.8.0_231/lib/visualvm/platform/modules/locale/org-netbeans-modules-keyring-impl_ja.jar
jdk1.8.0_231/lib/visualvm/platform/modules/locale/org-netbeans-lib-uihandler_ja.jar
jdk1.8.0_231/lib/visualvm/platform/modules/locale/org-openide-windows_zh_CN.jar
jdk1.8.0_231/lib/visualvm/platform/modules/locale/org-openide-io_ja.jar
jdk1.8.0_231/lib/visualvm/platform/modules/locale/org-netbeans-modules-masterfs_zh_CN.jar
jdk1.8.0_231/lib/visualvm/platform/modules/locale/org-netbeans-modules-core-kit_zh_CN.jar
jdk1.8.0_231/lib/visualvm/platform/modules/locale/org-netbeans-modules-core-kit_ja.jar
jdk1.8.0_231/lib/visualvm/platform/modules/locale/org-netbeans-core-io-ui_zh_CN.jar
jdk1.8.0_231/lib/visualvm/platform/modules/locale/org-netbeans-api-progress_zh_CN.jar
jdk1.8.0_231/lib/visualvm/platform/modules/locale/org-netbeans-api-visual_zh_CN.jar
jdk1.8.0_231/lib/visualvm/platform/modules/locale/org-netbeans-modules-javahelp_zh_CN.jar
jdk1.8.0_231/lib/visualvm/platform/modules/locale/org-netbeans-modules-spi-actions_ja.jar
jdk1.8.0_231/lib/visualvm/platform/modules/locale/org-openide-explorer_zh_CN.jar
jdk1.8.0_231/lib/visualvm/platform/modules/locale/org-openide-execution_ja.jar
jdk1.8.0_231/lib/visualvm/platform/modules/locale/org-netbeans-modules-autoupdate-services_ja.jar
jdk1.8.0_231/lib/visualvm/platform/modules/locale/org-netbeans-swing-tabcontrol_ja.jar
jdk1.8.0_231/lib/visualvm/platform/modules/locale/org-netbeans-modules-options-keymap_zh_CN.jar
jdk1.8.0_231/lib/visualvm/platform/modules/locale/org-netbeans-core-multiview_zh_CN.jar
jdk1.8.0_231/lib/visualvm/platform/modules/locale/org-netbeans-api-annotations-common_zh_CN.jar
jdk1.8.0_231/lib/visualvm/platform/modules/locale/org-openide-util-enumerations_zh_CN.jar
jdk1.8.0_231/lib/visualvm/platform/modules/locale/org-netbeans-modules-uihandler_zh_CN.jar
jdk1.8.0_231/lib/visualvm/platform/modules/locale/org-openide-dialogs_zh_CN.jar
jdk1.8.0_231/lib/visualvm/platform/modules/locale/org-netbeans-core_ja.jar
jdk1.8.0_231/lib/visualvm/platform/modules/locale/org-netbeans-api-annotations-common_ja.jar
jdk1.8.0_231/lib/visualvm/platform/modules/locale/org-netbeans-modules-keyring_zh_CN.jar
jdk1.8.0_231/lib/visualvm/platform/modules/locale/org-openide-windows_ja.jar
jdk1.8.0_231/lib/visualvm/platform/modules/locale/org-netbeans-core-multitabs_zh_CN.jar
jdk1.8.0_231/lib/visualvm/platform/modules/locale/org-openide-loaders_ja.jar
jdk1.8.0_231/lib/visualvm/platform/modules/locale/org-netbeans-modules-queries_ja.jar
jdk1.8.0_231/lib/visualvm/platform/modules/locale/org-netbeans-modules-print_zh_CN.jar
jdk1.8.0_231/lib/visualvm/platform/modules/locale/org-netbeans-modules-progress-ui_ja.jar
jdk1.8.0_231/lib/visualvm/platform/modules/locale/org-netbeans-modules-editor-mimelookup_ja.jar
jdk1.8.0_231/lib/visualvm/platform/modules/locale/org-netbeans-modules-keyring_ja.jar
jdk1.8.0_231/lib/visualvm/platform/modules/locale/org-netbeans-modules-settings_zh_CN.jar
jdk1.8.0_231/lib/visualvm/platform/modules/locale/org-netbeans-core-output2_zh_CN.jar
jdk1.8.0_231/lib/visualvm/platform/modules/locale/org-netbeans-core-execution_zh_CN.jar
jdk1.8.0_231/lib/visualvm/platform/modules/locale/org-netbeans-modules-masterfs-nio2_ja.jar
jdk1.8.0_231/lib/visualvm/platform/modules/locale/org-netbeans-modules-keyring-fallback_zh_CN.jar
jdk1.8.0_231/lib/visualvm/platform/modules/locale/org-openide-text_ja.jar
jdk1.8.0_231/lib/visualvm/platform/modules/locale/org-netbeans-swing-outline_zh_CN.jar
jdk1.8.0_231/lib/visualvm/platform/modules/locale/org-netbeans-modules-autoupdate-ui_zh_CN.jar
jdk1.8.0_231/lib/visualvm/platform/modules/locale/org-netbeans-modules-favorites_ja.jar
jdk1.8.0_231/lib/visualvm/platform/modules/locale/org-openide-compat_zh_CN.jar
jdk1.8.0_231/lib/visualvm/platform/modules/locale/org-netbeans-modules-sampler_zh_CN.jar
jdk1.8.0_231/lib/visualvm/platform/modules/locale/org-netbeans-modules-sampler_ja.jar
jdk1.8.0_231/lib/visualvm/platform/modules/locale/org-netbeans-modules-options-api_zh_CN.jar
jdk1.8.0_231/lib/visualvm/platform/modules/locale/org-openide-nodes_zh_CN.jar
jdk1.8.0_231/lib/visualvm/platform/modules/locale/org-netbeans-lib-uihandler_zh_CN.jar
jdk1.8.0_231/lib/visualvm/platform/modules/locale/org-openide-options_ja.jar
jdk1.8.0_231/lib/visualvm/platform/modules/locale/org-openide-explorer_ja.jar
jdk1.8.0_231/lib/visualvm/platform/modules/locale/org-openide-nodes_ja.jar
jdk1.8.0_231/lib/visualvm/platform/modules/locale/org-netbeans-modules-options-keymap_ja.jar
jdk1.8.0_231/lib/visualvm/platform/modules/locale/org-netbeans-api-search_zh_CN.jar
jdk1.8.0_231/lib/visualvm/platform/modules/locale/org-netbeans-modules-favorites_zh_CN.jar
jdk1.8.0_231/lib/visualvm/platform/modules/locale/org-netbeans-modules-autoupdate-cli_zh_CN.jar
jdk1.8.0_231/lib/visualvm/platform/modules/locale/org-netbeans-modules-masterfs_ja.jar
jdk1.8.0_231/lib/visualvm/platform/modules/org-netbeans-modules-keyring-impl.jar
jdk1.8.0_231/lib/visualvm/platform/modules/org-netbeans-core-multitabs.jar
jdk1.8.0_231/lib/visualvm/platform/modules/org-netbeans-swing-tabcontrol.jar
jdk1.8.0_231/lib/visualvm/platform/modules/ext/
jdk1.8.0_231/lib/visualvm/platform/modules/ext/jhall-2.0_05.jar
jdk1.8.0_231/lib/visualvm/platform/modules/ext/updater.jar
jdk1.8.0_231/lib/visualvm/platform/modules/ext/locale/
jdk1.8.0_231/lib/visualvm/platform/modules/ext/locale/updater_ja.jar
jdk1.8.0_231/lib/visualvm/platform/modules/ext/locale/updater_zh_CN.jar
jdk1.8.0_231/lib/visualvm/platform/modules/org-netbeans-modules-options-api.jar
jdk1.8.0_231/lib/visualvm/platform/modules/org-openide-loaders.jar
jdk1.8.0_231/lib/visualvm/platform/modules/org-netbeans-modules-applemenu.jar
jdk1.8.0_231/lib/visualvm/platform/modules/org-openide-actions.jar
jdk1.8.0_231/lib/visualvm/platform/modules/org-netbeans-api-annotations-common.jar
jdk1.8.0_231/lib/visualvm/platform/modules/org-netbeans-modules-masterfs.jar
jdk1.8.0_231/lib/visualvm/platform/modules/org-openide-execution.jar
jdk1.8.0_231/lib/visualvm/platform/modules/org-netbeans-api-visual.jar
jdk1.8.0_231/lib/visualvm/platform/modules/org-netbeans-api-progress.jar
jdk1.8.0_231/lib/visualvm/platform/modules/org-netbeans-modules-editor-mimelookup-impl.jar
jdk1.8.0_231/lib/visualvm/platform/modules/org-openide-io.jar
jdk1.8.0_231/lib/visualvm/platform/modules/org-openide-awt.jar
jdk1.8.0_231/lib/visualvm/platform/modules/org-netbeans-core-ui.jar
jdk1.8.0_231/lib/visualvm/platform/modules/org-openide-text.jar
jdk1.8.0_231/lib/visualvm/platform/modules/org-netbeans-modules-spi-actions.jar
jdk1.8.0_231/lib/visualvm/platform/modules/org-netbeans-modules-autoupdate-cli.jar
jdk1.8.0_231/lib/visualvm/platform/modules/org-netbeans-modules-options-keymap.jar
jdk1.8.0_231/lib/visualvm/platform/modules/org-netbeans-modules-settings.jar
jdk1.8.0_231/lib/visualvm/platform/modules/org-netbeans-modules-javahelp.jar
jdk1.8.0_231/lib/visualvm/platform/modules/org-netbeans-swing-outline.jar
jdk1.8.0_231/lib/visualvm/platform/modules/org-openide-windows.jar
jdk1.8.0_231/lib/visualvm/platform/modules/org-openide-nodes.jar
jdk1.8.0_231/lib/visualvm/platform/modules/org-netbeans-modules-keyring.jar
jdk1.8.0_231/lib/visualvm/platform/modules/org-netbeans-modules-masterfs-nio2.jar
jdk1.8.0_231/lib/visualvm/platform/modules/org-openide-explorer.jar
jdk1.8.0_231/lib/visualvm/platform/config/
jdk1.8.0_231/lib/visualvm/platform/config/ModuleAutoDeps/
jdk1.8.0_231/lib/visualvm/platform/config/ModuleAutoDeps/org-openide-util.xml
jdk1.8.0_231/lib/visualvm/platform/config/ModuleAutoDeps/org-openide-explorer.xml
jdk1.8.0_231/lib/visualvm/platform/config/ModuleAutoDeps/org-netbeans-modules-queries.xml
jdk1.8.0_231/lib/visualvm/platform/config/ModuleAutoDeps/org-openide-loaders.xml
jdk1.8.0_231/lib/visualvm/platform/config/ModuleAutoDeps/org-openide-execution.xml
jdk1.8.0_231/lib/visualvm/platform/config/ModuleAutoDeps/org-openide-nodes.xml
jdk1.8.0_231/lib/visualvm/platform/config/ModuleAutoDeps/org-openide-filesystems.xml
jdk1.8.0_231/lib/visualvm/platform/config/ModuleAutoDeps/org-openide-modules.xml
jdk1.8.0_231/lib/visualvm/platform/config/ModuleAutoDeps/org-openide-text.xml
jdk1.8.0_231/lib/visualvm/platform/config/ModuleAutoDeps/org-netbeans-modules-options-api.xml
jdk1.8.0_231/lib/visualvm/platform/config/ModuleAutoDeps/org-netbeans-core.xml
jdk1.8.0_231/lib/visualvm/platform/config/Modules/
jdk1.8.0_231/lib/visualvm/platform/config/Modules/org-openide-explorer.xml
jdk1.8.0_231/lib/visualvm/platform/config/Modules/org-netbeans-modules-options-keymap.xml
jdk1.8.0_231/lib/visualvm/platform/config/Modules/org-netbeans-modules-queries.xml
jdk1.8.0_231/lib/visualvm/platform/config/Modules/org-openide-loaders.xml
jdk1.8.0_231/lib/visualvm/platform/config/Modules/org-netbeans-core-output2.xml
jdk1.8.0_231/lib/visualvm/platform/config/Modules/org-netbeans-modules-spi-actions.xml
jdk1.8.0_231/lib/visualvm/platform/config/Modules/org-netbeans-swing-tabcontrol.xml
jdk1.8.0_231/lib/visualvm/platform/config/Modules/org-netbeans-modules-autoupdate-services.xml
jdk1.8.0_231/lib/visualvm/platform/config/Modules/org-netbeans-modules-autoupdate-ui.xml
jdk1.8.0_231/lib/visualvm/platform/config/Modules/org-netbeans-modules-javahelp.xml
jdk1.8.0_231/lib/visualvm/platform/config/Modules/org-openide-actions.xml
jdk1.8.0_231/lib/visualvm/platform/config/Modules/org-openide-execution.xml
jdk1.8.0_231/lib/visualvm/platform/config/Modules/org-netbeans-api-visual.xml
jdk1.8.0_231/lib/visualvm/platform/config/Modules/org-netbeans-modules-favorites.xml
jdk1.8.0_231/lib/visualvm/platform/config/Modules/org-netbeans-api-progress.xml
jdk1.8.0_231/lib/visualvm/platform/config/Modules/org-netbeans-swing-outline.xml
jdk1.8.0_231/lib/visualvm/platform/config/Modules/org-openide-nodes.xml
jdk1.8.0_231/lib/visualvm/platform/config/Modules/org-netbeans-modules-editor-mimelookup-impl.xml
jdk1.8.0_231/lib/visualvm/platform/config/Modules/org-netbeans-modules-editor-mimelookup.xml
jdk1.8.0_231/lib/visualvm/platform/config/Modules/org-openide-awt.xml
jdk1.8.0_231/lib/visualvm/platform/config/Modules/org-netbeans-swing-plaf.xml
jdk1.8.0_231/lib/visualvm/platform/config/Modules/org-netbeans-modules-sendopts.xml
jdk1.8.0_231/lib/visualvm/platform/config/Modules/org-netbeans-modules-masterfs.xml
jdk1.8.0_231/lib/visualvm/platform/config/Modules/org-netbeans-core-ui.xml
jdk1.8.0_231/lib/visualvm/platform/config/Modules/org-netbeans-modules-settings.xml
jdk1.8.0_231/lib/visualvm/platform/config/Modules/org-netbeans-modules-masterfs-nio2.xml
jdk1.8.0_231/lib/visualvm/platform/config/Modules/org-netbeans-modules-uihandler.xml
jdk1.8.0_231/lib/visualvm/platform/config/Modules/org-netbeans-core-execution.xml
jdk1.8.0_231/lib/visualvm/platform/config/Modules/org-openide-util-enumerations.xml
jdk1.8.0_231/lib/visualvm/platform/config/Modules/org-netbeans-modules-print.xml
jdk1.8.0_231/lib/visualvm/platform/config/Modules/org-netbeans-core-windows.xml
jdk1.8.0_231/lib/visualvm/platform/config/Modules/org-netbeans-modules-templates.xml
jdk1.8.0_231/lib/visualvm/platform/config/Modules/org-netbeans-core-multitabs.xml
jdk1.8.0_231/lib/visualvm/platform/config/Modules/org-netbeans-modules-autoupdate-cli.xml
jdk1.8.0_231/lib/visualvm/platform/config/Modules/org-netbeans-modules-keyring-fallback.xml
jdk1.8.0_231/lib/visualvm/platform/config/Modules/org-netbeans-api-search.xml
jdk1.8.0_231/lib/visualvm/platform/config/Modules/org-openide-windows.xml
jdk1.8.0_231/lib/visualvm/platform/config/Modules/org-netbeans-modules-sampler.xml
jdk1.8.0_231/lib/visualvm/platform/config/Modules/org-openide-text.xml
jdk1.8.0_231/lib/visualvm/platform/config/Modules/org-openide-dialogs.xml
jdk1.8.0_231/lib/visualvm/platform/config/Modules/org-openide-compat.xml
jdk1.8.0_231/lib/visualvm/platform/config/Modules/org-openide-io.xml
jdk1.8.0_231/lib/visualvm/platform/config/Modules/org-netbeans-core-io-ui.xml
jdk1.8.0_231/lib/visualvm/platform/config/Modules/org-netbeans-modules-core-kit.xml
jdk1.8.0_231/lib/visualvm/platform/config/Modules/org-netbeans-modules-keyring.xml
jdk1.8.0_231/lib/visualvm/platform/config/Modules/org-netbeans-modules-progress-ui.xml
jdk1.8.0_231/lib/visualvm/platform/config/Modules/org-netbeans-modules-applemenu.xml
jdk1.8.0_231/lib/visualvm/platform/config/Modules/org-netbeans-spi-quicksearch.xml
jdk1.8.0_231/lib/visualvm/platform/config/Modules/org-netbeans-modules-keyring-impl.xml
jdk1.8.0_231/lib/visualvm/platform/config/Modules/org-netbeans-modules-options-api.xml
jdk1.8.0_231/lib/visualvm/platform/config/Modules/org-openide-options.xml
jdk1.8.0_231/lib/visualvm/platform/config/Modules/org-netbeans-core-multiview.xml
jdk1.8.0_231/lib/visualvm/platform/config/Modules/org-netbeans-core.xml
jdk1.8.0_231/lib/visualvm/platform/config/Modules/org-netbeans-lib-uihandler.xml
jdk1.8.0_231/lib/visualvm/platform/config/Modules/org-netbeans-api-annotations-common.xml
jdk1.8.0_231/lib/visualvm/platform/core/
jdk1.8.0_231/lib/visualvm/platform/core/org-openide-filesystems.jar
jdk1.8.0_231/lib/visualvm/platform/core/core.jar
jdk1.8.0_231/lib/visualvm/platform/core/locale/
jdk1.8.0_231/lib/visualvm/platform/core/locale/core_zh_CN.jar
jdk1.8.0_231/lib/visualvm/platform/core/locale/core_ja.jar
jdk1.8.0_231/lib/visualvm/platform/core/locale/org-openide-filesystems_ja.jar
jdk1.8.0_231/lib/visualvm/platform/core/locale/org-openide-filesystems_zh_CN.jar
jdk1.8.0_231/lib/visualvm/platform/update_tracking/
jdk1.8.0_231/lib/visualvm/platform/update_tracking/org-openide-util.xml
jdk1.8.0_231/lib/visualvm/platform/update_tracking/org-openide-explorer.xml
jdk1.8.0_231/lib/visualvm/platform/update_tracking/org-netbeans-modules-options-keymap.xml
jdk1.8.0_231/lib/visualvm/platform/update_tracking/org-netbeans-modules-queries.xml
jdk1.8.0_231/lib/visualvm/platform/update_tracking/org-openide-loaders.xml
jdk1.8.0_231/lib/visualvm/platform/update_tracking/org-netbeans-core-output2.xml
jdk1.8.0_231/lib/visualvm/platform/update_tracking/org-netbeans-modules-spi-actions.xml
jdk1.8.0_231/lib/visualvm/platform/update_tracking/org-netbeans-swing-tabcontrol.xml
jdk1.8.0_231/lib/visualvm/platform/update_tracking/org-netbeans-modules-autoupdate-services.xml
jdk1.8.0_231/lib/visualvm/platform/update_tracking/org-netbeans-modules-autoupdate-ui.xml
jdk1.8.0_231/lib/visualvm/platform/update_tracking/org-netbeans-modules-javahelp.xml
jdk1.8.0_231/lib/visualvm/platform/update_tracking/org-openide-actions.xml
jdk1.8.0_231/lib/visualvm/platform/update_tracking/org-openide-execution.xml
jdk1.8.0_231/lib/visualvm/platform/update_tracking/org-netbeans-api-visual.xml
jdk1.8.0_231/lib/visualvm/platform/update_tracking/org-netbeans-modules-favorites.xml
jdk1.8.0_231/lib/visualvm/platform/update_tracking/org-netbeans-api-progress.xml
jdk1.8.0_231/lib/visualvm/platform/update_tracking/org-netbeans-swing-outline.xml
jdk1.8.0_231/lib/visualvm/platform/update_tracking/org-openide-nodes.xml
jdk1.8.0_231/lib/visualvm/platform/update_tracking/org-netbeans-modules-editor-mimelookup-impl.xml
jdk1.8.0_231/lib/visualvm/platform/update_tracking/org-netbeans-bootstrap.xml
jdk1.8.0_231/lib/visualvm/platform/update_tracking/org-netbeans-modules-editor-mimelookup.xml
jdk1.8.0_231/lib/visualvm/platform/update_tracking/org-openide-awt.xml
jdk1.8.0_231/lib/visualvm/platform/update_tracking/org-netbeans-swing-plaf.xml
jdk1.8.0_231/lib/visualvm/platform/update_tracking/org-openide-filesystems.xml
jdk1.8.0_231/lib/visualvm/platform/update_tracking/org-netbeans-modules-sendopts.xml
jdk1.8.0_231/lib/visualvm/platform/update_tracking/org-netbeans-modules-masterfs.xml
jdk1.8.0_231/lib/visualvm/platform/update_tracking/org-netbeans-core-ui.xml
jdk1.8.0_231/lib/visualvm/platform/update_tracking/org-netbeans-modules-settings.xml
jdk1.8.0_231/lib/visualvm/platform/update_tracking/org-openide-modules.xml
jdk1.8.0_231/lib/visualvm/platform/update_tracking/org-netbeans-modules-masterfs-nio2.xml
jdk1.8.0_231/lib/visualvm/platform/update_tracking/org-netbeans-modules-uihandler.xml
jdk1.8.0_231/lib/visualvm/platform/update_tracking/org-netbeans-core-execution.xml
jdk1.8.0_231/lib/visualvm/platform/update_tracking/org-openide-util-enumerations.xml
jdk1.8.0_231/lib/visualvm/platform/update_tracking/org-netbeans-modules-print.xml
jdk1.8.0_231/lib/visualvm/platform/update_tracking/org-netbeans-core-windows.xml
jdk1.8.0_231/lib/visualvm/platform/update_tracking/org-netbeans-modules-templates.xml
jdk1.8.0_231/lib/visualvm/platform/update_tracking/org-netbeans-core-multitabs.xml
jdk1.8.0_231/lib/visualvm/platform/update_tracking/org-netbeans-modules-autoupdate-cli.xml
jdk1.8.0_231/lib/visualvm/platform/update_tracking/org-netbeans-modules-keyring-fallback.xml
jdk1.8.0_231/lib/visualvm/platform/update_tracking/org-netbeans-api-search.xml
jdk1.8.0_231/lib/visualvm/platform/update_tracking/org-openide-windows.xml
jdk1.8.0_231/lib/visualvm/platform/update_tracking/org-netbeans-modules-sampler.xml
jdk1.8.0_231/lib/visualvm/platform/update_tracking/org-openide-text.xml
jdk1.8.0_231/lib/visualvm/platform/update_tracking/org-openide-dialogs.xml
jdk1.8.0_231/lib/visualvm/platform/update_tracking/org-openide-compat.xml
jdk1.8.0_231/lib/visualvm/platform/update_tracking/org-openide-io.xml
jdk1.8.0_231/lib/visualvm/platform/update_tracking/org-netbeans-core-io-ui.xml
jdk1.8.0_231/lib/visualvm/platform/update_tracking/org-netbeans-modules-core-kit.xml
jdk1.8.0_231/lib/visualvm/platform/update_tracking/org-netbeans-modules-keyring.xml
jdk1.8.0_231/lib/visualvm/platform/update_tracking/org-netbeans-modules-progress-ui.xml
jdk1.8.0_231/lib/visualvm/platform/update_tracking/org-netbeans-modules-applemenu.xml
jdk1.8.0_231/lib/visualvm/platform/update_tracking/org-netbeans-spi-quicksearch.xml
jdk1.8.0_231/lib/visualvm/platform/update_tracking/org-netbeans-modules-keyring-impl.xml
jdk1.8.0_231/lib/visualvm/platform/update_tracking/org-netbeans-modules-options-api.xml
jdk1.8.0_231/lib/visualvm/platform/update_tracking/org-netbeans-core-startup.xml
jdk1.8.0_231/lib/visualvm/platform/update_tracking/org-openide-options.xml
jdk1.8.0_231/lib/visualvm/platform/update_tracking/org-openide-util-lookup.xml
jdk1.8.0_231/lib/visualvm/platform/update_tracking/org-netbeans-core-multiview.xml
jdk1.8.0_231/lib/visualvm/platform/update_tracking/org-netbeans-core.xml
jdk1.8.0_231/lib/visualvm/platform/update_tracking/org-netbeans-lib-uihandler.xml
jdk1.8.0_231/lib/visualvm/platform/update_tracking/org-netbeans-api-annotations-common.xml
jdk1.8.0_231/lib/visualvm/etc/
jdk1.8.0_231/lib/visualvm/etc/visualvm.clusters
jdk1.8.0_231/lib/visualvm/etc/visualvm.conf
jdk1.8.0_231/lib/ir.idl
jdk1.8.0_231/lib/ct.sym
jdk1.8.0_231/lib/jexec
jdk1.8.0_231/lib/sa-jdi.jar
jdk1.8.0_231/lib/ant-javafx.jar
jdk1.8.0_231/lib/jconsole.jar
jdk1.8.0_231/lib/javafx-mx.jar
jdk1.8.0_231/lib/dt.jar
jdk1.8.0_231/lib/orb.idl
jdk1.8.0_231/lib/packager.jar
jdk1.8.0_231/lib/tools.jar
jdk1.8.0_231/lib/amd64/
jdk1.8.0_231/lib/amd64/jli/
jdk1.8.0_231/lib/amd64/jli/libjli.so
jdk1.8.0_231/lib/amd64/libjawt.so
jdk1.8.0_231/lib/missioncontrol/
jdk1.8.0_231/lib/missioncontrol/features/
jdk1.8.0_231/lib/missioncontrol/features/org.eclipse.equinox.p2.core.feature_1.3.0.v20140523-0116/
jdk1.8.0_231/lib/missioncontrol/features/org.eclipse.equinox.p2.core.feature_1.3.0.v20140523-0116/epl-v10.html
jdk1.8.0_231/lib/missioncontrol/features/org.eclipse.equinox.p2.core.feature_1.3.0.v20140523-0116/feature.properties
jdk1.8.0_231/lib/missioncontrol/features/org.eclipse.equinox.p2.core.feature_1.3.0.v20140523-0116/license.html
jdk1.8.0_231/lib/missioncontrol/features/org.eclipse.equinox.p2.core.feature_1.3.0.v20140523-0116/META-INF/
jdk1.8.0_231/lib/missioncontrol/features/org.eclipse.equinox.p2.core.feature_1.3.0.v20140523-0116/META-INF/MANIFEST.MF
jdk1.8.0_231/lib/missioncontrol/features/org.eclipse.equinox.p2.core.feature_1.3.0.v20140523-0116/META-INF/ECLIPSE_.SF
jdk1.8.0_231/lib/missioncontrol/features/org.eclipse.equinox.p2.core.feature_1.3.0.v20140523-0116/META-INF/ECLIPSE_.RSA
jdk1.8.0_231/lib/missioncontrol/features/org.eclipse.equinox.p2.core.feature_1.3.0.v20140523-0116/feature.xml
jdk1.8.0_231/lib/missioncontrol/features/com.jrockit.mc.feature.console_5.5.2.174165/
jdk1.8.0_231/lib/missioncontrol/features/com.jrockit.mc.feature.console_5.5.2.174165/feature.properties
jdk1.8.0_231/lib/missioncontrol/features/com.jrockit.mc.feature.console_5.5.2.174165/feature.xml
jdk1.8.0_231/lib/missioncontrol/features/org.eclipse.babel.nls_eclipse_ja_4.4.0.v20140623020002/
jdk1.8.0_231/lib/missioncontrol/features/org.eclipse.babel.nls_eclipse_ja_4.4.0.v20140623020002/epl-v10.html
jdk1.8.0_231/lib/missioncontrol/features/org.eclipse.babel.nls_eclipse_ja_4.4.0.v20140623020002/eclipse_update_120.jpg
jdk1.8.0_231/lib/missioncontrol/features/org.eclipse.babel.nls_eclipse_ja_4.4.0.v20140623020002/feature.properties
jdk1.8.0_231/lib/missioncontrol/features/org.eclipse.babel.nls_eclipse_ja_4.4.0.v20140623020002/about.html
jdk1.8.0_231/lib/missioncontrol/features/org.eclipse.babel.nls_eclipse_ja_4.4.0.v20140623020002/license.html
jdk1.8.0_231/lib/missioncontrol/features/org.eclipse.babel.nls_eclipse_ja_4.4.0.v20140623020002/feature.xml
jdk1.8.0_231/lib/missioncontrol/features/org.eclipse.ecf.filetransfer.feature_3.9.0.v20140827-1444/
jdk1.8.0_231/lib/missioncontrol/features/org.eclipse.ecf.filetransfer.feature_3.9.0.v20140827-1444/epl-v10.html
jdk1.8.0_231/lib/missioncontrol/features/org.eclipse.ecf.filetransfer.feature_3.9.0.v20140827-1444/asl-v20.txt
jdk1.8.0_231/lib/missioncontrol/features/org.eclipse.ecf.filetransfer.feature_3.9.0.v20140827-1444/feature.properties
jdk1.8.0_231/lib/missioncontrol/features/org.eclipse.ecf.filetransfer.feature_3.9.0.v20140827-1444/about.html
jdk1.8.0_231/lib/missioncontrol/features/org.eclipse.ecf.filetransfer.feature_3.9.0.v20140827-1444/license.html
jdk1.8.0_231/lib/missioncontrol/features/org.eclipse.ecf.filetransfer.feature_3.9.0.v20140827-1444/META-INF/
jdk1.8.0_231/lib/missioncontrol/features/org.eclipse.ecf.filetransfer.feature_3.9.0.v20140827-1444/META-INF/MANIFEST.MF
jdk1.8.0_231/lib/missioncontrol/features/org.eclipse.ecf.filetransfer.feature_3.9.0.v20140827-1444/META-INF/ECLIPSE_.SF
jdk1.8.0_231/lib/missioncontrol/features/org.eclipse.ecf.filetransfer.feature_3.9.0.v20140827-1444/META-INF/eclipse.inf
jdk1.8.0_231/lib/missioncontrol/features/org.eclipse.ecf.filetransfer.feature_3.9.0.v20140827-1444/META-INF/ECLIPSE_.RSA
jdk1.8.0_231/lib/missioncontrol/features/org.eclipse.ecf.filetransfer.feature_3.9.0.v20140827-1444/feature.xml
jdk1.8.0_231/lib/missioncontrol/features/com.jrockit.mc.feature.rcp.ja_5.5.2.174165/
jdk1.8.0_231/lib/missioncontrol/features/com.jrockit.mc.feature.rcp.ja_5.5.2.174165/feature.properties
jdk1.8.0_231/lib/missioncontrol/features/com.jrockit.mc.feature.rcp.ja_5.5.2.174165/feature.xml
jdk1.8.0_231/lib/missioncontrol/features/com.jrockit.mc.feature.core_5.5.2.174165/
jdk1.8.0_231/lib/missioncontrol/features/com.jrockit.mc.feature.core_5.5.2.174165/feature.properties
jdk1.8.0_231/lib/missioncontrol/features/com.jrockit.mc.feature.core_5.5.2.174165/feature.xml
jdk1.8.0_231/lib/missioncontrol/features/org.eclipse.ecf.filetransfer.httpclient4.feature_3.9.1.v20140827-1444/
jdk1.8.0_231/lib/missioncontrol/features/org.eclipse.ecf.filetransfer.httpclient4.feature_3.9.1.v20140827-1444/epl-v10.html
jdk1.8.0_231/lib/missioncontrol/features/org.eclipse.ecf.filetransfer.httpclient4.feature_3.9.1.v20140827-1444/asl-v20.txt
jdk1.8.0_231/lib/missioncontrol/features/org.eclipse.ecf.filetransfer.httpclient4.feature_3.9.1.v20140827-1444/feature.properties
jdk1.8.0_231/lib/missioncontrol/features/org.eclipse.ecf.filetransfer.httpclient4.feature_3.9.1.v20140827-1444/about.html
jdk1.8.0_231/lib/missioncontrol/features/org.eclipse.ecf.filetransfer.httpclient4.feature_3.9.1.v20140827-1444/license.html
jdk1.8.0_231/lib/missioncontrol/features/org.eclipse.ecf.filetransfer.httpclient4.feature_3.9.1.v20140827-1444/META-INF/
jdk1.8.0_231/lib/missioncontrol/features/org.eclipse.ecf.filetransfer.httpclient4.feature_3.9.1.v20140827-1444/META-INF/MANIFEST.MF
jdk1.8.0_231/lib/missioncontrol/features/org.eclipse.ecf.filetransfer.httpclient4.feature_3.9.1.v20140827-1444/META-INF/ECLIPSE_.SF
jdk1.8.0_231/lib/missioncontrol/features/org.eclipse.ecf.filetransfer.httpclient4.feature_3.9.1.v20140827-1444/META-INF/eclipse.inf
jdk1.8.0_231/lib/missioncontrol/features/org.eclipse.ecf.filetransfer.httpclient4.feature_3.9.1.v20140827-1444/META-INF/ECLIPSE_.RSA
jdk1.8.0_231/lib/missioncontrol/features/org.eclipse.ecf.filetransfer.httpclient4.feature_3.9.1.v20140827-1444/feature.xml
jdk1.8.0_231/lib/missioncontrol/features/com.jrockit.mc.feature.rcp_5.5.2.174165/
jdk1.8.0_231/lib/missioncontrol/features/com.jrockit.mc.feature.rcp_5.5.2.174165/feature.properties
jdk1.8.0_231/lib/missioncontrol/features/com.jrockit.mc.feature.rcp_5.5.2.174165/feature.xml
jdk1.8.0_231/lib/missioncontrol/features/org.eclipse.babel.nls_eclipse_zh_4.4.0.v20140623020002/
jdk1.8.0_231/lib/missioncontrol/features/org.eclipse.babel.nls_eclipse_zh_4.4.0.v20140623020002/epl-v10.html
jdk1.8.0_231/lib/missioncontrol/features/org.eclipse.babel.nls_eclipse_zh_4.4.0.v20140623020002/eclipse_update_120.jpg
jdk1.8.0_231/lib/missioncontrol/features/org.eclipse.babel.nls_eclipse_zh_4.4.0.v20140623020002/feature.properties
jdk1.8.0_231/lib/missioncontrol/features/org.eclipse.babel.nls_eclipse_zh_4.4.0.v20140623020002/about.html
jdk1.8.0_231/lib/missioncontrol/features/org.eclipse.babel.nls_eclipse_zh_4.4.0.v20140623020002/license.html
jdk1.8.0_231/lib/missioncontrol/features/org.eclipse.babel.nls_eclipse_zh_4.4.0.v20140623020002/feature.xml
jdk1.8.0_231/lib/missioncontrol/features/org.eclipse.rcp_4.4.0.v20141007-2301/
jdk1.8.0_231/lib/missioncontrol/features/org.eclipse.rcp_4.4.0.v20141007-2301/epl-v10.html
jdk1.8.0_231/lib/missioncontrol/features/org.eclipse.rcp_4.4.0.v20141007-2301/feature.properties
jdk1.8.0_231/lib/missioncontrol/features/org.eclipse.rcp_4.4.0.v20141007-2301/license.html
jdk1.8.0_231/lib/missioncontrol/features/org.eclipse.rcp_4.4.0.v20141007-2301/META-INF/
jdk1.8.0_231/lib/missioncontrol/features/org.eclipse.rcp_4.4.0.v20141007-2301/META-INF/MANIFEST.MF
jdk1.8.0_231/lib/missioncontrol/features/org.eclipse.rcp_4.4.0.v20141007-2301/feature.xml
jdk1.8.0_231/lib/missioncontrol/features/org.eclipse.ecf.core.feature_1.1.0.v20140827-1444/
jdk1.8.0_231/lib/missioncontrol/features/org.eclipse.ecf.core.feature_1.1.0.v20140827-1444/epl-v10.html
jdk1.8.0_231/lib/missioncontrol/features/org.eclipse.ecf.core.feature_1.1.0.v20140827-1444/feature.properties
jdk1.8.0_231/lib/missioncontrol/features/org.eclipse.ecf.core.feature_1.1.0.v20140827-1444/about.html
jdk1.8.0_231/lib/missioncontrol/features/org.eclipse.ecf.core.feature_1.1.0.v20140827-1444/license.html
jdk1.8.0_231/lib/missioncontrol/features/org.eclipse.ecf.core.feature_1.1.0.v20140827-1444/META-INF/
jdk1.8.0_231/lib/missioncontrol/features/org.eclipse.ecf.core.feature_1.1.0.v20140827-1444/META-INF/MANIFEST.MF
jdk1.8.0_231/lib/missioncontrol/features/org.eclipse.ecf.core.feature_1.1.0.v20140827-1444/META-INF/ECLIPSE_.SF
jdk1.8.0_231/lib/missioncontrol/features/org.eclipse.ecf.core.feature_1.1.0.v20140827-1444/META-INF/eclipse.inf
jdk1.8.0_231/lib/missioncontrol/features/org.eclipse.ecf.core.feature_1.1.0.v20140827-1444/META-INF/ECLIPSE_.RSA
jdk1.8.0_231/lib/missioncontrol/features/org.eclipse.ecf.core.feature_1.1.0.v20140827-1444/feature.xml
jdk1.8.0_231/lib/missioncontrol/features/org.eclipse.ecf.filetransfer.ssl.feature_1.0.0.v20140827-1444/
jdk1.8.0_231/lib/missioncontrol/features/org.eclipse.ecf.filetransfer.ssl.feature_1.0.0.v20140827-1444/epl-v10.html
jdk1.8.0_231/lib/missioncontrol/features/org.eclipse.ecf.filetransfer.ssl.feature_1.0.0.v20140827-1444/feature.properties
jdk1.8.0_231/lib/missioncontrol/features/org.eclipse.ecf.filetransfer.ssl.feature_1.0.0.v20140827-1444/about.html
jdk1.8.0_231/lib/missioncontrol/features/org.eclipse.ecf.filetransfer.ssl.feature_1.0.0.v20140827-1444/license.html
jdk1.8.0_231/lib/missioncontrol/features/org.eclipse.ecf.filetransfer.ssl.feature_1.0.0.v20140827-1444/META-INF/
jdk1.8.0_231/lib/missioncontrol/features/org.eclipse.ecf.filetransfer.ssl.feature_1.0.0.v20140827-1444/META-INF/MANIFEST.MF
jdk1.8.0_231/lib/missioncontrol/features/org.eclipse.ecf.filetransfer.ssl.feature_1.0.0.v20140827-1444/META-INF/ECLIPSE_.SF
jdk1.8.0_231/lib/missioncontrol/features/org.eclipse.ecf.filetransfer.ssl.feature_1.0.0.v20140827-1444/META-INF/eclipse.inf
jdk1.8.0_231/lib/missioncontrol/features/org.eclipse.ecf.filetransfer.ssl.feature_1.0.0.v20140827-1444/META-INF/ECLIPSE_.RSA
jdk1.8.0_231/lib/missioncontrol/features/org.eclipse.ecf.filetransfer.ssl.feature_1.0.0.v20140827-1444/feature.xml
jdk1.8.0_231/lib/missioncontrol/features/org.eclipse.equinox.p2.rcp.feature_1.2.0.v20140523-0116/
jdk1.8.0_231/lib/missioncontrol/features/org.eclipse.equinox.p2.rcp.feature_1.2.0.v20140523-0116/epl-v10.html
jdk1.8.0_231/lib/missioncontrol/features/org.eclipse.equinox.p2.rcp.feature_1.2.0.v20140523-0116/feature.properties
jdk1.8.0_231/lib/missioncontrol/features/org.eclipse.equinox.p2.rcp.feature_1.2.0.v20140523-0116/license.html
jdk1.8.0_231/lib/missioncontrol/features/org.eclipse.equinox.p2.rcp.feature_1.2.0.v20140523-0116/META-INF/
jdk1.8.0_231/lib/missioncontrol/features/org.eclipse.equinox.p2.rcp.feature_1.2.0.v20140523-0116/META-INF/MANIFEST.MF
jdk1.8.0_231/lib/missioncontrol/features/org.eclipse.equinox.p2.rcp.feature_1.2.0.v20140523-0116/META-INF/ECLIPSE_.SF
jdk1.8.0_231/lib/missioncontrol/features/org.eclipse.equinox.p2.rcp.feature_1.2.0.v20140523-0116/META-INF/ECLIPSE_.RSA
jdk1.8.0_231/lib/missioncontrol/features/org.eclipse.equinox.p2.rcp.feature_1.2.0.v20140523-0116/feature.xml
jdk1.8.0_231/lib/missioncontrol/features/org.eclipse.emf.common_2.10.1.v20140901-1043/
jdk1.8.0_231/lib/missioncontrol/features/org.eclipse.emf.common_2.10.1.v20140901-1043/epl-v10.html
jdk1.8.0_231/lib/missioncontrol/features/org.eclipse.emf.common_2.10.1.v20140901-1043/feature.properties
jdk1.8.0_231/lib/missioncontrol/features/org.eclipse.emf.common_2.10.1.v20140901-1043/license.html
jdk1.8.0_231/lib/missioncontrol/features/org.eclipse.emf.common_2.10.1.v20140901-1043/META-INF/
jdk1.8.0_231/lib/missioncontrol/features/org.eclipse.emf.common_2.10.1.v20140901-1043/META-INF/MANIFEST.MF
jdk1.8.0_231/lib/missioncontrol/features/org.eclipse.emf.common_2.10.1.v20140901-1043/META-INF/ECLIPSE_.SF
jdk1.8.0_231/lib/missioncontrol/features/org.eclipse.emf.common_2.10.1.v20140901-1043/META-INF/eclipse.inf
jdk1.8.0_231/lib/missioncontrol/features/org.eclipse.emf.common_2.10.1.v20140901-1043/META-INF/ECLIPSE_.RSA
jdk1.8.0_231/lib/missioncontrol/features/org.eclipse.emf.common_2.10.1.v20140901-1043/feature.xml
jdk1.8.0_231/lib/missioncontrol/features/org.eclipse.emf.ecore_2.10.1.v20140901-1043/
jdk1.8.0_231/lib/missioncontrol/features/org.eclipse.emf.ecore_2.10.1.v20140901-1043/epl-v10.html
jdk1.8.0_231/lib/missioncontrol/features/org.eclipse.emf.ecore_2.10.1.v20140901-1043/feature.properties
jdk1.8.0_231/lib/missioncontrol/features/org.eclipse.emf.ecore_2.10.1.v20140901-1043/license.html
jdk1.8.0_231/lib/missioncontrol/features/org.eclipse.emf.ecore_2.10.1.v20140901-1043/META-INF/
jdk1.8.0_231/lib/missioncontrol/features/org.eclipse.emf.ecore_2.10.1.v20140901-1043/META-INF/MANIFEST.MF
jdk1.8.0_231/lib/missioncontrol/features/org.eclipse.emf.ecore_2.10.1.v20140901-1043/META-INF/ECLIPSE_.SF
jdk1.8.0_231/lib/missioncontrol/features/org.eclipse.emf.ecore_2.10.1.v20140901-1043/META-INF/eclipse.inf
jdk1.8.0_231/lib/missioncontrol/features/org.eclipse.emf.ecore_2.10.1.v20140901-1043/META-INF/ECLIPSE_.RSA
jdk1.8.0_231/lib/missioncontrol/features/org.eclipse.emf.ecore_2.10.1.v20140901-1043/feature.xml
jdk1.8.0_231/lib/missioncontrol/features/org.eclipse.help_2.0.102.v20141007-2301/
jdk1.8.0_231/lib/missioncontrol/features/org.eclipse.help_2.0.102.v20141007-2301/epl-v10.html
jdk1.8.0_231/lib/missioncontrol/features/org.eclipse.help_2.0.102.v20141007-2301/feature.properties
jdk1.8.0_231/lib/missioncontrol/features/org.eclipse.help_2.0.102.v20141007-2301/license.html
jdk1.8.0_231/lib/missioncontrol/features/org.eclipse.help_2.0.102.v20141007-2301/META-INF/
jdk1.8.0_231/lib/missioncontrol/features/org.eclipse.help_2.0.102.v20141007-2301/META-INF/MANIFEST.MF
jdk1.8.0_231/lib/missioncontrol/features/org.eclipse.help_2.0.102.v20141007-2301/feature.xml
jdk1.8.0_231/lib/missioncontrol/features/org.eclipse.e4.rcp_1.3.100.v20141007-2033/
jdk1.8.0_231/lib/missioncontrol/features/org.eclipse.e4.rcp_1.3.100.v20141007-2033/epl-v10.html
jdk1.8.0_231/lib/missioncontrol/features/org.eclipse.e4.rcp_1.3.100.v20141007-2033/feature.properties
jdk1.8.0_231/lib/missioncontrol/features/org.eclipse.e4.rcp_1.3.100.v20141007-2033/license.html
jdk1.8.0_231/lib/missioncontrol/features/org.eclipse.e4.rcp_1.3.100.v20141007-2033/META-INF/
jdk1.8.0_231/lib/missioncontrol/features/org.eclipse.e4.rcp_1.3.100.v20141007-2033/META-INF/MANIFEST.MF
jdk1.8.0_231/lib/missioncontrol/features/org.eclipse.e4.rcp_1.3.100.v20141007-2033/feature.xml
jdk1.8.0_231/lib/missioncontrol/features/com.jrockit.mc.rcp.product_5.5.2.174165/
jdk1.8.0_231/lib/missioncontrol/features/com.jrockit.mc.rcp.product_5.5.2.174165/feature.properties
jdk1.8.0_231/lib/missioncontrol/features/com.jrockit.mc.rcp.product_5.5.2.174165/feature.xml
jdk1.8.0_231/lib/missioncontrol/features/org.eclipse.ecf.core.ssl.feature_1.0.0.v20140827-1444/
jdk1.8.0_231/lib/missioncontrol/features/org.eclipse.ecf.core.ssl.feature_1.0.0.v20140827-1444/epl-v10.html
jdk1.8.0_231/lib/missioncontrol/features/org.eclipse.ecf.core.ssl.feature_1.0.0.v20140827-1444/feature.properties
jdk1.8.0_231/lib/missioncontrol/features/org.eclipse.ecf.core.ssl.feature_1.0.0.v20140827-1444/about.html
jdk1.8.0_231/lib/missioncontrol/features/org.eclipse.ecf.core.ssl.feature_1.0.0.v20140827-1444/license.html
jdk1.8.0_231/lib/missioncontrol/features/org.eclipse.ecf.core.ssl.feature_1.0.0.v20140827-1444/META-INF/
jdk1.8.0_231/lib/missioncontrol/features/org.eclipse.ecf.core.ssl.feature_1.0.0.v20140827-1444/META-INF/MANIFEST.MF
jdk1.8.0_231/lib/missioncontrol/features/org.eclipse.ecf.core.ssl.feature_1.0.0.v20140827-1444/META-INF/ECLIPSE_.SF
jdk1.8.0_231/lib/missioncontrol/features/org.eclipse.ecf.core.ssl.feature_1.0.0.v20140827-1444/META-INF/eclipse.inf
jdk1.8.0_231/lib/missioncontrol/features/org.eclipse.ecf.core.ssl.feature_1.0.0.v20140827-1444/META-INF/ECLIPSE_.RSA
jdk1.8.0_231/lib/missioncontrol/features/org.eclipse.ecf.core.ssl.feature_1.0.0.v20140827-1444/feature.xml
jdk1.8.0_231/lib/missioncontrol/features/com.jrockit.mc.feature.flightrecorder_5.5.2.174165/
jdk1.8.0_231/lib/missioncontrol/features/com.jrockit.mc.feature.flightrecorder_5.5.2.174165/feature.properties
jdk1.8.0_231/lib/missioncontrol/features/com.jrockit.mc.feature.flightrecorder_5.5.2.174165/feature.xml
jdk1.8.0_231/lib/missioncontrol/features/com.jrockit.mc.feature.rcp.zh_CN_5.5.2.174165/
jdk1.8.0_231/lib/missioncontrol/features/com.jrockit.mc.feature.rcp.zh_CN_5.5.2.174165/feature.properties
jdk1.8.0_231/lib/missioncontrol/features/com.jrockit.mc.feature.rcp.zh_CN_5.5.2.174165/feature.xml
jdk1.8.0_231/lib/missioncontrol/features/org.eclipse.ecf.filetransfer.httpclient4.ssl.feature_1.0.0.v20140827-1444/
jdk1.8.0_231/lib/missioncontrol/features/org.eclipse.ecf.filetransfer.httpclient4.ssl.feature_1.0.0.v20140827-1444/epl-v10.html
jdk1.8.0_231/lib/missioncontrol/features/org.eclipse.ecf.filetransfer.httpclient4.ssl.feature_1.0.0.v20140827-1444/asl-v20.txt
jdk1.8.0_231/lib/missioncontrol/features/org.eclipse.ecf.filetransfer.httpclient4.ssl.feature_1.0.0.v20140827-1444/feature.properties
jdk1.8.0_231/lib/missioncontrol/features/org.eclipse.ecf.filetransfer.httpclient4.ssl.feature_1.0.0.v20140827-1444/about.html
jdk1.8.0_231/lib/missioncontrol/features/org.eclipse.ecf.filetransfer.httpclient4.ssl.feature_1.0.0.v20140827-1444/license.html
jdk1.8.0_231/lib/missioncontrol/features/org.eclipse.ecf.filetransfer.httpclient4.ssl.feature_1.0.0.v20140827-1444/META-INF/
jdk1.8.0_231/lib/missioncontrol/features/org.eclipse.ecf.filetransfer.httpclient4.ssl.feature_1.0.0.v20140827-1444/META-INF/MANIFEST.MF
jdk1.8.0_231/lib/missioncontrol/features/org.eclipse.ecf.filetransfer.httpclient4.ssl.feature_1.0.0.v20140827-1444/META-INF/ECLIPSE_.SF
jdk1.8.0_231/lib/missioncontrol/features/org.eclipse.ecf.filetransfer.httpclient4.ssl.feature_1.0.0.v20140827-1444/META-INF/eclipse.inf
jdk1.8.0_231/lib/missioncontrol/features/org.eclipse.ecf.filetransfer.httpclient4.ssl.feature_1.0.0.v20140827-1444/META-INF/ECLIPSE_.RSA
jdk1.8.0_231/lib/missioncontrol/features/org.eclipse.ecf.filetransfer.httpclient4.ssl.feature_1.0.0.v20140827-1444/feature.xml
jdk1.8.0_231/lib/missioncontrol/plugins/
jdk1.8.0_231/lib/missioncontrol/plugins/org.eclipse.jetty.continuation_8.1.14.v20131031.jar
jdk1.8.0_231/lib/missioncontrol/plugins/org.eclipse.equinox.simpleconfigurator.manipulator.nl_zh_4.4.0.v20140623020002.jar
jdk1.8.0_231/lib/missioncontrol/plugins/org.eclipse.swt_3.103.1.v20140903-1938.jar
jdk1.8.0_231/lib/missioncontrol/plugins/org.eclipse.equinox.jsp.jasper.registry_1.0.300.v20130327-1442.jar
jdk1.8.0_231/lib/missioncontrol/plugins/org.eclipse.update.configurator.nl_zh_4.4.0.v20140623020002.jar
jdk1.8.0_231/lib/missioncontrol/plugins/org.eclipse.equinox.http.registry_1.1.300.v20130402-1529.jar
jdk1.8.0_231/lib/missioncontrol/plugins/org.eclipse.update.configurator.nl_ja_4.4.0.v20140623020002.jar
jdk1.8.0_231/lib/missioncontrol/plugins/com.jrockit.mc.rjmx.ui_5.5.2.174165.jar
jdk1.8.0_231/lib/missioncontrol/plugins/org.eclipse.equinox.p2.director.app.nl_ja_4.4.0.v20140623020002.jar
jdk1.8.0_231/lib/missioncontrol/plugins/org.eclipse.equinox.p2.console.nl_ja_4.4.0.v20140623020002.jar
jdk1.8.0_231/lib/missioncontrol/plugins/org.eclipse.ui.forms_3.6.100.v20140422-1825.jar
jdk1.8.0_231/lib/missioncontrol/plugins/org.eclipse.e4.ui.workbench3_0.12.0.v20140227-2118.jar
jdk1.8.0_231/lib/missioncontrol/plugins/org.w3c.dom.events_3.0.0.draft20060413_v201105210656.jar
jdk1.8.0_231/lib/missioncontrol/plugins/com.jrockit.mc.browser.attach.zh_CN_5.5.2.174165.jar
jdk1.8.0_231/lib/missioncontrol/plugins/javax.annotation_1.2.0.v201401042248.jar
jdk1.8.0_231/lib/missioncontrol/plugins/com.jrockit.mc.flightrecorder.controlpanel.ui.ja_5.5.2.174165.jar
jdk1.8.0_231/lib/missioncontrol/plugins/org.eclipse.core.jobs_3.6.0.v20140424-0053.jar
jdk1.8.0_231/lib/missioncontrol/plugins/org.eclipse.equinox.p2.metadata.repository_1.2.100.v20131209-2144.jar
jdk1.8.0_231/lib/missioncontrol/plugins/org.eclipse.osgi.services_3.4.0.v20140312-2051.jar
jdk1.8.0_231/lib/missioncontrol/plugins/org.eclipse.help.ui_4.0.100.v20140401-0608.jar
jdk1.8.0_231/lib/missioncontrol/plugins/org.eclipse.help.base.nl_zh_4.4.0.v20140623020002.jar
jdk1.8.0_231/lib/missioncontrol/plugins/org.eclipse.equinox.p2.touchpoint.eclipse.nl_zh_4.4.0.v20140623020002.jar
jdk1.8.0_231/lib/missioncontrol/plugins/org.eclipse.equinox.jsp.jasper_1.0.400.v20130327-1442.jar
jdk1.8.0_231/lib/missioncontrol/plugins/org.eclipse.equinox.bidi_0.10.0.v20130327-1442.jar
jdk1.8.0_231/lib/missioncontrol/plugins/org.eclipse.equinox.p2.ui.sdk.scheduler_1.2.0.v20140422-1847.jar
jdk1.8.0_231/lib/missioncontrol/plugins/org.eclipse.equinox.p2.metadata.nl_ja_4.4.0.v20140623020002.jar
jdk1.8.0_231/lib/missioncontrol/plugins/org.eclipse.equinox.p2.publisher_1.3.0.v20140911-0143.jar
jdk1.8.0_231/lib/missioncontrol/plugins/com.jrockit.mc.console.ui.ja_5.5.2.174165.jar
jdk1.8.0_231/lib/missioncontrol/plugins/org.eclipse.jface_3.10.1.v20140813-1009.jar
jdk1.8.0_231/lib/missioncontrol/plugins/org.eclipse.ui.intro_3.4.200.v20130326-1254.jar
jdk1.8.0_231/lib/missioncontrol/plugins/org.eclipse.ui.workbench.nl_ja_4.4.0.v20140623020002.jar
jdk1.8.0_231/lib/missioncontrol/plugins/org.eclipse.equinox.launcher.nl_ja_4.4.0.v20140623020002.jar
jdk1.8.0_231/lib/missioncontrol/plugins/org.eclipse.help.webapp.nl_zh_4.4.0.v20140623020002.jar
jdk1.8.0_231/lib/missioncontrol/plugins/com.jrockit.mc.flightrecorder.ui.ja_5.5.2.174165.jar
jdk1.8.0_231/lib/missioncontrol/plugins/org.eclipse.equinox.p2.artifact.repository.nl_zh_4.4.0.v20140623020002.jar
jdk1.8.0_231/lib/missioncontrol/plugins/org.eclipse.osgi.nl_ja_4.4.0.v20140623020002.jar
jdk1.8.0_231/lib/missioncontrol/plugins/org.eclipse.e4.ui.di.nl_ja_4.4.0.v20140623020002.jar
jdk1.8.0_231/lib/missioncontrol/plugins/org.eclipse.equinox.p2.jarprocessor.nl_zh_4.4.0.v20140623020002.jar
jdk1.8.0_231/lib/missioncontrol/plugins/org.eclipse.equinox.p2.updatechecker_1.1.200.v20131119-0908.jar
jdk1.8.0_231/lib/missioncontrol/plugins/com.jrockit.mc.console.ui.notification.ja_5.5.2.174165.jar
jdk1.8.0_231/lib/missioncontrol/plugins/org.apache.commons.logging_1.1.1.v201101211721.jar
jdk1.8.0_231/lib/missioncontrol/plugins/org.eclipse.equinox.p2.transport.ecf.nl_zh_4.4.0.v20140623020002.jar
jdk1.8.0_231/lib/missioncontrol/plugins/org.eclipse.e4.ui.widgets.nl_zh_4.4.0.v20140623020002.jar
jdk1.8.0_231/lib/missioncontrol/plugins/com.jrockit.mc.rcp.intro.zh_CN_5.5.2.174165.jar
jdk1.8.0_231/lib/missioncontrol/plugins/org.eclipse.equinox.http.servlet_1.1.500.v20140318-1755.jar
jdk1.8.0_231/lib/missioncontrol/plugins/org.eclipse.e4.core.contexts_1.3.100.v20140407-1019.jar
jdk1.8.0_231/lib/missioncontrol/plugins/org.eclipse.jface.databinding.nl_ja_4.4.0.v20140623020002.jar
jdk1.8.0_231/lib/missioncontrol/plugins/org.eclipse.equinox.p2.metadata_2.2.0.v20131211-1531.jar
jdk1.8.0_231/lib/missioncontrol/plugins/org.eclipse.core.databinding.property.nl_ja_4.4.0.v20140623020002.jar
jdk1.8.0_231/lib/missioncontrol/plugins/org.eclipse.equinox.p2.directorywatcher.nl_zh_4.4.0.v20140623020002.jar
jdk1.8.0_231/lib/missioncontrol/plugins/org.eclipse.core.net.linux.x86_64.nl_zh_4.4.0.v20140623020002.jar
jdk1.8.0_231/lib/missioncontrol/plugins/org.eclipse.equinox.launcher.gtk.linux.x86_64_1.1.200.v20141007-2033/
jdk1.8.0_231/lib/missioncontrol/plugins/org.eclipse.equinox.launcher.gtk.linux.x86_64_1.1.200.v20141007-2033/eclipse_1605.so
jdk1.8.0_231/lib/missioncontrol/plugins/org.eclipse.equinox.launcher.gtk.linux.x86_64_1.1.200.v20141007-2033/launcher.gtk.linux.x86_64.properties
jdk1.8.0_231/lib/missioncontrol/plugins/org.eclipse.equinox.launcher.gtk.linux.x86_64_1.1.200.v20141007-2033/about.html
jdk1.8.0_231/lib/missioncontrol/plugins/org.eclipse.equinox.launcher.gtk.linux.x86_64_1.1.200.v20141007-2033/META-INF/
jdk1.8.0_231/lib/missioncontrol/plugins/org.eclipse.equinox.launcher.gtk.linux.x86_64_1.1.200.v20141007-2033/META-INF/MANIFEST.MF
jdk1.8.0_231/lib/missioncontrol/plugins/com.jrockit.mc.alert.zh_CN_5.5.2.174165.jar
jdk1.8.0_231/lib/missioncontrol/plugins/com.jrockit.mc.browser.jdp.zh_CN_5.5.2.174165.jar
jdk1.8.0_231/lib/missioncontrol/plugins/org.eclipse.equinox.p2.metadata.repository.nl_ja_4.4.0.v20140623020002.jar
jdk1.8.0_231/lib/missioncontrol/plugins/com.jrockit.mc.docs_5.5.2.174165.jar
jdk1.8.0_231/lib/missioncontrol/plugins/org.eclipse.equinox.p2.engine.nl_ja_4.4.0.v20140623020002.jar
jdk1.8.0_231/lib/missioncontrol/plugins/org.eclipse.core.databinding.beans.nl_ja_4.4.0.v20140623020002.jar
jdk1.8.0_231/lib/missioncontrol/plugins/org.eclipse.ui.nl_zh_4.4.0.v20140623020002.jar
jdk1.8.0_231/lib/missioncontrol/plugins/org.eclipse.equinox.frameworkadmin.equinox_1.0.500.v20131211-1531.jar
jdk1.8.0_231/lib/missioncontrol/plugins/org.eclipse.core.databinding_1.4.2.v20140729-1044.jar
jdk1.8.0_231/lib/missioncontrol/plugins/org.eclipse.equinox.registry_3.5.400.v20140428-1507.jar
jdk1.8.0_231/lib/missioncontrol/plugins/org.eclipse.jface.text.nl_ja_4.4.0.v20140623020002.jar
jdk1.8.0_231/lib/missioncontrol/plugins/org.eclipse.jetty.util_8.1.14.v20131031.jar
jdk1.8.0_231/lib/missioncontrol/plugins/org.eclipse.equinox.p2.ui.sdk.scheduler.nl_zh_4.4.0.v20140623020002.jar
jdk1.8.0_231/lib/missioncontrol/plugins/org.eclipse.e4.core.di_1.4.0.v20140414-1837.jar
jdk1.8.0_231/lib/missioncontrol/plugins/org.eclipse.equinox.p2.engine_2.3.0.v20140506-1720.jar
jdk1.8.0_231/lib/missioncontrol/plugins/com.ibm.icu_52.1.0.v201404241930.jar
jdk1.8.0_231/lib/missioncontrol/plugins/com.jrockit.mc.docs.zh_CN_5.5.2.174165.jar
jdk1.8.0_231/lib/missioncontrol/plugins/org.eclipse.core.databinding.observable.nl_zh_4.4.0.v20140623020002.jar
jdk1.8.0_231/lib/missioncontrol/plugins/org.eclipse.help.ui.nl_zh_4.4.0.v20140623020002.jar
jdk1.8.0_231/lib/missioncontrol/plugins/org.eclipse.equinox.p2.director.nl_zh_4.4.0.v20140623020002.jar
jdk1.8.0_231/lib/missioncontrol/plugins/com.jrockit.mc.browser.ja_5.5.2.174165.jar
jdk1.8.0_231/lib/missioncontrol/plugins/org.eclipse.equinox.p2.artifact.repository.nl_ja_4.4.0.v20140623020002.jar
jdk1.8.0_231/lib/missioncontrol/plugins/com.jrockit.mc.greychart.ui.ja_5.5.2.174165.jar
jdk1.8.0_231/lib/missioncontrol/plugins/com.jrockit.mc.flightrecorder.ui_5.5.2.174165.jar
jdk1.8.0_231/lib/missioncontrol/plugins/com.jrockit.mc.console.historicaldata_5.5.2.174165.jar
jdk1.8.0_231/lib/missioncontrol/plugins/com.jrockit.mc.rcp.application.zh_CN_5.5.2.174165.jar
jdk1.8.0_231/lib/missioncontrol/plugins/com.jrockit.mc.p2.ui.overridden_5.5.2.174165.jar
jdk1.8.0_231/lib/missioncontrol/plugins/org.eclipse.equinox.p2.publisher.eclipse.nl_zh_4.4.0.v20140623020002.jar
jdk1.8.0_231/lib/missioncontrol/plugins/org.eclipse.core.commands.nl_ja_4.4.0.v20140623020002.jar
jdk1.8.0_231/lib/missioncontrol/plugins/org.eclipse.swt.nl_zh_4.4.0.v20140623020002.jar
jdk1.8.0_231/lib/missioncontrol/plugins/org.apache.httpcomponents.httpcore_4.2.5.v201311072007.jar
jdk1.8.0_231/lib/missioncontrol/plugins/org.eclipse.equinox.p2.core.nl_zh_4.4.0.v20140623020002.jar
jdk1.8.0_231/lib/missioncontrol/plugins/org.eclipse.equinox.p2.director_2.3.100.v20140224-1921.jar
jdk1.8.0_231/lib/missioncontrol/plugins/com.jrockit.mc.rcp.application_5.5.2.174165.jar
jdk1.8.0_231/lib/missioncontrol/plugins/org.eclipse.e4.ui.workbench.renderers.swt.nl_ja_4.4.0.v20140623020002.jar
jdk1.8.0_231/lib/missioncontrol/plugins/com.jrockit.mc.flightrecorder.controlpanel.ui_5.5.2.174165.jar
jdk1.8.0_231/lib/missioncontrol/plugins/org.eclipse.e4.ui.bindings.nl_ja_4.4.0.v20140623020002.jar
jdk1.8.0_231/lib/missioncontrol/plugins/org.eclipse.ecf.identity_3.4.0.v20140827-1444.jar
jdk1.8.0_231/lib/missioncontrol/plugins/com.jrockit.mc.flightrecorder.controlpanel.ui.configuration_5.5.2.174165.jar
jdk1.8.0_231/lib/missioncontrol/plugins/org.eclipse.text.nl_zh_4.4.0.v20140623020002.jar
jdk1.8.0_231/lib/missioncontrol/plugins/org.eclipse.jface.nl_zh_4.4.0.v20140623020002.jar
jdk1.8.0_231/lib/missioncontrol/plugins/org.eclipse.equinox.p2.operations_2.4.0.v20131119-0908.jar
jdk1.8.0_231/lib/missioncontrol/plugins/org.eclipse.jface.text_3.9.1.v20140827-1810.jar
jdk1.8.0_231/lib/missioncontrol/plugins/org.eclipse.core.databinding.observable.nl_ja_4.4.0.v20140623020002.jar
jdk1.8.0_231/lib/missioncontrol/plugins/org.apache.batik.util.gui_1.7.0.v200903091627.jar
jdk1.8.0_231/lib/missioncontrol/plugins/com.jrockit.mc.alert.ja_5.5.2.174165.jar
jdk1.8.0_231/lib/missioncontrol/plugins/org.eclipse.equinox.p2.touchpoint.eclipse.nl_ja_4.4.0.v20140623020002.jar
jdk1.8.0_231/lib/missioncontrol/plugins/org.eclipse.jetty.server_8.1.14.v20131031.jar
jdk1.8.0_231/lib/missioncontrol/plugins/com.jrockit.mc.console.ui.zh_CN_5.5.2.174165.jar
jdk1.8.0_231/lib/missioncontrol/plugins/org.apache.felix.gogo.runtime_0.10.0.v201209301036.jar
jdk1.8.0_231/lib/missioncontrol/plugins/org.eclipse.ecf.provider.filetransfer_3.2.200.v20140827-1444.jar
jdk1.8.0_231/lib/missioncontrol/plugins/org.eclipse.equinox.p2.touchpoint.eclipse_2.1.200.v20140512-1650.jar
jdk1.8.0_231/lib/missioncontrol/plugins/javax.el_2.2.0.v201303151357.jar
jdk1.8.0_231/lib/missioncontrol/plugins/com.jrockit.mc.flightrecorder.controlpanel.ui.zh_CN_5.5.2.174165.jar
jdk1.8.0_231/lib/missioncontrol/plugins/com.jrockit.mc.console.ui.mbeanbrowser_5.5.2.174165.jar
jdk1.8.0_231/lib/missioncontrol/plugins/org.eclipse.e4.ui.model.workbench.nl_zh_4.4.0.v20140623020002.jar
jdk1.8.0_231/lib/missioncontrol/plugins/com.jrockit.mc.browser.attach_5.5.2.174165.jar
jdk1.8.0_231/lib/missioncontrol/plugins/org.eclipse.equinox.p2.publisher.nl_ja_4.4.0.v20140623020002.jar
jdk1.8.0_231/lib/missioncontrol/plugins/org.eclipse.rcp_4.3.100.v20141007-2301.jar
jdk1.8.0_231/lib/missioncontrol/plugins/org.eclipse.core.expressions_3.4.600.v20140128-0851.jar
jdk1.8.0_231/lib/missioncontrol/plugins/org.eclipse.equinox.p2.jarprocessor_1.0.300.v20131211-1531.jar
jdk1.8.0_231/lib/missioncontrol/plugins/org.eclipse.equinox.p2.touchpoint.natives_1.1.100.v20140523-0116.jar
jdk1.8.0_231/lib/missioncontrol/plugins/org.eclipse.e4.core.commands_0.10.2.v20140424-2344.jar
jdk1.8.0_231/lib/missioncontrol/plugins/org.eclipse.equinox.p2.transport.ecf_1.1.0.v20140408-1354.jar
jdk1.8.0_231/lib/missioncontrol/plugins/org.eclipse.equinox.frameworkadmin_2.0.100.v20131209-2144.jar
jdk1.8.0_231/lib/missioncontrol/plugins/org.eclipse.core.commands.nl_zh_4.4.0.v20140623020002.jar
jdk1.8.0_231/lib/missioncontrol/plugins/org.eclipse.osgi.services.nl_zh_4.4.0.v20140623020002.jar
jdk1.8.0_231/lib/missioncontrol/plugins/org.eclipse.jface.nl_ja_4.4.0.v20140623020002.jar
jdk1.8.0_231/lib/missioncontrol/plugins/org.eclipse.core.databinding.property_1.4.200.v20140214-0004.jar
jdk1.8.0_231/lib/missioncontrol/plugins/org.eclipse.ui.net_1.2.200.v20120807-0927.jar
jdk1.8.0_231/lib/missioncontrol/plugins/com.jrockit.mc.rjmx.ja_5.5.2.174165.jar
jdk1.8.0_231/lib/missioncontrol/plugins/org.eclipse.equinox.preferences_3.5.200.v20140224-1527.jar
jdk1.8.0_231/lib/missioncontrol/plugins/org.eclipse.help.webapp_3.6.300.v20140407-1855.jar
jdk1.8.0_231/lib/missioncontrol/plugins/org.eclipse.core.databinding.beans.nl_zh_4.4.0.v20140623020002.jar
jdk1.8.0_231/lib/missioncontrol/plugins/com.jrockit.mc.greychartplugin_5.5.2.174165.jar
jdk1.8.0_231/lib/missioncontrol/plugins/org.eclipse.help_3.6.0.v20130326-1254.jar
jdk1.8.0_231/lib/missioncontrol/plugins/org.eclipse.equinox.p2.transport.ecf.nl_ja_4.4.0.v20140623020002.jar
jdk1.8.0_231/lib/missioncontrol/plugins/com.jrockit.mc.components.ui.zh_CN_5.5.2.174165.jar
jdk1.8.0_231/lib/missioncontrol/plugins/org.eclipse.equinox.p2.ui_2.3.0.v20140404-1657.jar
jdk1.8.0_231/lib/missioncontrol/plugins/org.eclipse.e4.ui.di.nl_zh_4.4.0.v20140623020002.jar
jdk1.8.0_231/lib/missioncontrol/plugins/org.eclipse.equinox.launcher.gtk.linux.x86_64.nl_zh_4.4.0.v20140623020002.jar
jdk1.8.0_231/lib/missioncontrol/plugins/org.eclipse.jface.databinding.nl_zh_4.4.0.v20140623020002.jar
jdk1.8.0_231/lib/missioncontrol/plugins/org.eclipse.equinox.p2.garbagecollector_1.0.200.v20131115-1210.jar
jdk1.8.0_231/lib/missioncontrol/plugins/org.eclipse.e4.ui.workbench.swt_0.12.100.v20140530-1436.jar
jdk1.8.0_231/lib/missioncontrol/plugins/com.jrockit.mc.flightrecorder_5.5.2.174165.jar
jdk1.8.0_231/lib/missioncontrol/plugins/org.eclipse.ui.views.nl_ja_4.4.0.v20140623020002.jar
jdk1.8.0_231/lib/missioncontrol/plugins/org.eclipse.equinox.concurrent_1.1.0.v20130327-1442.jar
jdk1.8.0_231/lib/missioncontrol/plugins/org.eclipse.ecf.ssl_1.1.0.v20140827-1444.jar
jdk1.8.0_231/lib/missioncontrol/plugins/com.jrockit.mc.browser.jdp.ja_5.5.2.174165.jar
jdk1.8.0_231/lib/missioncontrol/plugins/org.eclipse.ui.intro.nl_zh_4.4.0.v20140623020002.jar
jdk1.8.0_231/lib/missioncontrol/plugins/org.eclipse.equinox.p2.ui.sdk.nl_ja_4.4.0.v20140623020002.jar
jdk1.8.0_231/lib/missioncontrol/plugins/org.eclipse.help.nl_ja_4.4.0.v20140623020002.jar
jdk1.8.0_231/lib/missioncontrol/plugins/org.apache.felix.gogo.command_0.10.0.v201209301215.jar
jdk1.8.0_231/lib/missioncontrol/plugins/org.apache.lucene.analysis_3.5.0.v20120725-1805.jar
jdk1.8.0_231/lib/missioncontrol/plugins/org.eclipse.osgi.nl_zh_4.4.0.v20140623020002.jar
jdk1.8.0_231/lib/missioncontrol/plugins/com.jrockit.mc.docs.ja_5.5.2.174165.jar
jdk1.8.0_231/lib/missioncontrol/plugins/org.eclipse.equinox.p2.ui.nl_ja_4.4.0.v20140623020002.jar
jdk1.8.0_231/lib/missioncontrol/plugins/org.eclipse.e4.ui.services.nl_ja_4.4.0.v20140623020002.jar
jdk1.8.0_231/lib/missioncontrol/plugins/org.eclipse.equinox.p2.touchpoint.natives.nl_zh_4.4.0.v20140623020002.jar
jdk1.8.0_231/lib/missioncontrol/plugins/org.eclipse.equinox.simpleconfigurator.manipulator_2.0.0.v20131217-1203.jar
jdk1.8.0_231/lib/missioncontrol/plugins/org.eclipse.ui.workbench.nl_zh_4.4.0.v20140623020002.jar
jdk1.8.0_231/lib/missioncontrol/plugins/org.eclipse.emf.ecore_2.10.1.v20140901-1043.jar
jdk1.8.0_231/lib/missioncontrol/plugins/org.eclipse.core.databinding.property.nl_zh_4.4.0.v20140623020002.jar
jdk1.8.0_231/lib/missioncontrol/plugins/com.jrockit.mc.ui.zh_CN_5.5.2.174165.jar
jdk1.8.0_231/lib/missioncontrol/plugins/org.eclipse.help.nl_zh_4.4.0.v20140623020002.jar
jdk1.8.0_231/lib/missioncontrol/plugins/org.eclipse.equinox.frameworkadmin.nl_zh_4.4.0.v20140623020002.jar
jdk1.8.0_231/lib/missioncontrol/plugins/org.eclipse.e4.ui.workbench.nl_ja_4.4.0.v20140623020002.jar
jdk1.8.0_231/lib/missioncontrol/plugins/org.eclipse.equinox.p2.repository_2.3.0.v20131211-1531.jar
jdk1.8.0_231/lib/missioncontrol/plugins/org.eclipse.equinox.frameworkadmin.equinox.nl_zh_4.4.0.v20140623020002.jar
jdk1.8.0_231/lib/missioncontrol/plugins/org.eclipse.e4.ui.css.swt.nl_ja_4.4.0.v20140623020002.jar
jdk1.8.0_231/lib/missioncontrol/plugins/org.eclipse.equinox.p2.garbagecollector.nl_zh_4.4.0.v20140623020002.jar
jdk1.8.0_231/lib/missioncontrol/plugins/org.eclipse.equinox.p2.console_1.0.300.v20131113-1212.jar
jdk1.8.0_231/lib/missioncontrol/plugins/org.eclipse.e4.ui.widgets.nl_ja_4.4.0.v20140623020002.jar
jdk1.8.0_231/lib/missioncontrol/plugins/org.eclipse.e4.ui.workbench.renderers.swt.nl_zh_4.4.0.v20140623020002.jar
jdk1.8.0_231/lib/missioncontrol/plugins/org.eclipse.jetty.io_8.1.14.v20131031.jar
jdk1.8.0_231/lib/missioncontrol/plugins/com.jrockit.mc.flightrecorder.ui.zh_CN_5.5.2.174165.jar
jdk1.8.0_231/lib/missioncontrol/plugins/org.eclipse.equinox.p2.director.nl_ja_4.4.0.v20140623020002.jar
jdk1.8.0_231/lib/missioncontrol/plugins/org.eclipse.equinox.p2.operations.nl_zh_4.4.0.v20140623020002.jar
jdk1.8.0_231/lib/missioncontrol/plugins/org.eclipse.equinox.p2.extensionlocation.nl_zh_4.4.0.v20140623020002.jar
jdk1.8.0_231/lib/missioncontrol/plugins/org.eclipse.ui.forms.nl_ja_4.4.0.v20140623020002.jar
jdk1.8.0_231/lib/missioncontrol/plugins/org.eclipse.equinox.p2.director.app.nl_zh_4.4.0.v20140623020002.jar
jdk1.8.0_231/lib/missioncontrol/plugins/org.eclipse.ecf.filetransfer_5.0.0.v20140827-1444.jar
jdk1.8.0_231/lib/missioncontrol/plugins/org.eclipse.e4.ui.workbench.swt.nl_ja_4.4.0.v20140623020002.jar
jdk1.8.0_231/lib/missioncontrol/plugins/org.eclipse.core.net.linux.x86_64.nl_ja_4.4.0.v20140623020002.jar
jdk1.8.0_231/lib/missioncontrol/plugins/org.eclipse.core.net.nl_ja_4.4.0.v20140623020002.jar
jdk1.8.0_231/lib/missioncontrol/plugins/org.eclipse.equinox.launcher.nl_zh_4.4.0.v20140623020002.jar
jdk1.8.0_231/lib/missioncontrol/plugins/org.eclipse.equinox.launcher_1.3.0.v20140415-2008.jar
jdk1.8.0_231/lib/missioncontrol/plugins/com.jrockit.mc.console.ui.notification.zh_CN_5.5.2.174165.jar
jdk1.8.0_231/lib/missioncontrol/plugins/org.eclipse.equinox.p2.ui.nl_zh_4.4.0.v20140623020002.jar
jdk1.8.0_231/lib/missioncontrol/plugins/org.eclipse.equinox.p2.publisher.eclipse_1.1.200.v20140414-0825.jar
jdk1.8.0_231/lib/missioncontrol/plugins/com.jrockit.mc.console.ui.diagnostic.ja_5.5.2.174165.jar
jdk1.8.0_231/lib/missioncontrol/plugins/org.eclipse.equinox.http.jetty_3.0.200.v20131021-1843.jar
jdk1.8.0_231/lib/missioncontrol/plugins/org.eclipse.equinox.p2.ql_2.0.100.v20131211-1531.jar
jdk1.8.0_231/lib/missioncontrol/plugins/org.eclipse.e4.ui.css.swt_0.11.101.v20140818-1343.jar
jdk1.8.0_231/lib/missioncontrol/plugins/org.eclipse.e4.core.di.extensions_0.12.0.v20140417-2033.jar
jdk1.8.0_231/lib/missioncontrol/plugins/org.w3c.dom.smil_1.0.0.v200806040011.jar
jdk1.8.0_231/lib/missioncontrol/plugins/com.jrockit.mc.flightrecorder.configuration_5.5.2.174165.jar
jdk1.8.0_231/lib/missioncontrol/plugins/com.jrockit.mc.browser.zh_CN_5.5.2.174165.jar
jdk1.8.0_231/lib/missioncontrol/plugins/org.apache.batik.css_1.7.0.v201011041433.jar
jdk1.8.0_231/lib/missioncontrol/plugins/org.w3c.dom.svg_1.1.0.v201011041433.jar
jdk1.8.0_231/lib/missioncontrol/plugins/org.eclipse.e4.ui.css.core.nl_ja_4.4.0.v20140623020002.jar
jdk1.8.0_231/lib/missioncontrol/plugins/org.eclipse.ui.themes_1.0.1.v20140819-1717/
jdk1.8.0_231/lib/missioncontrol/plugins/org.eclipse.ui.themes_1.0.1.v20140819-1717/plugin.xml
jdk1.8.0_231/lib/missioncontrol/plugins/org.eclipse.ui.themes_1.0.1.v20140819-1717/images/
jdk1.8.0_231/lib/missioncontrol/plugins/org.eclipse.ui.themes_1.0.1.v20140819-1717/images/winClassicTSFrame.png
jdk1.8.0_231/lib/missioncontrol/plugins/org.eclipse.ui.themes_1.0.1.v20140819-1717/images/winXPTSFrame.png
jdk1.8.0_231/lib/missioncontrol/plugins/org.eclipse.ui.themes_1.0.1.v20140819-1717/images/winClassicHandle.png
jdk1.8.0_231/lib/missioncontrol/plugins/org.eclipse.ui.themes_1.0.1.v20140819-1717/images/win7.png
jdk1.8.0_231/lib/missioncontrol/plugins/org.eclipse.ui.themes_1.0.1.v20140819-1717/images/win7TSFrame.png
jdk1.8.0_231/lib/missioncontrol/plugins/org.eclipse.ui.themes_1.0.1.v20140819-1717/images/winXPOlive.png
jdk1.8.0_231/lib/missioncontrol/plugins/org.eclipse.ui.themes_1.0.1.v20140819-1717/images/macTSFrame.png
jdk1.8.0_231/lib/missioncontrol/plugins/org.eclipse.ui.themes_1.0.1.v20140819-1717/images/winXPBluHandle.png
jdk1.8.0_231/lib/missioncontrol/plugins/org.eclipse.ui.themes_1.0.1.v20140819-1717/images/gtkTSFrame.png
jdk1.8.0_231/lib/missioncontrol/plugins/org.eclipse.ui.themes_1.0.1.v20140819-1717/images/winXPBluTSFrame.png
jdk1.8.0_231/lib/missioncontrol/plugins/org.eclipse.ui.themes_1.0.1.v20140819-1717/images/winXPHandle.png
jdk1.8.0_231/lib/missioncontrol/plugins/org.eclipse.ui.themes_1.0.1.v20140819-1717/images/gtkHandle.png
jdk1.8.0_231/lib/missioncontrol/plugins/org.eclipse.ui.themes_1.0.1.v20140819-1717/images/winXPBlue.png
jdk1.8.0_231/lib/missioncontrol/plugins/org.eclipse.ui.themes_1.0.1.v20140819-1717/images/win7Handle.png
jdk1.8.0_231/lib/missioncontrol/plugins/org.eclipse.ui.themes_1.0.1.v20140819-1717/images/macGrey.png
jdk1.8.0_231/lib/missioncontrol/plugins/org.eclipse.ui.themes_1.0.1.v20140819-1717/images/dragHandle.png
jdk1.8.0_231/lib/missioncontrol/plugins/org.eclipse.ui.themes_1.0.1.v20140819-1717/images/macHandle.png
jdk1.8.0_231/lib/missioncontrol/plugins/org.eclipse.ui.themes_1.0.1.v20140819-1717/about.html
jdk1.8.0_231/lib/missioncontrol/plugins/org.eclipse.ui.themes_1.0.1.v20140819-1717/css/
jdk1.8.0_231/lib/missioncontrol/plugins/org.eclipse.ui.themes_1.0.1.v20140819-1717/css/e4_default_winxp_blu.css
jdk1.8.0_231/lib/missioncontrol/plugins/org.eclipse.ui.themes_1.0.1.v20140819-1717/css/e4_default_winxp_olv.css
jdk1.8.0_231/lib/missioncontrol/plugins/org.eclipse.ui.themes_1.0.1.v20140819-1717/css/e4_default_gtk.css
jdk1.8.0_231/lib/missioncontrol/plugins/org.eclipse.ui.themes_1.0.1.v20140819-1717/css/e4_classic_winxp.css
jdk1.8.0_231/lib/missioncontrol/plugins/org.eclipse.ui.themes_1.0.1.v20140819-1717/css/e4_default_mru_on_win7.css
jdk1.8.0_231/lib/missioncontrol/plugins/org.eclipse.ui.themes_1.0.1.v20140819-1717/css/e4-dark_win.css
jdk1.8.0_231/lib/missioncontrol/plugins/org.eclipse.ui.themes_1.0.1.v20140819-1717/css/e4_default_win7.css
jdk1.8.0_231/lib/missioncontrol/plugins/org.eclipse.ui.themes_1.0.1.v20140819-1717/css/e4_classic_win7.css
jdk1.8.0_231/lib/missioncontrol/plugins/org.eclipse.ui.themes_1.0.1.v20140819-1717/css/e4_basestyle.css
jdk1.8.0_231/lib/missioncontrol/plugins/org.eclipse.ui.themes_1.0.1.v20140819-1717/css/high-contrast.css
jdk1.8.0_231/lib/missioncontrol/plugins/org.eclipse.ui.themes_1.0.1.v20140819-1717/css/e4-dark_mac.css
jdk1.8.0_231/lib/missioncontrol/plugins/org.eclipse.ui.themes_1.0.1.v20140819-1717/css/dark/
jdk1.8.0_231/lib/missioncontrol/plugins/org.eclipse.ui.themes_1.0.1.v20140819-1717/css/dark/e4-dark_partstyle.css
jdk1.8.0_231/lib/missioncontrol/plugins/org.eclipse.ui.themes_1.0.1.v20140819-1717/css/dark/e4-dark_globalstyle.css
jdk1.8.0_231/lib/missioncontrol/plugins/org.eclipse.ui.themes_1.0.1.v20140819-1717/css/dark/e4-dark_basestyle.css
jdk1.8.0_231/lib/missioncontrol/plugins/org.eclipse.ui.themes_1.0.1.v20140819-1717/css/dark/e4-dark_preferencestyle.css
jdk1.8.0_231/lib/missioncontrol/plugins/org.eclipse.ui.themes_1.0.1.v20140819-1717/css/e4-dark.css
jdk1.8.0_231/lib/missioncontrol/plugins/org.eclipse.ui.themes_1.0.1.v20140819-1717/css/e4_default_mac.css
jdk1.8.0_231/lib/missioncontrol/plugins/org.eclipse.ui.themes_1.0.1.v20140819-1717/META-INF/
jdk1.8.0_231/lib/missioncontrol/plugins/org.eclipse.ui.themes_1.0.1.v20140819-1717/META-INF/MANIFEST.MF
jdk1.8.0_231/lib/missioncontrol/plugins/org.eclipse.ui.themes_1.0.1.v20140819-1717/META-INF/ECLIPSE_.SF
jdk1.8.0_231/lib/missioncontrol/plugins/org.eclipse.ui.themes_1.0.1.v20140819-1717/META-INF/ECLIPSE_.RSA
jdk1.8.0_231/lib/missioncontrol/plugins/org.eclipse.ui.themes_1.0.1.v20140819-1717/plugin.properties
jdk1.8.0_231/lib/missioncontrol/plugins/org.apache.lucene.core_3.5.0.v20120725-1805.jar
jdk1.8.0_231/lib/missioncontrol/plugins/org.w3c.css.sac_1.3.1.v200903091627.jar
jdk1.8.0_231/lib/missioncontrol/plugins/com.jrockit.mc.browser.attach.ja_5.5.2.174165.jar
jdk1.8.0_231/lib/missioncontrol/plugins/org.eclipse.emf.ecore.xmi_2.10.1.v20140901-1043.jar
jdk1.8.0_231/lib/missioncontrol/plugins/com.jrockit.mc.core_5.5.2.174165.jar
jdk1.8.0_231/lib/missioncontrol/plugins/org.eclipse.equinox.p2.repository.nl_ja_4.4.0.v20140623020002.jar
jdk1.8.0_231/lib/missioncontrol/plugins/org.eclipse.equinox.app_1.3.200.v20130910-1609.jar
jdk1.8.0_231/lib/missioncontrol/plugins/com.jrockit.mc.rjmx.ext_5.5.2.174165.jar
jdk1.8.0_231/lib/missioncontrol/plugins/org.eclipse.equinox.security.ui_1.1.200.v20130626-2037.jar
jdk1.8.0_231/lib/missioncontrol/plugins/org.eclipse.e4.core.services_1.2.1.v20140808-1251.jar
jdk1.8.0_231/lib/missioncontrol/plugins/com.jrockit.mc.console.ui.diagnostic.zh_CN_5.5.2.174165.jar
jdk1.8.0_231/lib/missioncontrol/plugins/org.eclipse.equinox.p2.jarprocessor.nl_ja_4.4.0.v20140623020002.jar
jdk1.8.0_231/lib/missioncontrol/plugins/org.eclipse.equinox.ds_1.4.200.v20131126-2331.jar
jdk1.8.0_231/lib/missioncontrol/plugins/com.jrockit.mc.browser.jdp_5.5.2.174165.jar
jdk1.8.0_231/lib/missioncontrol/plugins/org.eclipse.ecf.provider.filetransfer.httpclient4.ssl_1.0.0.v20140827-1444.jar
jdk1.8.0_231/lib/missioncontrol/plugins/com.jrockit.mc.components.ui_5.5.2.174165.jar
jdk1.8.0_231/lib/missioncontrol/plugins/com.jrockit.mc.rjmx.zh_CN_5.5.2.174165.jar
jdk1.8.0_231/lib/missioncontrol/plugins/org.eclipse.equinox.p2.updatechecker.nl_ja_4.4.0.v20140623020002.jar
jdk1.8.0_231/lib/missioncontrol/plugins/org.eclipse.core.commands_3.6.100.v20140528-1422.jar
jdk1.8.0_231/lib/missioncontrol/plugins/org.eclipse.e4.ui.workbench_1.2.1.v20140901-1244.jar
jdk1.8.0_231/lib/missioncontrol/plugins/org.eclipse.equinox.frameworkadmin.equinox.nl_ja_4.4.0.v20140623020002.jar
jdk1.8.0_231/lib/missioncontrol/plugins/org.eclipse.help.base.nl_ja_4.4.0.v20140623020002.jar
jdk1.8.0_231/lib/missioncontrol/plugins/org.eclipse.e4.core.commands.nl_ja_4.4.0.v20140623020002.jar
jdk1.8.0_231/lib/missioncontrol/plugins/javax.servlet.jsp_2.2.0.v201112011158.jar
jdk1.8.0_231/lib/missioncontrol/plugins/org.eclipse.equinox.p2.operations.nl_ja_4.4.0.v20140623020002.jar
jdk1.8.0_231/lib/missioncontrol/plugins/org.eclipse.swt.gtk.linux.x86_64_3.103.1.v20140903-1947.jar
jdk1.8.0_231/lib/missioncontrol/plugins/com.jrockit.mc.rcp.intro.ja_5.5.2.174165.jar
jdk1.8.0_231/lib/missioncontrol/plugins/org.eclipse.ecf.provider.filetransfer.ssl_1.0.0.v20140827-1444.jar
jdk1.8.0_231/lib/missioncontrol/plugins/org.eclipse.equinox.p2.repository.nl_zh_4.4.0.v20140623020002.jar
jdk1.8.0_231/lib/missioncontrol/plugins/com.jrockit.mc.rjmx.ui.ja_5.5.2.174165.jar
jdk1.8.0_231/lib/missioncontrol/plugins/com.jrockit.mc.commands_5.5.2.174165.jar
jdk1.8.0_231/lib/missioncontrol/plugins/org.eclipse.e4.ui.css.swt.theme.nl_ja_4.4.0.v20140623020002.jar
jdk1.8.0_231/lib/missioncontrol/plugins/com.jrockit.mc.browser_5.5.2.174165.jar
jdk1.8.0_231/lib/missioncontrol/plugins/com.jrockit.mc.console.historicaldata.ja_5.5.2.174165.jar
jdk1.8.0_231/lib/missioncontrol/plugins/org.eclipse.ecf.provider.filetransfer.httpclient4_1.0.800.v20140827-1444.jar
jdk1.8.0_231/lib/missioncontrol/plugins/org.eclipse.equinox.console_1.1.0.v20140131-1639.jar
jdk1.8.0_231/lib/missioncontrol/plugins/org.eclipse.ui.nl_ja_4.4.0.v20140623020002.jar
jdk1.8.0_231/lib/missioncontrol/plugins/org.eclipse.ui.views_3.7.0.v20140408-0703.jar
jdk1.8.0_231/lib/missioncontrol/plugins/org.eclipse.core.databinding.nl_zh_4.4.0.v20140623020002.jar
jdk1.8.0_231/lib/missioncontrol/plugins/org.eclipse.e4.ui.workbench.addons.swt_1.1.1.v20140903-0821.jar
jdk1.8.0_231/lib/missioncontrol/plugins/org.eclipse.equinox.p2.ui.sdk.nl_zh_4.4.0.v20140623020002.jar
jdk1.8.0_231/lib/missioncontrol/plugins/com.jrockit.mc.console.ui_5.5.2.174165.jar
jdk1.8.0_231/lib/missioncontrol/plugins/org.eclipse.ui.views.nl_zh_4.4.0.v20140623020002.jar
jdk1.8.0_231/lib/missioncontrol/plugins/org.eclipse.equinox.p2.metadata.nl_zh_4.4.0.v20140623020002.jar
jdk1.8.0_231/lib/missioncontrol/plugins/org.eclipse.e4.ui.bindings.nl_zh_4.4.0.v20140623020002.jar
jdk1.8.0_231/lib/missioncontrol/plugins/org.eclipse.equinox.security_1.2.0.v20130424-1801.jar
jdk1.8.0_231/lib/missioncontrol/plugins/org.eclipse.equinox.p2.updatechecker.nl_zh_4.4.0.v20140623020002.jar
jdk1.8.0_231/lib/missioncontrol/plugins/org.eclipse.ui.themes.nl_ja_4.4.0.v20140623020002.jar
jdk1.8.0_231/lib/missioncontrol/plugins/org.eclipse.jface.text.nl_zh_4.4.0.v20140623020002.jar
jdk1.8.0_231/lib/missioncontrol/plugins/org.eclipse.equinox.simpleconfigurator.nl_zh_4.4.0.v20140623020002.jar
jdk1.8.0_231/lib/missioncontrol/plugins/org.eclipse.equinox.p2.artifact.repository_1.1.300.v20131211-1531.jar
jdk1.8.0_231/lib/missioncontrol/plugins/com.jrockit.mc.alert_5.5.2.174165.jar
jdk1.8.0_231/lib/missioncontrol/plugins/org.eclipse.equinox.p2.director.app_1.0.300.v20140228-1829.jar
jdk1.8.0_231/lib/missioncontrol/plugins/org.eclipse.equinox.p2.directorywatcher_1.1.0.v20131211-1531.jar
jdk1.8.0_231/lib/missioncontrol/plugins/javax.inject_1.0.0.v20091030.jar
jdk1.8.0_231/lib/missioncontrol/plugins/org.eclipse.ecf_3.4.0.v20140827-1444.jar
jdk1.8.0_231/lib/missioncontrol/plugins/org.eclipse.core.resources_3.9.1.v20140825-1431.jar
jdk1.8.0_231/lib/missioncontrol/plugins/com.jrockit.mc.console.historicaldata.zh_CN_5.5.2.174165.jar
jdk1.8.0_231/lib/missioncontrol/plugins/org.eclipse.equinox.p2.ql.nl_ja_4.4.0.v20140623020002.jar
jdk1.8.0_231/lib/missioncontrol/plugins/org.eclipse.jface.databinding_1.6.200.v20140528-1422.jar
jdk1.8.0_231/lib/missioncontrol/plugins/com.jrockit.mc.console.ui.mbeanbrowser.zh_CN_5.5.2.174165.jar
jdk1.8.0_231/lib/missioncontrol/plugins/org.eclipse.jetty.servlet_8.1.14.v20131031.jar
jdk1.8.0_231/lib/missioncontrol/plugins/com.jrockit.mc.components.ui.ja_5.5.2.174165.jar
jdk1.8.0_231/lib/missioncontrol/plugins/org.eclipse.update.configurator_3.3.300.v20140518-1928.jar
jdk1.8.0_231/lib/missioncontrol/plugins/org.eclipse.swt.nl_ja_4.4.0.v20140623020002.jar
jdk1.8.0_231/lib/missioncontrol/plugins/org.eclipse.e4.core.commands.nl_zh_4.4.0.v20140623020002.jar
jdk1.8.0_231/lib/missioncontrol/plugins/org.eclipse.equinox.p2.extensionlocation.nl_ja_4.4.0.v20140623020002.jar
jdk1.8.0_231/lib/missioncontrol/plugins/org.eclipse.osgi_3.10.1.v20140909-1633.jar
jdk1.8.0_231/lib/missioncontrol/plugins/javax.xml_1.3.4.v201005080400.jar
jdk1.8.0_231/lib/missioncontrol/plugins/org.eclipse.text.nl_ja_4.4.0.v20140623020002.jar
jdk1.8.0_231/lib/missioncontrol/plugins/org.eclipse.e4.ui.bindings_0.10.200.v20140424-2042.jar
jdk1.8.0_231/lib/missioncontrol/plugins/org.eclipse.e4.ui.di_1.0.0.v20140328-2112.jar
jdk1.8.0_231/lib/missioncontrol/plugins/org.eclipse.core.runtime_3.10.0.v20140318-2214.jar
jdk1.8.0_231/lib/missioncontrol/plugins/org.sat4j.core_2.3.5.v201308161310.jar
jdk1.8.0_231/lib/missioncontrol/plugins/org.eclipse.e4.ui.services_1.1.0.v20140328-1925.jar
jdk1.8.0_231/lib/missioncontrol/plugins/org.eclipse.core.net_1.2.200.v20140124-2013.jar
jdk1.8.0_231/lib/missioncontrol/plugins/org.eclipse.equinox.p2.reconciler.dropins.nl_zh_4.4.0.v20140623020002.jar
jdk1.8.0_231/lib/missioncontrol/plugins/org.eclipse.e4.ui.css.core.nl_zh_4.4.0.v20140623020002.jar
jdk1.8.0_231/lib/missioncontrol/plugins/org.eclipse.core.net.nl_zh_4.4.0.v20140623020002.jar
jdk1.8.0_231/lib/missioncontrol/plugins/org.eclipse.equinox.p2.console.nl_zh_4.4.0.v20140623020002.jar
jdk1.8.0_231/lib/missioncontrol/plugins/com.jrockit.mc.rjmx.ui.zh_CN_5.5.2.174165.jar
jdk1.8.0_231/lib/missioncontrol/plugins/com.jrockit.mc.console.ui.mbeanbrowser.ja_5.5.2.174165.jar
jdk1.8.0_231/lib/missioncontrol/plugins/org.apache.felix.gogo.shell_0.10.0.v201212101605.jar
jdk1.8.0_231/lib/missioncontrol/plugins/org.eclipse.equinox.p2.reconciler.dropins.nl_ja_4.4.0.v20140623020002.jar
jdk1.8.0_231/lib/missioncontrol/plugins/com.jrockit.mc.common_5.5.2.174165.jar
jdk1.8.0_231/lib/missioncontrol/plugins/org.eclipse.osgi.compatibility.state.nl_zh_4.4.0.v20140623020002.jar
jdk1.8.0_231/lib/missioncontrol/plugins/org.eclipse.equinox.p2.ui.sdk.scheduler.nl_ja_4.4.0.v20140623020002.jar
jdk1.8.0_231/lib/missioncontrol/plugins/org.eclipse.e4.ui.workbench.addons.swt.nl_ja_4.4.0.v20140623020002.jar
jdk1.8.0_231/lib/missioncontrol/plugins/org.eclipse.osgi.compatibility.state.nl_ja_4.4.0.v20140623020002.jar
jdk1.8.0_231/lib/missioncontrol/plugins/org.eclipse.e4.ui.workbench.swt.nl_zh_4.4.0.v20140623020002.jar
jdk1.8.0_231/lib/missioncontrol/plugins/org.eclipse.ui.forms.nl_zh_4.4.0.v20140623020002.jar
jdk1.8.0_231/lib/missioncontrol/plugins/org.eclipse.equinox.event_1.3.100.v20140115-1647.jar
jdk1.8.0_231/lib/missioncontrol/plugins/com.jrockit.mc.rjmx_5.5.2.174165/
jdk1.8.0_231/lib/missioncontrol/plugins/com.jrockit.mc.rjmx_5.5.2.174165/plugin.xml
jdk1.8.0_231/lib/missioncontrol/plugins/com.jrockit.mc.rjmx_5.5.2.174165/lib/
jdk1.8.0_231/lib/missioncontrol/plugins/com.jrockit.mc.rjmx_5.5.2.174165/lib/smtp.jar
jdk1.8.0_231/lib/missioncontrol/plugins/com.jrockit.mc.rjmx_5.5.2.174165/lib/imap.jar
jdk1.8.0_231/lib/missioncontrol/plugins/com.jrockit.mc.rjmx_5.5.2.174165/lib/dsn.jar
jdk1.8.0_231/lib/missioncontrol/plugins/com.jrockit.mc.rjmx_5.5.2.174165/lib/gimap.jar
jdk1.8.0_231/lib/missioncontrol/plugins/com.jrockit.mc.rjmx_5.5.2.174165/lib/mailapi.jar
jdk1.8.0_231/lib/missioncontrol/plugins/com.jrockit.mc.rjmx_5.5.2.174165/lib/pop3.jar
jdk1.8.0_231/lib/missioncontrol/plugins/com.jrockit.mc.rjmx_5.5.2.174165/META-INF/
jdk1.8.0_231/lib/missioncontrol/plugins/com.jrockit.mc.rjmx_5.5.2.174165/META-INF/MANIFEST.MF
jdk1.8.0_231/lib/missioncontrol/plugins/com.jrockit.mc.rjmx_5.5.2.174165/plugin.properties
jdk1.8.0_231/lib/missioncontrol/plugins/com.jrockit.mc.rjmx_5.5.2.174165/rjmx.jar
jdk1.8.0_231/lib/missioncontrol/plugins/com.jrockit.mc.rjmx_5.5.2.174165/schema/
jdk1.8.0_231/lib/missioncontrol/plugins/com.jrockit.mc.rjmx_5.5.2.174165/schema/com.jrockit.mc.rjmx.syntheticattribute.exsd
jdk1.8.0_231/lib/missioncontrol/plugins/com.jrockit.mc.rjmx_5.5.2.174165/schema/com.jrockit.mc.rjmx.service.exsd
jdk1.8.0_231/lib/missioncontrol/plugins/com.jrockit.mc.rjmx_5.5.2.174165/schema/com.jrockit.mc.rjmx.descriptorProvider.exsd
jdk1.8.0_231/lib/missioncontrol/plugins/com.jrockit.mc.rjmx_5.5.2.174165/schema/com.jrockit.mc.rjmx.metadataprovider.exsd
jdk1.8.0_231/lib/missioncontrol/plugins/com.jrockit.mc.rjmx_5.5.2.174165/schema/com.jrockit.mc.rjmx.syntheticnotification.exsd
jdk1.8.0_231/lib/missioncontrol/plugins/com.jrockit.mc.rjmx_5.5.2.174165/schema/triggerConstraints.exsd
jdk1.8.0_231/lib/missioncontrol/plugins/com.jrockit.mc.rjmx_5.5.2.174165/schema/triggerEvaluators.exsd
jdk1.8.0_231/lib/missioncontrol/plugins/com.jrockit.mc.rjmx_5.5.2.174165/schema/triggerActionExceptionHandlers.exsd
jdk1.8.0_231/lib/missioncontrol/plugins/com.jrockit.mc.rjmx_5.5.2.174165/schema/com.jrockit.mc.rjmx.actionProvider.exsd
jdk1.8.0_231/lib/missioncontrol/plugins/com.jrockit.mc.rjmx_5.5.2.174165/schema/com.jrockit.mc.rjmx.attributeTransformation.exsd
jdk1.8.0_231/lib/missioncontrol/plugins/com.jrockit.mc.rjmx_5.5.2.174165/schema/triggerActions.exsd
jdk1.8.0_231/lib/missioncontrol/plugins/com.jrockit.mc.rjmx_5.5.2.174165/icons/
jdk1.8.0_231/lib/missioncontrol/plugins/com.jrockit.mc.rjmx_5.5.2.174165/icons/console_view.png
jdk1.8.0_231/lib/missioncontrol/plugins/com.jrockit.mc.rjmx_5.5.2.174165/icons/time-span-16.png
jdk1.8.0_231/lib/missioncontrol/plugins/com.jrockit.mc.rjmx_5.5.2.174165/icons/hprof-16.png
jdk1.8.0_231/lib/missioncontrol/plugins/com.jrockit.mc.rjmx_5.5.2.174165/icons/diagnostic-command-16.png
jdk1.8.0_231/lib/missioncontrol/plugins/com.jrockit.mc.rjmx_5.5.2.174165/icons/date-span-16.png
jdk1.8.0_231/lib/missioncontrol/plugins/com.jrockit.mc.rjmx_5.5.2.174165/icons/day-of-week-16.png
jdk1.8.0_231/lib/missioncontrol/plugins/com.jrockit.mc.rjmx_5.5.2.174165/icons/send-email-16.png
jdk1.8.0_231/lib/missioncontrol/plugins/org.apache.httpcomponents.httpclient_4.2.6.v201311072007.jar
jdk1.8.0_231/lib/missioncontrol/plugins/org.eclipse.help.base_4.0.200.v20141007-2301.jar
jdk1.8.0_231/lib/missioncontrol/plugins/org.eclipse.core.filesystem_1.4.100.v20140514-1614.jar
jdk1.8.0_231/lib/missioncontrol/plugins/org.eclipse.e4.ui.services.nl_zh_4.4.0.v20140623020002.jar
jdk1.8.0_231/lib/missioncontrol/plugins/org.eclipse.e4.ui.workbench3.nl_ja_4.4.0.v20140623020002.jar
jdk1.8.0_231/lib/missioncontrol/plugins/org.eclipse.core.contenttype_3.4.200.v20140207-1251.jar
jdk1.8.0_231/lib/missioncontrol/plugins/org.eclipse.swt.gtk.linux.x86_64.nl_ja_4.4.0.v20140623020002.jar
jdk1.8.0_231/lib/missioncontrol/plugins/org.eclipse.equinox.util_1.0.500.v20130404-1337.jar
jdk1.8.0_231/lib/missioncontrol/plugins/org.apache.batik.util_1.7.0.v201011041433.jar
jdk1.8.0_231/lib/missioncontrol/plugins/org.eclipse.core.databinding.beans_1.2.200.v20140214-0004.jar
jdk1.8.0_231/lib/missioncontrol/plugins/org.eclipse.equinox.p2.core_2.3.0.v20131211-1531.jar
jdk1.8.0_231/lib/missioncontrol/plugins/org.eclipse.ui_3.106.0.v20140812-1751.jar
jdk1.8.0_231/lib/missioncontrol/plugins/org.eclipse.equinox.p2.directorywatcher.nl_ja_4.4.0.v20140623020002.jar
jdk1.8.0_231/lib/missioncontrol/plugins/org.eclipse.swt.gtk.linux.x86_64.nl_zh_4.4.0.v20140623020002.jar
jdk1.8.0_231/lib/missioncontrol/plugins/org.eclipse.equinox.p2.publisher.nl_zh_4.4.0.v20140623020002.jar
jdk1.8.0_231/lib/missioncontrol/plugins/com.jrockit.mc.rcp.application.ja_5.5.2.174165.jar
jdk1.8.0_231/lib/missioncontrol/plugins/org.eclipse.help.ui.nl_ja_4.4.0.v20140623020002.jar
jdk1.8.0_231/lib/missioncontrol/plugins/org.eclipse.e4.ui.css.swt.theme.nl_zh_4.4.0.v20140623020002.jar
jdk1.8.0_231/lib/missioncontrol/plugins/com.jrockit.mc.rcp.intro_5.5.2.174165.jar
jdk1.8.0_231/lib/missioncontrol/plugins/org.eclipse.text_3.5.300.v20130515-1451.jar
jdk1.8.0_231/lib/missioncontrol/plugins/org.eclipse.equinox.p2.core.nl_ja_4.4.0.v20140623020002.jar
jdk1.8.0_231/lib/missioncontrol/plugins/com.jrockit.mc.ui_5.5.2.174165.jar
jdk1.8.0_231/lib/missioncontrol/plugins/org.eclipse.ui.themes.nl_zh_4.4.0.v20140623020002.jar
jdk1.8.0_231/lib/missioncontrol/plugins/org.eclipse.e4.ui.css.swt.nl_zh_4.4.0.v20140623020002.jar
jdk1.8.0_231/lib/missioncontrol/plugins/org.eclipse.e4.ui.workbench.renderers.swt_0.12.1.v20140903-1023.jar
jdk1.8.0_231/lib/missioncontrol/plugins/org.eclipse.core.databinding.observable_1.4.1.v20140210-1835.jar
jdk1.8.0_231/lib/missioncontrol/plugins/org.eclipse.equinox.p2.garbagecollector.nl_ja_4.4.0.v20140623020002.jar
jdk1.8.0_231/lib/missioncontrol/plugins/org.sat4j.pb_2.3.5.v201404071733.jar
jdk1.8.0_231/lib/missioncontrol/plugins/org.eclipse.equinox.simpleconfigurator.nl_ja_4.4.0.v20140623020002.jar
jdk1.8.0_231/lib/missioncontrol/plugins/com.jrockit.mc.jdp_5.5.2.174165.jar
jdk1.8.0_231/lib/missioncontrol/plugins/org.eclipse.e4.ui.workbench.nl_zh_4.4.0.v20140623020002.jar
jdk1.8.0_231/lib/missioncontrol/plugins/com.jrockit.mc.ui.ja_5.5.2.174165.jar
jdk1.8.0_231/lib/missioncontrol/plugins/org.eclipse.ui.net.nl_ja_4.4.0.v20140623020002.jar
jdk1.8.0_231/lib/missioncontrol/plugins/org.eclipse.e4.ui.workbench3.nl_zh_4.4.0.v20140623020002.jar
jdk1.8.0_231/lib/missioncontrol/plugins/org.eclipse.help.webapp.nl_ja_4.4.0.v20140623020002.jar
jdk1.8.0_231/lib/missioncontrol/plugins/org.eclipse.ui.net.nl_zh_4.4.0.v20140623020002.jar
jdk1.8.0_231/lib/missioncontrol/plugins/org.eclipse.equinox.p2.reconciler.dropins_1.1.200.v20131119-0908.jar
jdk1.8.0_231/lib/missioncontrol/plugins/org.eclipse.equinox.p2.extensionlocation_1.2.100.v20131119-0908.jar
jdk1.8.0_231/lib/missioncontrol/plugins/org.eclipse.e4.ui.css.swt.theme_0.9.300.v20140424-2042.jar
jdk1.8.0_231/lib/missioncontrol/plugins/org.eclipse.equinox.p2.ql.nl_zh_4.4.0.v20140623020002.jar
jdk1.8.0_231/lib/missioncontrol/plugins/org.eclipse.equinox.p2.ui.sdk_1.0.300.v20140407-1803.jar
jdk1.8.0_231/lib/missioncontrol/plugins/javax.servlet_3.0.0.v201112011016.jar
jdk1.8.0_231/lib/missioncontrol/plugins/org.eclipse.jetty.security_8.1.14.v20131031.jar
jdk1.8.0_231/lib/missioncontrol/plugins/com.jrockit.mc.greychart.ui.zh_CN_5.5.2.174165.jar
jdk1.8.0_231/lib/missioncontrol/plugins/org.eclipse.core.databinding.nl_ja_4.4.0.v20140623020002.jar
jdk1.8.0_231/lib/missioncontrol/plugins/org.eclipse.equinox.p2.engine.nl_zh_4.4.0.v20140623020002.jar
jdk1.8.0_231/lib/missioncontrol/plugins/org.eclipse.equinox.simpleconfigurator_1.1.0.v20131217-1203.jar
jdk1.8.0_231/lib/missioncontrol/plugins/org.eclipse.e4.ui.model.workbench.nl_ja_4.4.0.v20140623020002.jar
jdk1.8.0_231/lib/missioncontrol/plugins/org.eclipse.emf.ecore.change_2.10.0.v20140901-1043.jar
jdk1.8.0_231/lib/missioncontrol/plugins/org.eclipse.ui.workbench_3.106.1.v20140827-1737.jar
jdk1.8.0_231/lib/missioncontrol/plugins/org.eclipse.e4.ui.css.core_0.10.100.v20140424-2042.jar
jdk1.8.0_231/lib/missioncontrol/plugins/org.eclipse.e4.ui.model.workbench_1.1.0.v20140512-1820.jar
jdk1.8.0_231/lib/missioncontrol/plugins/org.eclipse.ui.intro.nl_ja_4.4.0.v20140623020002.jar
jdk1.8.0_231/lib/missioncontrol/plugins/org.eclipse.equinox.p2.metadata.repository.nl_zh_4.4.0.v20140623020002.jar
jdk1.8.0_231/lib/missioncontrol/plugins/org.eclipse.emf.common_2.10.1.v20140901-1043.jar
jdk1.8.0_231/lib/missioncontrol/plugins/org.eclipse.equinox.common_3.6.200.v20130402-1505.jar
jdk1.8.0_231/lib/missioncontrol/plugins/org.eclipse.osgi.services.nl_ja_4.4.0.v20140623020002.jar
jdk1.8.0_231/lib/missioncontrol/plugins/org.eclipse.equinox.frameworkadmin.nl_ja_4.4.0.v20140623020002.jar
jdk1.8.0_231/lib/missioncontrol/plugins/com.jrockit.mc.console.ui.diagnostic_5.5.2.174165.jar
jdk1.8.0_231/lib/missioncontrol/plugins/com.sun.el_2.2.0.v201303151357.jar
jdk1.8.0_231/lib/missioncontrol/plugins/org.eclipse.e4.ui.widgets_1.0.0.v20140514-1823.jar
jdk1.8.0_231/lib/missioncontrol/plugins/com.jrockit.mc.attach_5.5.2.174165.jar
jdk1.8.0_231/lib/missioncontrol/plugins/org.eclipse.osgi.compatibility.state_1.0.1.v20140709-1414.jar
jdk1.8.0_231/lib/missioncontrol/plugins/org.eclipse.jetty.http_8.1.14.v20131031.jar
jdk1.8.0_231/lib/missioncontrol/plugins/org.eclipse.e4.ui.workbench.addons.swt.nl_zh_4.4.0.v20140623020002.jar
jdk1.8.0_231/lib/missioncontrol/plugins/org.eclipse.equinox.p2.touchpoint.natives.nl_ja_4.4.0.v20140623020002.jar
jdk1.8.0_231/lib/missioncontrol/plugins/org.apache.commons.codec_1.6.0.v201305230611.jar
jdk1.8.0_231/lib/missioncontrol/plugins/org.eclipse.equinox.launcher.gtk.linux.x86_64.nl_ja_4.4.0.v20140623020002.jar
jdk1.8.0_231/lib/missioncontrol/plugins/org.eclipse.equinox.p2.publisher.eclipse.nl_ja_4.4.0.v20140623020002.jar
jdk1.8.0_231/lib/missioncontrol/plugins/org.apache.jasper.glassfish_2.2.2.v201205150955.jar
jdk1.8.0_231/lib/missioncontrol/plugins/org.eclipse.equinox.simpleconfigurator.manipulator.nl_ja_4.4.0.v20140623020002.jar
jdk1.8.0_231/lib/missioncontrol/plugins/com.jrockit.mc.console.ui.notification_5.5.2.174165/
jdk1.8.0_231/lib/missioncontrol/plugins/com.jrockit.mc.console.ui.notification_5.5.2.174165/notification_plugin.jar
jdk1.8.0_231/lib/missioncontrol/plugins/com.jrockit.mc.console.ui.notification_5.5.2.174165/plugin.xml
jdk1.8.0_231/lib/missioncontrol/plugins/com.jrockit.mc.console.ui.notification_5.5.2.174165/com.jrockit.mc.console.ui.notification_contexts.xml
jdk1.8.0_231/lib/missioncontrol/plugins/com.jrockit.mc.console.ui.notification_5.5.2.174165/toc.xml
jdk1.8.0_231/lib/missioncontrol/plugins/com.jrockit.mc.console.ui.notification_5.5.2.174165/META-INF/
jdk1.8.0_231/lib/missioncontrol/plugins/com.jrockit.mc.console.ui.notification_5.5.2.174165/META-INF/MANIFEST.MF
jdk1.8.0_231/lib/missioncontrol/plugins/com.jrockit.mc.console.ui.notification_5.5.2.174165/plugin.properties
jdk1.8.0_231/lib/missioncontrol/plugins/com.jrockit.mc.console.ui.notification_5.5.2.174165/html/
jdk1.8.0_231/lib/missioncontrol/plugins/com.jrockit.mc.console.ui.notification_5.5.2.174165/html/dcommon/
jdk1.8.0_231/lib/missioncontrol/plugins/com.jrockit.mc.console.ui.notification_5.5.2.174165/html/dcommon/css/
jdk1.8.0_231/lib/missioncontrol/plugins/com.jrockit.mc.console.ui.notification_5.5.2.174165/html/dcommon/css/blafdoc.css
jdk1.8.0_231/lib/missioncontrol/plugins/com.jrockit.mc.console.ui.notification_5.5.2.174165/html/dcommon/html/
jdk1.8.0_231/lib/missioncontrol/plugins/com.jrockit.mc.console.ui.notification_5.5.2.174165/html/dcommon/html/cpyr.htm
jdk1.8.0_231/lib/missioncontrol/plugins/com.jrockit.mc.console.ui.notification_5.5.2.174165/html/dcommon/gifs/
jdk1.8.0_231/lib/missioncontrol/plugins/com.jrockit.mc.console.ui.notification_5.5.2.174165/html/dcommon/gifs/prodbig.gif
jdk1.8.0_231/lib/missioncontrol/plugins/com.jrockit.mc.console.ui.notification_5.5.2.174165/html/dcommon/gifs/doclib.gif
jdk1.8.0_231/lib/missioncontrol/plugins/com.jrockit.mc.console.ui.notification_5.5.2.174165/html/dcommon/gifs/contbig.gif
jdk1.8.0_231/lib/missioncontrol/plugins/com.jrockit.mc.console.ui.notification_5.5.2.174165/html/dcommon/gifs/booklist.gif
jdk1.8.0_231/lib/missioncontrol/plugins/com.jrockit.mc.console.ui.notification_5.5.2.174165/html/dcommon/gifs/indxicon.gif
jdk1.8.0_231/lib/missioncontrol/plugins/com.jrockit.mc.console.ui.notification_5.5.2.174165/html/dcommon/gifs/leftnav.gif
jdk1.8.0_231/lib/missioncontrol/plugins/com.jrockit.mc.console.ui.notification_5.5.2.174165/html/dcommon/gifs/feedback.gif
jdk1.8.0_231/lib/missioncontrol/plugins/com.jrockit.mc.console.ui.notification_5.5.2.174165/html/dcommon/gifs/topnav.gif
jdk1.8.0_231/lib/missioncontrol/plugins/com.jrockit.mc.console.ui.notification_5.5.2.174165/html/dcommon/gifs/rarrow.gif
jdk1.8.0_231/lib/missioncontrol/plugins/com.jrockit.mc.console.ui.notification_5.5.2.174165/html/dcommon/gifs/index.gif
jdk1.8.0_231/lib/missioncontrol/plugins/com.jrockit.mc.console.ui.notification_5.5.2.174165/html/dcommon/gifs/conticon.gif
jdk1.8.0_231/lib/missioncontrol/plugins/com.jrockit.mc.console.ui.notification_5.5.2.174165/html/dcommon/gifs/mix.gif
jdk1.8.0_231/lib/missioncontrol/plugins/com.jrockit.mc.console.ui.notification_5.5.2.174165/html/dcommon/gifs/oracle.gif
jdk1.8.0_231/lib/missioncontrol/plugins/com.jrockit.mc.console.ui.notification_5.5.2.174165/html/dcommon/gifs/uarrow.gif
jdk1.8.0_231/lib/missioncontrol/plugins/com.jrockit.mc.console.ui.notification_5.5.2.174165/html/dcommon/gifs/prodicon.gif
jdk1.8.0_231/lib/missioncontrol/plugins/com.jrockit.mc.console.ui.notification_5.5.2.174165/html/dcommon/gifs/larrow.gif
jdk1.8.0_231/lib/missioncontrol/plugins/com.jrockit.mc.console.ui.notification_5.5.2.174165/html/dcommon/gifs/help.gif
jdk1.8.0_231/lib/missioncontrol/plugins/com.jrockit.mc.console.ui.notification_5.5.2.174165/html/dcommon/gifs/bookbig.gif
jdk1.8.0_231/lib/missioncontrol/plugins/com.jrockit.mc.console.ui.notification_5.5.2.174165/html/dcommon/gifs/bookicon.gif
jdk1.8.0_231/lib/missioncontrol/plugins/com.jrockit.mc.console.ui.notification_5.5.2.174165/html/dcommon/gifs/masterix.gif
jdk1.8.0_231/lib/missioncontrol/plugins/com.jrockit.mc.console.ui.notification_5.5.2.174165/html/dcommon/gifs/toc.gif
jdk1.8.0_231/lib/missioncontrol/plugins/com.jrockit.mc.console.ui.notification_5.5.2.174165/html/dcommon/gifs/rightnav.gif
jdk1.8.0_231/lib/missioncontrol/plugins/com.jrockit.mc.console.ui.notification_5.5.2.174165/html/dcommon/gifs/feedbck2.gif
jdk1.8.0_231/lib/missioncontrol/plugins/com.jrockit.mc.console.ui.notification_5.5.2.174165/html/preface.htm
jdk1.8.0_231/lib/missioncontrol/plugins/com.jrockit.mc.console.ui.notification_5.5.2.174165/html/olh.htm
jdk1.8.0_231/lib/missioncontrol/plugins/com.jrockit.mc.console.ui.notification_5.5.2.174165/html/olh001.htm
jdk1.8.0_231/lib/missioncontrol/plugins/com.jrockit.mc.console.ui.notification_5.5.2.174165/html/title.htm
jdk1.8.0_231/lib/missioncontrol/plugins/com.jrockit.mc.console.ui.notification_5.5.2.174165/icons/
jdk1.8.0_231/lib/missioncontrol/plugins/com.jrockit.mc.console.ui.notification_5.5.2.174165/icons/file_obj.gif
jdk1.8.0_231/lib/missioncontrol/plugins/com.jrockit.mc.console.ui.notification_5.5.2.174165/icons/alert_obj.png
jdk1.8.0_231/lib/missioncontrol/plugins/com.jrockit.mc.console.ui.notification_5.5.2.174165/icons/new-trigger-wiz.gif
jdk1.8.0_231/lib/missioncontrol/plugins/com.jrockit.mc.console.ui.notification_5.5.2.174165/icons/flight_recorder.png
jdk1.8.0_231/lib/missioncontrol/plugins/com.jrockit.mc.greychart.ui_5.5.2.174165.jar
jdk1.8.0_231/lib/missioncontrol/.eclipseproduct
jdk1.8.0_231/lib/missioncontrol/mc.jar
jdk1.8.0_231/lib/missioncontrol/artifacts.xml
jdk1.8.0_231/lib/missioncontrol/icon.xpm
jdk1.8.0_231/lib/missioncontrol/dropins/
jdk1.8.0_231/lib/missioncontrol/dropins/README.TXT
jdk1.8.0_231/lib/missioncontrol/THIRDPARTYLICENSEREADME.txt
jdk1.8.0_231/lib/missioncontrol/p2/
jdk1.8.0_231/lib/missioncontrol/p2/org.eclipse.equinox.p2.engine/
jdk1.8.0_231/lib/missioncontrol/p2/org.eclipse.equinox.p2.engine/.settings/
jdk1.8.0_231/lib/missioncontrol/p2/org.eclipse.equinox.p2.engine/.settings/org.eclipse.equinox.p2.artifact.repository.prefs
jdk1.8.0_231/lib/missioncontrol/p2/org.eclipse.equinox.p2.engine/.settings/org.eclipse.equinox.p2.metadata.repository.prefs
jdk1.8.0_231/lib/missioncontrol/p2/org.eclipse.equinox.p2.engine/profileRegistry/
jdk1.8.0_231/lib/missioncontrol/p2/org.eclipse.equinox.p2.engine/profileRegistry/JMC.profile/
jdk1.8.0_231/lib/missioncontrol/p2/org.eclipse.equinox.p2.engine/profileRegistry/JMC.profile/1512678749009.profile.gz
jdk1.8.0_231/lib/missioncontrol/p2/org.eclipse.equinox.p2.engine/profileRegistry/JMC.profile/1512678748591.profile.gz
jdk1.8.0_231/lib/missioncontrol/p2/org.eclipse.equinox.p2.engine/profileRegistry/JMC.profile/1512678763613.profile.gz
jdk1.8.0_231/lib/missioncontrol/p2/org.eclipse.equinox.p2.engine/profileRegistry/JMC.profile/.lock
jdk1.8.0_231/lib/missioncontrol/p2/org.eclipse.equinox.p2.engine/profileRegistry/JMC.profile/1512678761228.profile.gz
jdk1.8.0_231/lib/missioncontrol/p2/org.eclipse.equinox.p2.engine/profileRegistry/JMC.profile/.data/
jdk1.8.0_231/lib/missioncontrol/p2/org.eclipse.equinox.p2.core/
jdk1.8.0_231/lib/missioncontrol/p2/org.eclipse.equinox.p2.core/cache/
jdk1.8.0_231/lib/missioncontrol/p2/org.eclipse.equinox.p2.core/cache/binary/
jdk1.8.0_231/lib/missioncontrol/p2/org.eclipse.equinox.p2.core/cache/binary/com.oracle.jmc.executable.gtk.linux.x86_64_5.5.2
jdk1.8.0_231/lib/missioncontrol/p2/org.eclipse.equinox.p2.core/cache/binary/org.eclipse.rcp_root_4.4.0.v20141007-2301
jdk1.8.0_231/lib/missioncontrol/p2/org.eclipse.equinox.p2.core/cache/binary/com.jrockit.mc.rcp.product_root_5.5.2.174165
jdk1.8.0_231/lib/missioncontrol/p2/org.eclipse.equinox.p2.core/cache/artifacts.xml
jdk1.8.0_231/lib/missioncontrol/configuration/
jdk1.8.0_231/lib/missioncontrol/configuration/config.ini
jdk1.8.0_231/lib/missioncontrol/configuration/org.eclipse.equinox.simpleconfigurator/
jdk1.8.0_231/lib/missioncontrol/configuration/org.eclipse.equinox.simpleconfigurator/bundles.info
jdk1.8.0_231/lib/missioncontrol/configuration/org.eclipse.update/
jdk1.8.0_231/lib/missioncontrol/configuration/org.eclipse.update/platform.xml
jdk1.8.0_231/src.zip
jdk1.8.0_231/bin/
jdk1.8.0_231/bin/java
jdk1.8.0_231/bin/rmic
jdk1.8.0_231/bin/idlj
jdk1.8.0_231/bin/jvisualvm
jdk1.8.0_231/bin/unpack200
jdk1.8.0_231/bin/javah
jdk1.8.0_231/bin/keytool
jdk1.8.0_231/bin/pack200
jdk1.8.0_231/bin/jps
jdk1.8.0_231/bin/javac
jdk1.8.0_231/bin/javadoc
jdk1.8.0_231/bin/jjs
jdk1.8.0_231/bin/javafxpackager
jdk1.8.0_231/bin/servertool
jdk1.8.0_231/bin/jarsigner
jdk1.8.0_231/bin/jrunscript
jdk1.8.0_231/bin/serialver
jdk1.8.0_231/bin/jcontrol
jdk1.8.0_231/bin/wsgen
jdk1.8.0_231/bin/orbd
jdk1.8.0_231/bin/appletviewer
jdk1.8.0_231/bin/jcmd
jdk1.8.0_231/bin/jconsole
jdk1.8.0_231/bin/javap
jdk1.8.0_231/bin/rmid
jdk1.8.0_231/bin/jdb
jdk1.8.0_231/bin/rmiregistry
jdk1.8.0_231/bin/jstat
jdk1.8.0_231/bin/ControlPanel
jdk1.8.0_231/bin/extcheck
jdk1.8.0_231/bin/tnameserv
jdk1.8.0_231/bin/javapackager
jdk1.8.0_231/bin/jmap
jdk1.8.0_231/bin/javaws
jdk1.8.0_231/bin/jstack
jdk1.8.0_231/bin/jsadebugd
jdk1.8.0_231/bin/schemagen
jdk1.8.0_231/bin/jdeps
jdk1.8.0_231/bin/xjc
jdk1.8.0_231/bin/wsimport
jdk1.8.0_231/bin/jmc
jdk1.8.0_231/bin/policytool
jdk1.8.0_231/bin/java-rmi.cgi
jdk1.8.0_231/bin/jhat
jdk1.8.0_231/bin/jar
jdk1.8.0_231/bin/jstatd
jdk1.8.0_231/bin/native2ascii
jdk1.8.0_231/bin/jmc.ini
jdk1.8.0_231/bin/jinfo
jdk1.8.0_231/jre/
jdk1.8.0_231/jre/Welcome.html
jdk1.8.0_231/jre/lib/
jdk1.8.0_231/jre/lib/psfontj2d.properties
jdk1.8.0_231/jre/lib/plugin.jar
jdk1.8.0_231/jre/lib/deploy.jar
jdk1.8.0_231/jre/lib/net.properties
jdk1.8.0_231/jre/lib/currency.data
jdk1.8.0_231/jre/lib/logging.properties
jdk1.8.0_231/jre/lib/charsets.jar
jdk1.8.0_231/jre/lib/rt.jar
jdk1.8.0_231/jre/lib/fontconfig.Turbo.bfc
jdk1.8.0_231/jre/lib/desktop/
jdk1.8.0_231/jre/lib/desktop/applications/
jdk1.8.0_231/jre/lib/desktop/applications/sun_java.desktop
jdk1.8.0_231/jre/lib/desktop/applications/sun-java.desktop
jdk1.8.0_231/jre/lib/desktop/applications/sun-javaws.desktop
jdk1.8.0_231/jre/lib/desktop/mime/
jdk1.8.0_231/jre/lib/desktop/mime/packages/
jdk1.8.0_231/jre/lib/desktop/mime/packages/x-java-jnlp-file.xml
jdk1.8.0_231/jre/lib/desktop/mime/packages/x-java-archive.xml
jdk1.8.0_231/jre/lib/desktop/icons/
jdk1.8.0_231/jre/lib/desktop/icons/HighContrast/
jdk1.8.0_231/jre/lib/desktop/icons/HighContrast/48x48/
jdk1.8.0_231/jre/lib/desktop/icons/HighContrast/48x48/apps/
jdk1.8.0_231/jre/lib/desktop/icons/HighContrast/48x48/apps/sun-javaws.png
jdk1.8.0_231/jre/lib/desktop/icons/HighContrast/48x48/apps/sun-java.png
jdk1.8.0_231/jre/lib/desktop/icons/HighContrast/48x48/apps/sun-jcontrol.png
jdk1.8.0_231/jre/lib/desktop/icons/HighContrast/48x48/mimetypes/
jdk1.8.0_231/jre/lib/desktop/icons/HighContrast/48x48/mimetypes/gnome-mime-text-x-java.png
jdk1.8.0_231/jre/lib/desktop/icons/HighContrast/48x48/mimetypes/gnome-mime-application-x-java-jnlp-file.png
jdk1.8.0_231/jre/lib/desktop/icons/HighContrast/48x48/mimetypes/gnome-mime-application-x-java-archive.png
jdk1.8.0_231/jre/lib/desktop/icons/HighContrast/16x16/
jdk1.8.0_231/jre/lib/desktop/icons/HighContrast/16x16/apps/
jdk1.8.0_231/jre/lib/desktop/icons/HighContrast/16x16/apps/sun-javaws.png
jdk1.8.0_231/jre/lib/desktop/icons/HighContrast/16x16/apps/sun-java.png
jdk1.8.0_231/jre/lib/desktop/icons/HighContrast/16x16/apps/sun-jcontrol.png
jdk1.8.0_231/jre/lib/desktop/icons/HighContrast/16x16/mimetypes/
jdk1.8.0_231/jre/lib/desktop/icons/HighContrast/16x16/mimetypes/gnome-mime-text-x-java.png
jdk1.8.0_231/jre/lib/desktop/icons/HighContrast/16x16/mimetypes/gnome-mime-application-x-java-jnlp-file.png
jdk1.8.0_231/jre/lib/desktop/icons/HighContrast/16x16/mimetypes/gnome-mime-application-x-java-archive.png
jdk1.8.0_231/jre/lib/desktop/icons/HighContrastInverse/
jdk1.8.0_231/jre/lib/desktop/icons/HighContrastInverse/48x48/
jdk1.8.0_231/jre/lib/desktop/icons/HighContrastInverse/48x48/apps/
jdk1.8.0_231/jre/lib/desktop/icons/HighContrastInverse/48x48/apps/sun-javaws.png
jdk1.8.0_231/jre/lib/desktop/icons/HighContrastInverse/48x48/apps/sun-java.png
jdk1.8.0_231/jre/lib/desktop/icons/HighContrastInverse/48x48/apps/sun-jcontrol.png
jdk1.8.0_231/jre/lib/desktop/icons/HighContrastInverse/48x48/mimetypes/
jdk1.8.0_231/jre/lib/desktop/icons/HighContrastInverse/48x48/mimetypes/gnome-mime-text-x-java.png
jdk1.8.0_231/jre/lib/desktop/icons/HighContrastInverse/48x48/mimetypes/gnome-mime-application-x-java-jnlp-file.png
jdk1.8.0_231/jre/lib/desktop/icons/HighContrastInverse/48x48/mimetypes/gnome-mime-application-x-java-archive.png
jdk1.8.0_231/jre/lib/desktop/icons/HighContrastInverse/16x16/
jdk1.8.0_231/jre/lib/desktop/icons/HighContrastInverse/16x16/apps/
jdk1.8.0_231/jre/lib/desktop/icons/HighContrastInverse/16x16/apps/sun-javaws.png
jdk1.8.0_231/jre/lib/desktop/icons/HighContrastInverse/16x16/apps/sun-java.png
jdk1.8.0_231/jre/lib/desktop/icons/HighContrastInverse/16x16/apps/sun-jcontrol.png
jdk1.8.0_231/jre/lib/desktop/icons/HighContrastInverse/16x16/mimetypes/
jdk1.8.0_231/jre/lib/desktop/icons/HighContrastInverse/16x16/mimetypes/gnome-mime-text-x-java.png
jdk1.8.0_231/jre/lib/desktop/icons/HighContrastInverse/16x16/mimetypes/gnome-mime-application-x-java-jnlp-file.png
jdk1.8.0_231/jre/lib/desktop/icons/HighContrastInverse/16x16/mimetypes/gnome-mime-application-x-java-archive.png
jdk1.8.0_231/jre/lib/desktop/icons/hicolor/
jdk1.8.0_231/jre/lib/desktop/icons/hicolor/48x48/
jdk1.8.0_231/jre/lib/desktop/icons/hicolor/48x48/apps/
jdk1.8.0_231/jre/lib/desktop/icons/hicolor/48x48/apps/sun-javaws.png
jdk1.8.0_231/jre/lib/desktop/icons/hicolor/48x48/apps/sun-java.png
jdk1.8.0_231/jre/lib/desktop/icons/hicolor/48x48/apps/sun-jcontrol.png
jdk1.8.0_231/jre/lib/desktop/icons/hicolor/48x48/mimetypes/
jdk1.8.0_231/jre/lib/desktop/icons/hicolor/48x48/mimetypes/gnome-mime-text-x-java.png
jdk1.8.0_231/jre/lib/desktop/icons/hicolor/48x48/mimetypes/gnome-mime-application-x-java-jnlp-file.png
jdk1.8.0_231/jre/lib/desktop/icons/hicolor/48x48/mimetypes/gnome-mime-application-x-java-archive.png
jdk1.8.0_231/jre/lib/desktop/icons/hicolor/16x16/
jdk1.8.0_231/jre/lib/desktop/icons/hicolor/16x16/apps/
jdk1.8.0_231/jre/lib/desktop/icons/hicolor/16x16/apps/sun-javaws.png
jdk1.8.0_231/jre/lib/desktop/icons/hicolor/16x16/apps/sun-java.png
jdk1.8.0_231/jre/lib/desktop/icons/hicolor/16x16/apps/sun-jcontrol.png
jdk1.8.0_231/jre/lib/desktop/icons/hicolor/16x16/mimetypes/
jdk1.8.0_231/jre/lib/desktop/icons/hicolor/16x16/mimetypes/gnome-mime-text-x-java.png
jdk1.8.0_231/jre/lib/desktop/icons/hicolor/16x16/mimetypes/gnome-mime-application-x-java-jnlp-file.png
jdk1.8.0_231/jre/lib/desktop/icons/hicolor/16x16/mimetypes/gnome-mime-application-x-java-archive.png
jdk1.8.0_231/jre/lib/desktop/icons/LowContrast/
jdk1.8.0_231/jre/lib/desktop/icons/LowContrast/48x48/
jdk1.8.0_231/jre/lib/desktop/icons/LowContrast/48x48/apps/
jdk1.8.0_231/jre/lib/desktop/icons/LowContrast/48x48/apps/sun-javaws.png
jdk1.8.0_231/jre/lib/desktop/icons/LowContrast/48x48/apps/sun-java.png
jdk1.8.0_231/jre/lib/desktop/icons/LowContrast/48x48/apps/sun-jcontrol.png
jdk1.8.0_231/jre/lib/desktop/icons/LowContrast/48x48/mimetypes/
jdk1.8.0_231/jre/lib/desktop/icons/LowContrast/48x48/mimetypes/gnome-mime-text-x-java.png
jdk1.8.0_231/jre/lib/desktop/icons/LowContrast/48x48/mimetypes/gnome-mime-application-x-java-jnlp-file.png
jdk1.8.0_231/jre/lib/desktop/icons/LowContrast/48x48/mimetypes/gnome-mime-application-x-java-archive.png
jdk1.8.0_231/jre/lib/desktop/icons/LowContrast/16x16/
jdk1.8.0_231/jre/lib/desktop/icons/LowContrast/16x16/apps/
jdk1.8.0_231/jre/lib/desktop/icons/LowContrast/16x16/apps/sun-javaws.png
jdk1.8.0_231/jre/lib/desktop/icons/LowContrast/16x16/apps/sun-java.png
jdk1.8.0_231/jre/lib/desktop/icons/LowContrast/16x16/apps/sun-jcontrol.png
jdk1.8.0_231/jre/lib/desktop/icons/LowContrast/16x16/mimetypes/
jdk1.8.0_231/jre/lib/desktop/icons/LowContrast/16x16/mimetypes/gnome-mime-text-x-java.png
jdk1.8.0_231/jre/lib/desktop/icons/LowContrast/16x16/mimetypes/gnome-mime-application-x-java-jnlp-file.png
jdk1.8.0_231/jre/lib/desktop/icons/LowContrast/16x16/mimetypes/gnome-mime-application-x-java-archive.png
jdk1.8.0_231/jre/lib/jexec
jdk1.8.0_231/jre/lib/sound.properties
jdk1.8.0_231/jre/lib/jce.jar
jdk1.8.0_231/jre/lib/oblique-fonts/
jdk1.8.0_231/jre/lib/oblique-fonts/LucidaTypewriterOblique.ttf
jdk1.8.0_231/jre/lib/oblique-fonts/LucidaSansDemiOblique.ttf
jdk1.8.0_231/jre/lib/oblique-fonts/fonts.dir
jdk1.8.0_231/jre/lib/oblique-fonts/LucidaTypewriterBoldOblique.ttf
jdk1.8.0_231/jre/lib/oblique-fonts/LucidaSansOblique.ttf
jdk1.8.0_231/jre/lib/hijrah-config-umalqura.properties
jdk1.8.0_231/jre/lib/deploy/
jdk1.8.0_231/jre/lib/deploy/messages_ja.properties
jdk1.8.0_231/jre/lib/deploy/messages_de.properties
jdk1.8.0_231/jre/lib/deploy/messages_es.properties
jdk1.8.0_231/jre/lib/deploy/splash_11@2x-lic.gif
jdk1.8.0_231/jre/lib/deploy/messages_zh_CN.properties
jdk1.8.0_231/jre/lib/deploy/messages_pt_BR.properties
jdk1.8.0_231/jre/lib/deploy/messages_zh_HK.properties
jdk1.8.0_231/jre/lib/deploy/MixedCodeMainDialogJs.ui
jdk1.8.0_231/jre/lib/deploy/MixedCodeMainDialog.ui
jdk1.8.0_231/jre/lib/deploy/messages_zh_TW.properties
jdk1.8.0_231/jre/lib/deploy/splash_11-lic.gif
jdk1.8.0_231/jre/lib/deploy/messages_sv.properties
jdk1.8.0_231/jre/lib/deploy/cautionshield.icns
jdk1.8.0_231/jre/lib/deploy/messages.properties
jdk1.8.0_231/jre/lib/deploy/splash@2x.gif
jdk1.8.0_231/jre/lib/deploy/messages_fr.properties
jdk1.8.0_231/jre/lib/deploy/ffjcext.zip
jdk1.8.0_231/jre/lib/deploy/java-icon.ico
jdk1.8.0_231/jre/lib/deploy/messages_it.properties
jdk1.8.0_231/jre/lib/deploy/splash.gif
jdk1.8.0_231/jre/lib/deploy/mixcode_s.png
jdk1.8.0_231/jre/lib/deploy/messages_ko.properties
jdk1.8.0_231/jre/lib/content-types.properties
jdk1.8.0_231/jre/lib/resources.jar
jdk1.8.0_231/jre/lib/jfr/
jdk1.8.0_231/jre/lib/jfr/default.jfc
jdk1.8.0_231/jre/lib/jfr/profile.jfc
jdk1.8.0_231/jre/lib/javaws.jar
jdk1.8.0_231/jre/lib/images/
jdk1.8.0_231/jre/lib/images/cursors/
jdk1.8.0_231/jre/lib/images/cursors/motif_LinkDrop32x32.gif
jdk1.8.0_231/jre/lib/images/cursors/motif_MoveNoDrop32x32.gif
jdk1.8.0_231/jre/lib/images/cursors/motif_LinkNoDrop32x32.gif
jdk1.8.0_231/jre/lib/images/cursors/cursors.properties
jdk1.8.0_231/jre/lib/images/cursors/motif_MoveDrop32x32.gif
jdk1.8.0_231/jre/lib/images/cursors/motif_CopyDrop32x32.gif
jdk1.8.0_231/jre/lib/images/cursors/invalid32x32.gif
jdk1.8.0_231/jre/lib/images/cursors/motif_CopyNoDrop32x32.gif
jdk1.8.0_231/jre/lib/images/icons/
jdk1.8.0_231/jre/lib/images/icons/sun-java_HighContrast.png
jdk1.8.0_231/jre/lib/images/icons/sun-java_LowContrast.png
jdk1.8.0_231/jre/lib/images/icons/sun-java_HighContrastInverse.png
jdk1.8.0_231/jre/lib/images/icons/sun-java.png
jdk1.8.0_231/jre/lib/classlist
jdk1.8.0_231/jre/lib/applet/
jdk1.8.0_231/jre/lib/locale/
jdk1.8.0_231/jre/lib/locale/sv/
jdk1.8.0_231/jre/lib/locale/sv/LC_MESSAGES/
jdk1.8.0_231/jre/lib/locale/sv/LC_MESSAGES/sunw_java_plugin.mo
jdk1.8.0_231/jre/lib/locale/ja/
jdk1.8.0_231/jre/lib/locale/ja/LC_MESSAGES/
jdk1.8.0_231/jre/lib/locale/ja/LC_MESSAGES/sunw_java_plugin.mo
jdk1.8.0_231/jre/lib/locale/zh_TW.BIG5/
jdk1.8.0_231/jre/lib/locale/zh_TW.BIG5/LC_MESSAGES/
jdk1.8.0_231/jre/lib/locale/zh_TW.BIG5/LC_MESSAGES/sunw_java_plugin.mo
jdk1.8.0_231/jre/lib/locale/zh_TW/
jdk1.8.0_231/jre/lib/locale/zh_TW/LC_MESSAGES/
jdk1.8.0_231/jre/lib/locale/zh_TW/LC_MESSAGES/sunw_java_plugin.mo
jdk1.8.0_231/jre/lib/locale/ko/
jdk1.8.0_231/jre/lib/locale/ko/LC_MESSAGES/
jdk1.8.0_231/jre/lib/locale/ko/LC_MESSAGES/sunw_java_plugin.mo
jdk1.8.0_231/jre/lib/locale/es/
jdk1.8.0_231/jre/lib/locale/es/LC_MESSAGES/
jdk1.8.0_231/jre/lib/locale/es/LC_MESSAGES/sunw_java_plugin.mo
jdk1.8.0_231/jre/lib/locale/zh/
jdk1.8.0_231/jre/lib/locale/zh/LC_MESSAGES/
jdk1.8.0_231/jre/lib/locale/zh/LC_MESSAGES/sunw_java_plugin.mo
jdk1.8.0_231/jre/lib/locale/it/
jdk1.8.0_231/jre/lib/locale/it/LC_MESSAGES/
jdk1.8.0_231/jre/lib/locale/it/LC_MESSAGES/sunw_java_plugin.mo
jdk1.8.0_231/jre/lib/locale/zh.GBK/
jdk1.8.0_231/jre/lib/locale/zh.GBK/LC_MESSAGES/
jdk1.8.0_231/jre/lib/locale/zh.GBK/LC_MESSAGES/sunw_java_plugin.mo
jdk1.8.0_231/jre/lib/locale/fr/
jdk1.8.0_231/jre/lib/locale/fr/LC_MESSAGES/
jdk1.8.0_231/jre/lib/locale/fr/LC_MESSAGES/sunw_java_plugin.mo
jdk1.8.0_231/jre/lib/locale/de/
jdk1.8.0_231/jre/lib/locale/de/LC_MESSAGES/
jdk1.8.0_231/jre/lib/locale/de/LC_MESSAGES/sunw_java_plugin.mo
jdk1.8.0_231/jre/lib/locale/pt_BR/
jdk1.8.0_231/jre/lib/locale/pt_BR/LC_MESSAGES/
jdk1.8.0_231/jre/lib/locale/pt_BR/LC_MESSAGES/sunw_java_plugin.mo
jdk1.8.0_231/jre/lib/locale/zh_HK.BIG5HK/
jdk1.8.0_231/jre/lib/locale/zh_HK.BIG5HK/LC_MESSAGES/
jdk1.8.0_231/jre/lib/locale/zh_HK.BIG5HK/LC_MESSAGES/sunw_java_plugin.mo
jdk1.8.0_231/jre/lib/locale/ko.UTF-8/
jdk1.8.0_231/jre/lib/locale/ko.UTF-8/LC_MESSAGES/
jdk1.8.0_231/jre/lib/locale/ko.UTF-8/LC_MESSAGES/sunw_java_plugin.mo
jdk1.8.0_231/jre/lib/jfr.jar
jdk1.8.0_231/jre/lib/management/
jdk1.8.0_231/jre/lib/management/jmxremote.access
jdk1.8.0_231/jre/lib/management/snmp.acl.template
jdk1.8.0_231/jre/lib/management/jmxremote.password.template
jdk1.8.0_231/jre/lib/management/management.properties
jdk1.8.0_231/jre/lib/ext/
jdk1.8.0_231/jre/lib/ext/jaccess.jar
jdk1.8.0_231/jre/lib/ext/localedata.jar
jdk1.8.0_231/jre/lib/ext/sunec.jar
jdk1.8.0_231/jre/lib/ext/nashorn.jar
jdk1.8.0_231/jre/lib/ext/zipfs.jar
jdk1.8.0_231/jre/lib/ext/sunjce_provider.jar
jdk1.8.0_231/jre/lib/ext/meta-index
jdk1.8.0_231/jre/lib/ext/dnsns.jar
jdk1.8.0_231/jre/lib/ext/jfxrt.jar
jdk1.8.0_231/jre/lib/ext/cldrdata.jar
jdk1.8.0_231/jre/lib/ext/sunpkcs11.jar
jdk1.8.0_231/jre/lib/fontconfig.SuSE.11.properties.src
jdk1.8.0_231/jre/lib/jvm.hprof.txt
jdk1.8.0_231/jre/lib/tzdb.dat
jdk1.8.0_231/jre/lib/fontconfig.RedHat.5.bfc
jdk1.8.0_231/jre/lib/jsse.jar
jdk1.8.0_231/jre/lib/meta-index
jdk1.8.0_231/jre/lib/fontconfig.SuSE.10.properties.src
jdk1.8.0_231/jre/lib/fontconfig.Turbo.properties.src
jdk1.8.0_231/jre/lib/flavormap.properties
jdk1.8.0_231/jre/lib/jfxswt.jar
jdk1.8.0_231/jre/lib/psfont.properties.ja
jdk1.8.0_231/jre/lib/fontconfig.RedHat.6.bfc
jdk1.8.0_231/jre/lib/security/
jdk1.8.0_231/jre/lib/security/cacerts
jdk1.8.0_231/jre/lib/security/javaws.policy
jdk1.8.0_231/jre/lib/security/blacklist
jdk1.8.0_231/jre/lib/security/trusted.libraries
jdk1.8.0_231/jre/lib/security/blacklisted.certs
jdk1.8.0_231/jre/lib/security/java.security
jdk1.8.0_231/jre/lib/security/policy/
jdk1.8.0_231/jre/lib/security/policy/unlimited/
jdk1.8.0_231/jre/lib/security/policy/unlimited/local_policy.jar
jdk1.8.0_231/jre/lib/security/policy/unlimited/US_export_policy.jar
jdk1.8.0_231/jre/lib/security/policy/limited/
jdk1.8.0_231/jre/lib/security/policy/limited/local_policy.jar
jdk1.8.0_231/jre/lib/security/policy/limited/US_export_policy.jar
jdk1.8.0_231/jre/lib/security/java.policy
jdk1.8.0_231/jre/lib/fonts/
jdk1.8.0_231/jre/lib/fonts/LucidaBrightItalic.ttf
jdk1.8.0_231/jre/lib/fonts/fonts.dir
jdk1.8.0_231/jre/lib/fonts/LucidaBrightDemiItalic.ttf
jdk1.8.0_231/jre/lib/fonts/LucidaTypewriterBold.ttf
jdk1.8.0_231/jre/lib/fonts/LucidaBrightRegular.ttf
jdk1.8.0_231/jre/lib/fonts/LucidaSansDemiBold.ttf
jdk1.8.0_231/jre/lib/fonts/LucidaSansRegular.ttf
jdk1.8.0_231/jre/lib/fonts/LucidaTypewriterRegular.ttf
jdk1.8.0_231/jre/lib/fonts/LucidaBrightDemiBold.ttf
jdk1.8.0_231/jre/lib/fontconfig.RedHat.5.properties.src
jdk1.8.0_231/jre/lib/calendars.properties
jdk1.8.0_231/jre/lib/fontconfig.SuSE.10.bfc
jdk1.8.0_231/jre/lib/management-agent.jar
jdk1.8.0_231/jre/lib/fontconfig.SuSE.11.bfc
jdk1.8.0_231/jre/lib/amd64/
jdk1.8.0_231/jre/lib/amd64/libglassgtk2.so
jdk1.8.0_231/jre/lib/amd64/libjfxwebkit.so
jdk1.8.0_231/jre/lib/amd64/libdeploy.so
jdk1.8.0_231/jre/lib/amd64/libnet.so
jdk1.8.0_231/jre/lib/amd64/libmanagement.so
jdk1.8.0_231/jre/lib/amd64/libsplashscreen.so
jdk1.8.0_231/jre/lib/amd64/libhprof.so
jdk1.8.0_231/jre/lib/amd64/libavplugin-55.so
jdk1.8.0_231/jre/lib/amd64/libverify.so
jdk1.8.0_231/jre/lib/amd64/libawt.so
jdk1.8.0_231/jre/lib/amd64/libsunec.so
jdk1.8.0_231/jre/lib/amd64/jvm.cfg
jdk1.8.0_231/jre/lib/amd64/libjdwp.so
jdk1.8.0_231/jre/lib/amd64/libavplugin-54.so
jdk1.8.0_231/jre/lib/amd64/libdt_socket.so
jdk1.8.0_231/jre/lib/amd64/libattach.so
jdk1.8.0_231/jre/lib/amd64/libt2k.so
jdk1.8.0_231/jre/lib/amd64/libjava.so
jdk1.8.0_231/jre/lib/amd64/libavplugin-ffmpeg-57.so
jdk1.8.0_231/jre/lib/amd64/libavplugin-53.so
jdk1.8.0_231/jre/lib/amd64/libnpjp2.so
jdk1.8.0_231/jre/lib/amd64/libmlib_image.so
jdk1.8.0_231/jre/lib/amd64/server/
jdk1.8.0_231/jre/lib/amd64/server/libjsig.so
jdk1.8.0_231/jre/lib/amd64/server/libjvm.so
jdk1.8.0_231/jre/lib/amd64/server/Xusage.txt
jdk1.8.0_231/jre/lib/amd64/libzip.so
jdk1.8.0_231/jre/lib/amd64/libawt_xawt.so
jdk1.8.0_231/jre/lib/amd64/libinstrument.so
jdk1.8.0_231/jre/lib/amd64/libj2pkcs11.so
jdk1.8.0_231/jre/lib/amd64/libavplugin-ffmpeg-56.so
jdk1.8.0_231/jre/lib/amd64/libavplugin-57.so
jdk1.8.0_231/jre/lib/amd64/libjavafx_iio.so
jdk1.8.0_231/jre/lib/amd64/libjaas_unix.so
jdk1.8.0_231/jre/lib/amd64/libjsound.so
jdk1.8.0_231/jre/lib/amd64/libjfxmedia.so
jdk1.8.0_231/jre/lib/amd64/libjavafx_font_pango.so
jdk1.8.0_231/jre/lib/amd64/libgstreamer-lite.so
jdk1.8.0_231/jre/lib/amd64/libjavafx_font.so
jdk1.8.0_231/jre/lib/amd64/libnpt.so
jdk1.8.0_231/jre/lib/amd64/libprism_es2.so
jdk1.8.0_231/jre/lib/amd64/libdecora_sse.so
jdk1.8.0_231/jre/lib/amd64/libjsig.so
jdk1.8.0_231/jre/lib/amd64/libjsoundalsa.so
jdk1.8.0_231/jre/lib/amd64/libjfr.so
jdk1.8.0_231/jre/lib/amd64/libprism_sw.so
jdk1.8.0_231/jre/lib/amd64/libsaproc.so
jdk1.8.0_231/jre/lib/amd64/libglib-lite.so
jdk1.8.0_231/jre/lib/amd64/libdcpr.so
jdk1.8.0_231/jre/lib/amd64/libawt_headless.so
jdk1.8.0_231/jre/lib/amd64/libavplugin-56.so
jdk1.8.0_231/jre/lib/amd64/libjsdt.so
jdk1.8.0_231/jre/lib/amd64/libglass.so
jdk1.8.0_231/jre/lib/amd64/libbci.so
jdk1.8.0_231/jre/lib/amd64/libfxplugins.so
jdk1.8.0_231/jre/lib/amd64/libresource.so
jdk1.8.0_231/jre/lib/amd64/libfontmanager.so
jdk1.8.0_231/jre/lib/amd64/libjavafx_font_freetype.so
jdk1.8.0_231/jre/lib/amd64/libprism_common.so
jdk1.8.0_231/jre/lib/amd64/jli/
jdk1.8.0_231/jre/lib/amd64/jli/libjli.so
jdk1.8.0_231/jre/lib/amd64/libavplugin-ffmpeg-58.so
jdk1.8.0_231/jre/lib/amd64/libjpeg.so
jdk1.8.0_231/jre/lib/amd64/libjawt.so
jdk1.8.0_231/jre/lib/amd64/libnio.so
jdk1.8.0_231/jre/lib/amd64/libsctp.so
jdk1.8.0_231/jre/lib/amd64/liblcms.so
jdk1.8.0_231/jre/lib/amd64/libj2gss.so
jdk1.8.0_231/jre/lib/amd64/libj2pcsc.so
jdk1.8.0_231/jre/lib/amd64/libunpack.so
jdk1.8.0_231/jre/lib/amd64/libjava_crw_demo.so
jdk1.8.0_231/jre/lib/amd64/libglassgtk3.so
jdk1.8.0_231/jre/lib/javafx.properties
jdk1.8.0_231/jre/lib/fontconfig.properties.src
jdk1.8.0_231/jre/lib/cmm/
jdk1.8.0_231/jre/lib/cmm/LINEAR_RGB.pf
jdk1.8.0_231/jre/lib/cmm/CIEXYZ.pf
jdk1.8.0_231/jre/lib/cmm/GRAY.pf
jdk1.8.0_231/jre/lib/cmm/PYCC.pf
jdk1.8.0_231/jre/lib/cmm/sRGB.pf
jdk1.8.0_231/jre/lib/fontconfig.RedHat.6.properties.src
jdk1.8.0_231/jre/lib/fontconfig.bfc
jdk1.8.0_231/jre/bin/
jdk1.8.0_231/jre/bin/java
jdk1.8.0_231/jre/bin/unpack200
jdk1.8.0_231/jre/bin/keytool
jdk1.8.0_231/jre/bin/pack200
jdk1.8.0_231/jre/bin/jjs
jdk1.8.0_231/jre/bin/servertool
jdk1.8.0_231/jre/bin/jcontrol
jdk1.8.0_231/jre/bin/orbd
jdk1.8.0_231/jre/bin/rmid
jdk1.8.0_231/jre/bin/rmiregistry
jdk1.8.0_231/jre/bin/ControlPanel
jdk1.8.0_231/jre/bin/tnameserv
jdk1.8.0_231/jre/bin/javaws
jdk1.8.0_231/jre/bin/policytool
jdk1.8.0_231/jre/THIRDPARTYLICENSEREADME-JAVAFX.txt
jdk1.8.0_231/jre/README
jdk1.8.0_231/jre/LICENSE
jdk1.8.0_231/jre/plugin/
jdk1.8.0_231/jre/plugin/desktop/
jdk1.8.0_231/jre/plugin/desktop/sun_java.desktop
jdk1.8.0_231/jre/plugin/desktop/sun_java.png
jdk1.8.0_231/jre/THIRDPARTYLICENSEREADME.txt
jdk1.8.0_231/jre/COPYRIGHT
jdk1.8.0_231/include/
jdk1.8.0_231/include/classfile_constants.h
jdk1.8.0_231/include/jni.h
jdk1.8.0_231/include/linux/
jdk1.8.0_231/include/linux/jni_md.h
jdk1.8.0_231/include/linux/jawt_md.h
jdk1.8.0_231/include/jvmti.h
jdk1.8.0_231/include/jvmticmlr.h
jdk1.8.0_231/include/jdwpTransport.h
jdk1.8.0_231/include/jawt.h
jdk1.8.0_231/release
jdk1.8.0_231/THIRDPARTYLICENSEREADME-JAVAFX.txt
jdk1.8.0_231/README.html
jdk1.8.0_231/javafx-src.zip
jdk1.8.0_231/LICENSE
jdk1.8.0_231/man/
jdk1.8.0_231/man/ja
jdk1.8.0_231/man/ja_JP.UTF-8/
jdk1.8.0_231/man/ja_JP.UTF-8/man1/
jdk1.8.0_231/man/ja_JP.UTF-8/man1/wsgen.1
jdk1.8.0_231/man/ja_JP.UTF-8/man1/jps.1
jdk1.8.0_231/man/ja_JP.UTF-8/man1/javap.1
jdk1.8.0_231/man/ja_JP.UTF-8/man1/jvisualvm.1
jdk1.8.0_231/man/ja_JP.UTF-8/man1/jdeps.1
jdk1.8.0_231/man/ja_JP.UTF-8/man1/native2ascii.1
jdk1.8.0_231/man/ja_JP.UTF-8/man1/rmiregistry.1
jdk1.8.0_231/man/ja_JP.UTF-8/man1/wsimport.1
jdk1.8.0_231/man/ja_JP.UTF-8/man1/jar.1
jdk1.8.0_231/man/ja_JP.UTF-8/man1/jjs.1
jdk1.8.0_231/man/ja_JP.UTF-8/man1/servertool.1
jdk1.8.0_231/man/ja_JP.UTF-8/man1/unpack200.1
jdk1.8.0_231/man/ja_JP.UTF-8/man1/idlj.1
jdk1.8.0_231/man/ja_JP.UTF-8/man1/rmic.1
jdk1.8.0_231/man/ja_JP.UTF-8/man1/javah.1
jdk1.8.0_231/man/ja_JP.UTF-8/man1/rmid.1
jdk1.8.0_231/man/ja_JP.UTF-8/man1/jsadebugd.1
jdk1.8.0_231/man/ja_JP.UTF-8/man1/serialver.1
jdk1.8.0_231/man/ja_JP.UTF-8/man1/jdb.1
jdk1.8.0_231/man/ja_JP.UTF-8/man1/jinfo.1
jdk1.8.0_231/man/ja_JP.UTF-8/man1/jconsole.1
jdk1.8.0_231/man/ja_JP.UTF-8/man1/javapackager.1
jdk1.8.0_231/man/ja_JP.UTF-8/man1/orbd.1
jdk1.8.0_231/man/ja_JP.UTF-8/man1/jstack.1
jdk1.8.0_231/man/ja_JP.UTF-8/man1/policytool.1
jdk1.8.0_231/man/ja_JP.UTF-8/man1/jstat.1
jdk1.8.0_231/man/ja_JP.UTF-8/man1/tnameserv.1
jdk1.8.0_231/man/ja_JP.UTF-8/man1/javaws.1
jdk1.8.0_231/man/ja_JP.UTF-8/man1/jrunscript.1
jdk1.8.0_231/man/ja_JP.UTF-8/man1/javac.1
jdk1.8.0_231/man/ja_JP.UTF-8/man1/schemagen.1
jdk1.8.0_231/man/ja_JP.UTF-8/man1/jhat.1
jdk1.8.0_231/man/ja_JP.UTF-8/man1/java.1
jdk1.8.0_231/man/ja_JP.UTF-8/man1/jcmd.1
jdk1.8.0_231/man/ja_JP.UTF-8/man1/xjc.1
jdk1.8.0_231/man/ja_JP.UTF-8/man1/jarsigner.1
jdk1.8.0_231/man/ja_JP.UTF-8/man1/jmc.1
jdk1.8.0_231/man/ja_JP.UTF-8/man1/appletviewer.1
jdk1.8.0_231/man/ja_JP.UTF-8/man1/javafxpackager.1
jdk1.8.0_231/man/ja_JP.UTF-8/man1/pack200.1
jdk1.8.0_231/man/ja_JP.UTF-8/man1/keytool.1
jdk1.8.0_231/man/ja_JP.UTF-8/man1/extcheck.1
jdk1.8.0_231/man/ja_JP.UTF-8/man1/jmap.1
jdk1.8.0_231/man/ja_JP.UTF-8/man1/jstatd.1
jdk1.8.0_231/man/ja_JP.UTF-8/man1/javadoc.1
jdk1.8.0_231/man/man1/
jdk1.8.0_231/man/man1/wsgen.1
jdk1.8.0_231/man/man1/jps.1
jdk1.8.0_231/man/man1/javap.1
jdk1.8.0_231/man/man1/jvisualvm.1
jdk1.8.0_231/man/man1/jdeps.1
jdk1.8.0_231/man/man1/native2ascii.1
jdk1.8.0_231/man/man1/rmiregistry.1
jdk1.8.0_231/man/man1/wsimport.1
jdk1.8.0_231/man/man1/jar.1
jdk1.8.0_231/man/man1/jjs.1
jdk1.8.0_231/man/man1/servertool.1
jdk1.8.0_231/man/man1/unpack200.1
jdk1.8.0_231/man/man1/idlj.1
jdk1.8.0_231/man/man1/rmic.1
jdk1.8.0_231/man/man1/javah.1
jdk1.8.0_231/man/man1/rmid.1
jdk1.8.0_231/man/man1/jsadebugd.1
jdk1.8.0_231/man/man1/serialver.1
jdk1.8.0_231/man/man1/jdb.1
jdk1.8.0_231/man/man1/jinfo.1
jdk1.8.0_231/man/man1/jconsole.1
jdk1.8.0_231/man/man1/javapackager.1
jdk1.8.0_231/man/man1/orbd.1
jdk1.8.0_231/man/man1/jstack.1
jdk1.8.0_231/man/man1/policytool.1
jdk1.8.0_231/man/man1/jstat.1
jdk1.8.0_231/man/man1/tnameserv.1
jdk1.8.0_231/man/man1/javaws.1
jdk1.8.0_231/man/man1/jrunscript.1
jdk1.8.0_231/man/man1/javac.1
jdk1.8.0_231/man/man1/schemagen.1
jdk1.8.0_231/man/man1/jhat.1
jdk1.8.0_231/man/man1/java.1
jdk1.8.0_231/man/man1/jcmd.1
jdk1.8.0_231/man/man1/xjc.1
jdk1.8.0_231/man/man1/jarsigner.1
jdk1.8.0_231/man/man1/jmc.1
jdk1.8.0_231/man/man1/appletviewer.1
jdk1.8.0_231/man/man1/javafxpackager.1
jdk1.8.0_231/man/man1/pack200.1
jdk1.8.0_231/man/man1/keytool.1
jdk1.8.0_231/man/man1/extcheck.1
jdk1.8.0_231/man/man1/jmap.1
jdk1.8.0_231/man/man1/jstatd.1
jdk1.8.0_231/man/man1/javadoc.1
jdk1.8.0_231/THIRDPARTYLICENSEREADME.txt
jdk1.8.0_231/COPYRIGHT
[root@localhost opt]# ll
total 208384
-rw-r--r--. 1 root root   9506321 Feb 10 10:45 <font color="#EF2929">apache-maven-3.6.3-bin.tar.gz</font>
-rw-r--r--. 1 root root   9722154 Feb 10 10:45 <font color="#EF2929">apache-tomcat-8.5.45.tar.gz</font>
drwxr-xr-x. 7   10  143       245 Oct  5 15:43 <font color="#005FFF">jdk1.8.0_231</font>
-rw-r--r--. 1 root root 194151339 Feb 10 10:51 <font color="#EF2929">jdk-8u231-linux-x64.tar.gz</font>
drwxr-xr-x. 6 root root        99 Feb 10 10:54 <font color="#005FFF">Maven</font>
drwxr-xr-x. 2 root root         6 Oct 31  2018 <font color="#005FFF">rh</font>
drwxr-xr-x. 9 root root       220 Feb 10 10:55 <font color="#005FFF">Tomcat</font>
[root@localhost opt]# history
    1  sudo yum -y update
    2  kill -9 11452
    3  sudo yum -y update
    4  yum update -y
    5  LEAR
    6  clear
    7  init 0
    8  yum update -y
    9  init 0
   10  yum update -y
   11  kill -9 10878
   12  yum update -y
   13  init 0
   14  who am i
   15  git --version
   16  yum remove git -y
   17  git --version
   18  hash -r
   19  git --version 
   20  yum install curl-devel expat-devel gettext-devel openssl-devel zlib-devel
   21  git --version
   22  yum install curl-devel expat-devel gettext-devel openssl-devel ziplib-devel
   23  you install gcc perl-ExtUtils-MakeMaker
   24  git --version
   25  yum install curl-devel expat-devel gettext-devel openssl-devel zlib-devel
   26  you install gcc perl-ExtUtils-MakeMaker
   27  yum install gcc perl-ExtUtils-MakeMaker
   28  cd/usr/src
   29  cd/usr/src/
   30  cd /usr/
   31  ll
   32  cd /src/
   33  cd src
   34  wget https://www.kernel.org/pub/software/scm/git/git-2.25.0.tar.gz
   35  tar xvf git-2.25.0.tar.gz
   36  cd git-2.25.0/
   37  make prefix=/usr/local/git all
   38  make prefix=/usr/local/git install
   39  export PATH=$PATH:/usr/local/git/bin
   40  git --version
   41  vim ~/.bashr
   42  vim ~/.bashrc
   43  source ~/.bashrc
   44  git --version
   45  yum remove git -y
   46  hash -r
   47  git --version
   48  init 0
   49  su root
   50  pwd
   51  ll /
   52  cd /var/
   53  cr /r
   54  pwd
   55  cd /root/
   56  pwd
   57  clear
   58  pwd
   59  ll root
   60  ll
   61  ls
   62  git --version
   63  rpm -qi git
   64  yum install git -y
   65  su root
   66  git --version
   67  init 0
   68  pwd
   69  cd /root/Desktop/
   70  pwd
   71  ls
   72  ll
   73  git clone https://github.com/prashanth172/javaproject1.git
   74  ls
   75  ll
   76  git clone https://github.com/prashanth172/javaproject1.git
   77  ls
   78  ll
   79  cd javaproject1/
   80  git status
   81  ll
   82  git branch
   83  git branch practice
   84  git branch
   85  cat&gt;feb4
   86  cat feb4 
   87  git status
   88  git branch
   89  git status
   90  git branch
   91  git checkout practice
   92  git branch
   93  ll
   94  git status
   95  git add .
   96  git status
   97  git commit -m &quot;New File Commit&quot;
   98  git status
   99  ll
  100  git checkout mas
  101  git checkout master
  102  ll
  103  git branch
  104  git branch practice
  105  ll
  106  git checkout practice
  107  ll
  108  cat&gt;&gt;feb4
  109  git status
  110  git branch
  111  git add .
  112  git checkout master
  113  git status
  114  cat feb4
  115  git checkout master --force
  116  git branch
  117  git status
  118  ll
  119  git checkout practice
  120  git status
  121  ll
  122  cat feb4
  123  history
  124  cat &gt;1 2 3
  125  touch 1 2 3
  126  git status
  127  git commit -am &quot;add&quot;
  128  git status
  129  git add .
  130  git status
  131  git checkout master
  132  git branch
  133  git branch cproject
  134  git status
  135  git branch
  136  git status
  137  git checkout practice
  138  git branch
  139  git status
  140  git commit -m &quot;add&quot;
  141  ll
  142  git status
  143  git merge cproject
  144  git branch&apos;
  145  git branch
  146  git branch
  147  git checkout cproject
  148  git status
  149  ll
  150  touch4 5 6&apos;
  151  ll
  152  touch 4 5 6
  153  git add 4 5
  154  git status
  155  git checkout master
  156  git branch
  157  git checkout practice
  158  git status
  159  touch 7 8
  160  git status
  161  cat &gt;&gt;6
  162  git status
  163  cat&gt;&gt;8
  164  git status
  165  cat 8
  166  git add 8
  167  git status
  168  git commit -m &quot;add&quot;
  169  ls
  170  git status
  171  git branch
  172  git checkout cproject
  173  git branch
  174  ls
  175  git merge practice
  176  ll
  177  ls
  178  git branch
  179  git checkout practice
  180  git status
  181  cat &gt;&gt;9
  182  git status
  183  giit add 9
  184  git add 9
  185  git status
  186  cat &gt;&gt;9
  187  git status
  188  git brnach
  189  git branch
  190  git checkout cproject
  191  git branch
  192  git status
  193  git commit -m &apos;add&apos;
  194  ll
  195  cat &gt;&gt;9
  196  git status
  197  git branch
  198  git checkout practice
  199  git branch
  200  init 0
  201  git --version
  202  cd /root/javapraject1
  203  ll
  204  cd /desktop
  205  cd desktop
  206  cd /Desktop
  207  cd /root/Desktop
  208  cd ..
  209  ll
  210  cd /root/Desktop
  211  ll
  212  cd javaproject1/
  213  git status
  214  git add .
  215  git status
  216  git commit -m &quot;add&quot;
  217  git status
  218  git branch
  219  ll
  220  git reset @~ 1
  221  git status
  222  git reset @~
  223  git statys
  224  git status
  225  ll
  226  rm 1 2 3 4 5 6 7 8 9
  227  git status
  228  ll
  229  rm 1
  230  git status
  231  rm 2 3 4 5 6 7 8 9
  232  git status
  233  git commit -am &quot;delete&quot;
  234  ll
  235  git branch
  236  git checkout practice
  237  ll
  238  rm 1 2 3 4 5 8
  239  git status
  240  git checkout master
  241  git status
  242  ll
  243  git checkout practice
  244  git status
  245  ll
  246  rm 1 2 3 4 5 8
  247  git status
  248  git add .
  249  git status
  250  git commit -m &quot;delete&quot;
  251  ll
  252  git branch
  253  ll
  254  touch 1 2 3 4 5 6 7 8 9
  255  git status
  256  git add 1 2 3 4
  257  git status
  258  git commit -m &quot;commit&quot;
  259  ll
  260  git status
  261  cat&gt;&gt;4
  262  git status
  263  git checkout cproject
  264  git status
  265  git add 4
  266  git status
  267  git checkout cproject
  268  git commit -m &quot;modified&quot;
  269  git status
  270  git checkout cproject
  271  git branch
  272  ll
  273  git status
  274  git checkout practice
  275  ll
  276  git status
  277  git add .
  278  git status
  279  git checkout cproject
  280  ll
  281  git status
  282  git merge practice
  283  git checkout practice
  284  ll
  285  git status
  286  git commit -m &quot;commit&quot;
  287  git status
  288  git checkout cproject
  289  ll
  290  git merge practice
  291  ll
  292  ls
  293  git checkout practice
  294  ll
  295  git branch
  296  git checkout practice
  297  git statuc
  298  git status
  299  git commit -am &quot;merge&quot;
  300  git status
  301  ll
  302  git checkout practice
  303  ll
  304  git branch
  305  git push origin practice
  306  ll
  307  git checkout cproject
  308  git branch
  309  ll
  310  git status
  311  git merge practice
  312  ls
  313  cat&gt;prashanth
  314  git status
  315  git add .
  316  git status
  317  git commit -m &quot;add&quot;
  318  ll
  319  git rest prashanth 
  320  git status
  321  cat&gt;&gt;prashanth 
  322  git status
  323  git diff prashanth 
  324  cat prashanth 
  325  git show
  326  git reset --soft ~HEAD
  327  git status
  328  git commit -am &quot;modifed&quot;
  329  ll
  330  git status
  331  git reset --soft ~HEAD
  332  git status
  333  git reset --soft HEAD~
  334  git status
  335  git commit -m &quot;modified&quot;
  336  git branch
  337  ll
  338  git status
  339  git checkout practice
  340  git branch
  341  ll
  342  git merge cproject prashanth
  343  git merge cproject
  344  ll
  345  git branch
  346  git status
  347  git checkout cproject
  348  git status
  349  ls
  350  rm 4 7 9 6 8 c aaa aa b
  351  ll
  352  git log
  353  ll
  354  git log 4
  355  git branch
  356  git push origin cproject
  357  ll
  358  git push origin cproject
  359  init 0
  360  pwd
  361  ll /
  362  git status
  363  ls
  364  cd /root/desktop
  365  cd /root/Desktop
  366  cd javaproject1/
  367  git status
  368  git commit -am &quot;delete&quot;
  369  git status
  370  ll
  371  cat&gt;&gt;a
  372  git status
  373  git branch
  374  git checkout practice
  375  git branch
  376  git checkout cproject
  377  git status
  378  git commit -am &quot;delete&quot;
  379  cat&gt;&gt;a
  380  git status
  381  git checkout practice
  382  git stash list
  383  git stash
  384  git stash list
  385  git status
  386  cat&gt;files
  387  git status
  388  git stash list
  389  git stash show stashid
  390  git stashshow stashid
  391  git --help
  392  git stash show stash{0}
  393  git stash show stash@{0}
  394  git stash list
  395  git stash show stash@{0}
  396  git status
  397  git add .
  398  git status
  399  git stash
  400  git stash list
  401  git stash pop
  402  git status
  403  git stash pop
  404  git stash list
  405  git status
  406  ll
  407  cat&gt;&gt;feb4
  408  git stash
  409  git stash show
  410  git stash list
  411  git stash show stash{0}
  412  git stash show stash@{0}
  413  git status
  414  git stash pop
  415  git stash list
  416  git stash
  417  ll
  418  cat&gt;&gt;prashanth
  419  git status
  420  git stash
  421  git stash list
  422  git stash pop stash@{1}
  423  git stash list
  424  cat &gt; feb6
  425  git stash
  426  git stash list
  427  git stash drop
  428  git stash list
  429  git stash pop
  430  git stash list
  431  cd ..
  432  git init testtoday
  433  ll
  434  cd javaproject1/
  435  ll
  436  git log today
  437  git status
  438  git add .
  439  git commit -m &quot;commit&quot;
  440  git status
  441  ll
  442  git log today
  443  git log
  444  exit
  445  cat /etc/passpwd
  446  cat /etc/passwd
  447  useradd prashanth
  448  cat /etc/passwd
  449  exit
  450  cat /etc/passwd
  451  exit
  452  cd /root/desktop
  453  cd /root/Desktop
  454  cd javaproject1/
  455  ll
  456  git branch
  457  git push origin cproject
  458  history
  459  init 0
  460  cd /root/Desktop
  461  cd /root/
  462  cd /root/Desktop
  463  ll
  464  cd /root/javaproject1
  465  ll
  466  cd /root/javaproject1
  467  cd javaproject1/
  468  ll
  469  git stash show
  470  init 0
  471  ifconfig
  472  ll
  473  cd Desktop
  474  ll
  475  cp apache-maven-3.6.3-bin.tar.gz apache-tomcat-8.5.45.tar.gz /opt/
  476  cd opt
  477  cd /opt
  478  ll
  479  cp /root/Desktop/jdk-8u231-linux-x64.tar.gz /opt
  480  ll
  481  tar -xvf apache-maven-3.6.3-bin.tar.gz 
  482  ll
  483  mv apache-maven-3.6.3 Maven
  484  ll
  485  tar -xvf apache-tomcat-8.5.45.tar.gz 
  486  ll
  487  mv apache-tomcat-8.5.45 Tomcat
  488  ll
  489  tar -xvf jdk-8u231-linux-x64.tar.gz 
  490  ll
  491  history
[root@localhost opt]# 
[root@localhost opt]# pwd
/opt
[root@localhost opt]# ll
total 208384
-rw-r--r--. 1 root root   9506321 Feb 10 10:45 <font color="#EF2929">apache-maven-3.6.3-bin.tar.gz</font>
-rw-r--r--. 1 root root   9722154 Feb 10 10:45 <font color="#EF2929">apache-tomcat-8.5.45.tar.gz</font>
drwxr-xr-x. 7   10  143       245 Oct  5 15:43 <font color="#005FFF">jdk1.8.0_231</font>
-rw-r--r--. 1 root root 194151339 Feb 10 10:51 <font color="#EF2929">jdk-8u231-linux-x64.tar.gz</font>
drwxr-xr-x. 6 root root        99 Feb 10 10:54 <font color="#005FFF">Maven</font>
drwxr-xr-x. 2 root root         6 Oct 31  2018 <font color="#005FFF">rh</font>
drwxr-xr-x. 9 root root       220 Feb 10 10:55 <font color="#005FFF">Tomcat</font>
[root@localhost opt]# cd jdk1.8.0_231/
[root@localhost jdk1.8.0_231]# pwd
/opt/jdk1.8.0_231
[root@localhost jdk1.8.0_231]# cd /root/Desktop/
[root@localhost Desktop]# cd /root/opt/
bash: cd: /root/opt/: No such file or directory
[root@localhost Desktop]# cd opt
bash: cd: opt: No such file or directory
[root@localhost Desktop]# cd /opt
[root@localhost opt]# ll
total 208384
-rw-r--r--. 1 root root   9506321 Feb 10 10:45 <font color="#EF2929">apache-maven-3.6.3-bin.tar.gz</font>
-rw-r--r--. 1 root root   9722154 Feb 10 10:45 <font color="#EF2929">apache-tomcat-8.5.45.tar.gz</font>
drwxr-xr-x. 7   10  143       245 Oct  5 15:43 <font color="#005FFF">jdk1.8.0_231</font>
-rw-r--r--. 1 root root 194151339 Feb 10 10:51 <font color="#EF2929">jdk-8u231-linux-x64.tar.gz</font>
drwxr-xr-x. 6 root root        99 Feb 10 10:54 <font color="#005FFF">Maven</font>
drwxr-xr-x. 2 root root         6 Oct 31  2018 <font color="#005FFF">rh</font>
drwxr-xr-x. 9 root root       220 Feb 10 10:55 <font color="#005FFF">Tomcat</font>
[root@localhost opt]# cd jdk1.8.0_231/
[root@localhost jdk1.8.0_231]# java -version
openjdk version &quot;1.8.0_232&quot;
OpenJDK Runtime Environment (build 1.8.0_232-b09)
OpenJDK 64-Bit Server VM (build 25.232-b09, mixed mode)
[root@localhost jdk1.8.0_231]# ll
total 25984
drwxr-xr-x. 2 10 143     4096 Oct  5 15:41 <font color="#005FFF">bin</font>
-r--r--r--. 1 10 143     3244 Oct  5 15:40 COPYRIGHT
drwxr-xr-x. 3 10 143      132 Oct  5 15:40 <font color="#005FFF">include</font>
-rw-r--r--. 1 10 143  5217015 Sep 11 12:35 <font color="#EF2929">javafx-src.zip</font>
drwxr-xr-x. 5 10 143      185 Oct  5 15:41 <font color="#005FFF">jre</font>
drwxr-xr-x. 5 10 143      245 Oct  5 15:41 <font color="#005FFF">lib</font>
-r--r--r--. 1 10 143       44 Oct  5 15:40 LICENSE
drwxr-xr-x. 4 10 143       47 Oct  5 15:40 <font color="#005FFF">man</font>
-r--r--r--. 1 10 143      159 Oct  5 15:40 README.html
-rw-r--r--. 1 10 143      424 Oct  5 15:40 release
-rw-r--r--. 1 10 143 21075008 Oct  5 15:40 <font color="#EF2929">src.zip</font>
-rw-r--r--. 1 10 143   116468 Sep 11 12:35 THIRDPARTYLICENSEREADME-JAVAFX.txt
-r--r--r--. 1 10 143   170063 Oct  5 15:40 THIRDPARTYLICENSEREADME.txt
[root@localhost jdk1.8.0_231]# update-alternatives --install /usr/bin/java java /opt/jdk1.8.0_231/bin/java 100
[root@localhost jdk1.8.0_231]# update-alternatives --config java

There are 3 programs which provide &apos;java&apos;.

  Selection    Command
-----------------------------------------------
   1           java-1.7.0-openjdk.x86_64 (/usr/lib/jvm/java-1.7.0-openjdk-1.7.0.241-2.6.20.0.el7_7.x86_64/jre/bin/java)
*+ 2           java-1.8.0-openjdk.x86_64 (/usr/lib/jvm/java-1.8.0-openjdk-1.8.0.232.b09-0.el7_7.x86_64/jre/bin/java)
   3           /opt/jdk1.8.0_231/bin/java

Enter to keep the current selection[+], or type selection number: 3
[root@localhost jdk1.8.0_231]# jdk1.8.0_231
bash: jdk1.8.0_231: command not found...
[root@localhost jdk1.8.0_231]# update-alternatives --install /usr/bin/javac javac /opt/jdk1.8.0_231/bin/javac 100
[root@localhost jdk1.8.0_231]# config javac
bash: config: command not found...
[root@localhost jdk1.8.0_231]# update-alternatives --config javac

There is 1 program that provides &apos;javac&apos;.

  Selection    Command
-----------------------------------------------
*+ 1           /opt/jdk1.8.0_231/bin/javac

Enter to keep the current selection[+], or type selection number: 1
[root@localhost jdk1.8.0_231]# update-alternatives --install /usr/bin/jar jar /opt/jdk1.8.8_231/bin/jar 100
[root@localhost jdk1.8.0_231]# update-alternatives --config jar

There is 1 program that provides &apos;jar&apos;.

  Selection    Command
-----------------------------------------------
*+ 1           /opt/jdk1.8.8_231/bin/jar

Enter to keep the current selection[+], or type selection number: 1
[root@localhost jdk1.8.0_231]# export JAVA_HOME=/opt/jdk1.8.0_231/
[root@localhost jdk1.8.0_231]# vim ~/.bashrc
[root@localhost jdk1.8.0_231]# vim ~/.bashrc
[root@localhost jdk1.8.0_231]# export JRE_HOME=/opt/jdk1.8.0_231/jre
[root@localhost jdk1.8.0_231]# source ~/.bashrc
[root@localhost jdk1.8.0_231]# vim ~/.bashrc
[root@localhost jdk1.8.0_231]# java --version
Unrecognized option: --version
Error: Could not create the Java Virtual Machine.
Error: A fatal exception has occurred. Program will exit.
[root@localhost jdk1.8.0_231]# java -version
java version &quot;1.8.0_231&quot;
Java(TM) SE Runtime Environment (build 1.8.0_231-b11)
Java HotSpot(TM) 64-Bit Server VM (build 25.231-b11, mixed mode)
[root@localhost jdk1.8.0_231]# cd /root
[root@localhost ~]# pwd
/root
[root@localhost ~]# vi ~/.bashrc
[root@localhost ~]# cd opt
bash: cd: opt: No such file or directory
[root@localhost ~]# cd /opt
[root@localhost opt]# ll
total 208384
-rw-r--r--. 1 root root   9506321 Feb 10 10:45 <font color="#EF2929">apache-maven-3.6.3-bin.tar.gz</font>
-rw-r--r--. 1 root root   9722154 Feb 10 10:45 <font color="#EF2929">apache-tomcat-8.5.45.tar.gz</font>
drwxr-xr-x. 7   10  143       245 Oct  5 15:43 <font color="#005FFF">jdk1.8.0_231</font>
-rw-r--r--. 1 root root 194151339 Feb 10 10:51 <font color="#EF2929">jdk-8u231-linux-x64.tar.gz</font>
drwxr-xr-x. 6 root root        99 Feb 10 10:54 <font color="#005FFF">Maven</font>
drwxr-xr-x. 2 root root         6 Oct 31  2018 <font color="#005FFF">rh</font>
drwxr-xr-x. 9 root root       220 Feb 10 10:55 <font color="#005FFF">Tomcat</font>
[root@localhost opt]# cd Tomcat
[root@localhost Tomcat]# ll
total 124
drwxr-x---. 2 root root  4096 Feb 10 10:55 <font color="#005FFF">bin</font>
-rw-r-----. 1 root root 19534 Aug 15 03:57 BUILDING.txt
drwx------. 2 root root   238 Aug 15 03:57 <font color="#005FFF">conf</font>
-rw-r-----. 1 root root  5407 Aug 15 03:57 CONTRIBUTING.md
drwxr-x---. 2 root root  4096 Feb 10 10:55 <font color="#005FFF">lib</font>
-rw-r-----. 1 root root 57011 Aug 15 03:57 LICENSE
drwxr-x---. 2 root root     6 Aug 15 03:54 <font color="#005FFF">logs</font>
-rw-r-----. 1 root root  1726 Aug 15 03:57 NOTICE
-rw-r-----. 1 root root  3255 Aug 15 03:57 README.md
-rw-r-----. 1 root root  7139 Aug 15 03:57 RELEASE-NOTES
-rw-r-----. 1 root root 16262 Aug 15 03:57 RUNNING.txt
drwxr-x---. 2 root root    30 Feb 10 10:55 <font color="#005FFF">temp</font>
drwxr-x---. 7 root root    81 Aug 15 03:54 <font color="#005FFF">webapps</font>
drwxr-x---. 2 root root     6 Aug 15 03:54 <font color="#005FFF">work</font>
[root@localhost Tomcat]# cd bin
[root@localhost bin]# ll
total 824
-rw-r-----. 1 root root  35109 Aug 15 03:54 <font color="#EF2929">bootstrap.jar</font>
-rw-r-----. 1 root root  15900 Aug 15 03:54 catalina.bat
-rwxr-x---. 1 root root  23464 Aug 15 03:54 <font color="#00AF00">catalina.sh</font>
-rw-r-----. 1 root root   1664 Aug 15 03:57 catalina-tasks.xml
-rw-r-----. 1 root root   2123 Aug 15 03:54 ciphers.bat
-rwxr-x---. 1 root root   1997 Aug 15 03:54 <font color="#00AF00">ciphers.sh</font>
-rw-r-----. 1 root root  24938 Aug 15 03:54 <font color="#EF2929">commons-daemon.jar</font>
-rw-r-----. 1 root root 169835 Aug 15 03:54 <font color="#EF2929">commons-daemon-native.tar.gz</font>
-rw-r-----. 1 root root   2040 Aug 15 03:54 configtest.bat
-rwxr-x---. 1 root root   1922 Aug 15 03:54 <font color="#00AF00">configtest.sh</font>
-rwxr-x---. 1 root root   8513 Aug 15 03:54 <font color="#00AF00">daemon.sh</font>
-rw-r-----. 1 root root   2091 Aug 15 03:54 digest.bat
-rwxr-x---. 1 root root   1965 Aug 15 03:54 <font color="#00AF00">digest.sh</font>
-rw-r-----. 1 root root   3460 Aug 15 03:54 setclasspath.bat
-rwxr-x---. 1 root root   3708 Aug 15 03:54 <font color="#00AF00">setclasspath.sh</font>
-rw-r-----. 1 root root   2020 Aug 15 03:54 shutdown.bat
-rwxr-x---. 1 root root   1902 Aug 15 03:54 <font color="#00AF00">shutdown.sh</font>
-rw-r-----. 1 root root   2022 Aug 15 03:54 startup.bat
-rwxr-x---. 1 root root   1904 Aug 15 03:54 <font color="#00AF00">startup.sh</font>
-rw-r-----. 1 root root  49935 Aug 15 03:54 <font color="#EF2929">tomcat-juli.jar</font>
-rw-r-----. 1 root root 419428 Aug 15 03:54 <font color="#EF2929">tomcat-native.tar.gz</font>
-rw-r-----. 1 root root   4574 Aug 15 03:54 tool-wrapper.bat
-rwxr-x---. 1 root root   5515 Aug 15 03:54 <font color="#00AF00">tool-wrapper.sh</font>
-rw-r-----. 1 root root   2026 Aug 15 03:54 version.bat
-rwxr-x---. 1 root root   1908 Aug 15 03:54 <font color="#00AF00">version.sh</font>
[root@localhost bin]# cd .


[root@localhost bin]# 
[root@localhost bin]# 
[root@localhost bin]# cd ..
[root@localhost Tomcat]# ll
total 124
drwxr-x---. 2 root root  4096 Feb 10 10:55 <font color="#005FFF">bin</font>
-rw-r-----. 1 root root 19534 Aug 15 03:57 BUILDING.txt
drwx------. 2 root root   238 Aug 15 03:57 <font color="#005FFF">conf</font>
-rw-r-----. 1 root root  5407 Aug 15 03:57 CONTRIBUTING.md
drwxr-x---. 2 root root  4096 Feb 10 10:55 <font color="#005FFF">lib</font>
-rw-r-----. 1 root root 57011 Aug 15 03:57 LICENSE
drwxr-x---. 2 root root     6 Aug 15 03:54 <font color="#005FFF">logs</font>
-rw-r-----. 1 root root  1726 Aug 15 03:57 NOTICE
-rw-r-----. 1 root root  3255 Aug 15 03:57 README.md
-rw-r-----. 1 root root  7139 Aug 15 03:57 RELEASE-NOTES
-rw-r-----. 1 root root 16262 Aug 15 03:57 RUNNING.txt
drwxr-x---. 2 root root    30 Feb 10 10:55 <font color="#005FFF">temp</font>
drwxr-x---. 7 root root    81 Aug 15 03:54 <font color="#005FFF">webapps</font>
drwxr-x---. 2 root root     6 Aug 15 03:54 <font color="#005FFF">work</font>
[root@localhost Tomcat]# cp /root/Desktop/jenkins.war /opt/Tomcat/webapps/
[root@localhost Tomcat]# ll
total 124
drwxr-x---. 2 root root  4096 Feb 10 10:55 <font color="#005FFF">bin</font>
-rw-r-----. 1 root root 19534 Aug 15 03:57 BUILDING.txt
drwx------. 2 root root   238 Aug 15 03:57 <font color="#005FFF">conf</font>
-rw-r-----. 1 root root  5407 Aug 15 03:57 CONTRIBUTING.md
drwxr-x---. 2 root root  4096 Feb 10 10:55 <font color="#005FFF">lib</font>
-rw-r-----. 1 root root 57011 Aug 15 03:57 LICENSE
drwxr-x---. 2 root root     6 Aug 15 03:54 <font color="#005FFF">logs</font>
-rw-r-----. 1 root root  1726 Aug 15 03:57 NOTICE
-rw-r-----. 1 root root  3255 Aug 15 03:57 README.md
-rw-r-----. 1 root root  7139 Aug 15 03:57 RELEASE-NOTES
-rw-r-----. 1 root root 16262 Aug 15 03:57 RUNNING.txt
drwxr-x---. 2 root root    30 Feb 10 10:55 <font color="#005FFF">temp</font>
drwxr-x---. 7 root root   100 Feb 10 12:09 <font color="#005FFF">webapps</font>
drwxr-x---. 2 root root     6 Aug 15 03:54 <font color="#005FFF">work</font>
[root@localhost Tomcat]# cd webapps/
[root@localhost webapps]# ll
total 61952
drwxr-x---. 14 root root     4096 Feb 10 10:55 <font color="#005FFF">docs</font>
drwxr-x---.  6 root root       83 Feb 10 10:55 <font color="#005FFF">examples</font>
drwxr-x---.  5 root root       87 Feb 10 10:55 <font color="#005FFF">host-manager</font>
-rw-r--r--.  1 root root 63433755 Feb 10 12:09 <font color="#EF2929">jenkins.war</font>
drwxr-x---.  5 root root      103 Feb 10 10:55 <font color="#005FFF">manager</font>
drwxr-x---.  3 root root      283 Feb 10 10:55 <font color="#005FFF">ROOT</font>
[root@localhost webapps]# mvn --version
bash: mvn: command not found...
[root@localhost webapps]# cd ..
[root@localhost Tomcat]# ll
total 124
drwxr-x---. 2 root root  4096 Feb 10 10:55 <font color="#005FFF">bin</font>
-rw-r-----. 1 root root 19534 Aug 15 03:57 BUILDING.txt
drwx------. 2 root root   238 Aug 15 03:57 <font color="#005FFF">conf</font>
-rw-r-----. 1 root root  5407 Aug 15 03:57 CONTRIBUTING.md
drwxr-x---. 2 root root  4096 Feb 10 10:55 <font color="#005FFF">lib</font>
-rw-r-----. 1 root root 57011 Aug 15 03:57 LICENSE
drwxr-x---. 2 root root     6 Aug 15 03:54 <font color="#005FFF">logs</font>
-rw-r-----. 1 root root  1726 Aug 15 03:57 NOTICE
-rw-r-----. 1 root root  3255 Aug 15 03:57 README.md
-rw-r-----. 1 root root  7139 Aug 15 03:57 RELEASE-NOTES
-rw-r-----. 1 root root 16262 Aug 15 03:57 RUNNING.txt
drwxr-x---. 2 root root    30 Feb 10 10:55 <font color="#005FFF">temp</font>
drwxr-x---. 7 root root   100 Feb 10 12:09 <font color="#005FFF">webapps</font>
drwxr-x---. 2 root root     6 Aug 15 03:54 <font color="#005FFF">work</font>
[root@localhost Tomcat]# </pre>
